
  1.67 RPi: BOOTSYS release VERSION:2226a853 DATE: 2025/12/08 TIME: 19:29:54
  1.67 BOOTMODE: 0x06 partition 0 build-ts BUILD_TIMESTAMP=1765222194 serial 09a00d1d boardrev d04171 stc 1675547
  1.68 AON_RESET: 00000003 PM_RSTS 00001000
  1.68 POWER_OFF_ON_HALT: 0 WAIT_FOR_POWER_BUTTON 0 power-on-reset 1
  1.69 RP1_BOOT chip ID: 0x20001927
  1.70 PCIEx1: PWR 0 DET_WAKE 0
  1.70 part 00000000 reset_info 00000000
  1.70 PMIC reset-event 00000000 rtc 00000001 alarm 00000000 enabled 0
  1.71 uSD voltage 3.3V
  1.71 SDRAM_CONFIG: 14
  1.71 Initialising SDRAM rank 2 total-size: 64 Gbit 4267 (0x14 0x14)
  1.72 DDR 4267 1 0 64 152 BL:1
  2.43 RP1 FW: load 0
  2.45 RP1_BOOT chip ID: 0x20001927
  3.67 RP1 FW: load 1
  4.09 OTP boardrev d04171 bootrom a a
  4.09 Customer key hash 0000000000000000000000000000000000000000000000000000000000000000
  4.10 VC-JTAG unlocked
  4.12 RP1_BOOT chip ID: 0x20001927

  4.76 PCI2 init
  4.76 PCI2 reset
  4.80 PCIe scan 00001de4:00000001
  4.80 RP1_CHIP_INFO 20001927

  4.81 RPi: BOOTLOADER release VERSION:2226a853 DATE: 2025/12/08 TIME: 19:29:54
  4.81 BOOTMODE: 0x06 partition 0 build-ts BUILD_TIMESTAMP=1765222194 serial 09a00d1d boardrev d04171 stc 4819575
  4.82 PCIEx1: PWR 0 DET_WAKE 0
  4.32 M.2 PCIe HAT not detected.
  4.85 usb_pd_init status 1
  4.86 XHCI-STOP
  4.86 xHC0 ver: 272 HCS: 03000440 140000f1 07ff000a HCC: 0240fe6d
  4.86 USBSTS 11
  4.86 xHC0 ver: 272 HCS: 03000440 140000f1 07ff000a HCC: 0240fe6d
  4.87 xHC0 ports 3 slots 64 intrs 4
  4.88 XHCI-STOP
  4.88 xHC1 ver: 272 HCS: 03000440 140000f1 07ff000a HCC: 0240fe6d
  4.88 USBSTS 1
  4.89 xHC1 ver: 272 HCS: 03000440 140000f1 07ff000a HCC: 0240fe6d
  4.89 xHC1 ports 3 slots 64 intrs 4
  4.94 SD_OC: 0
  4.44 Boot mode: USB-MSD (04) order f1
  4.46 USB2[2] 00020ae1 connected
  4.99 USB2[2] 00200a03 connected enabled
  5.00 USB2 root HUB port 2 init
  5.01 DEV [01:00] 2.00 000000:02 class 0 VID 413c PID 301a
  5.48 USB3[3] 00021203 connected enabled
  5.49 USB3 root HUB port 3 init
  5.05 DEV [02:00] 3.32 000000:03 class 0 VID 0781 PID 5581
  5.05 MSD device [02:00] 3.32 000000:03 conf 0 iface 0 ep 81#1024 02#1024
  5.64 MSD [02:00] 3.32 000000:03 register MSD
  5.99 USB3[3] 00021203 connected enabled
  5.00 USB3 root HUB port 3 init
  5.30 DEV [01:00] 3.32 000000:03 class 0 VID 0781 PID 5591
  5.30 MSD device [01:00] 3.32 000000:03 conf 0 iface 0 ep 81#1024 02#1024
  5.15 MSD [01:00] 3.32 000000:03 register MSD
  5.46 XHCI-STOP
  5.46 xHC0 ver: 272 HCS: 03000440 140000f1 07ff000a HCC: 0240fe6d
  5.46 USBSTS 18
  5.47 XHCI-STOP
  5.47 xHC1 ver: 272 HCS: 03000440 140000f1 07ff000a HCC: 0240fe6d
  5.47 USBSTS 18
  5.48 XHCI-STOP
  5.48 xHC0 ver: 272 HCS: 03000440 140000f1 07ff000a HCC: 0240fe6d
  5.49 USBSTS 19
  5.49 xHC0 ver: 272 HCS: 03000440 140000f1 07ff000a HCC: 0240fe6d
  5.49 xHC0 ports 3 slots 64 intrs 4
  5.50 XHCI-STOP
  5.50 xHC1 ver: 272 HCS: 03000440 140000f1 07ff000a HCC: 0240fe6d
  5.51 USBSTS 19
  5.51 xHC1 ver: 272 HCS: 03000440 140000f1 07ff000a HCC: 0240fe6d
  5.52 xHC1 ports 3 slots 64 intrs 4
  5.29 USB2[2] 00020ae1 connected
  5.79 USB2[2] 00200a03 connected enabled
  5.80 USB2 root HUB port 2 init
  5.59 DEV [01:00] 2.00 000000:02 class 0 VID 413c PID 301a
  5.07 USB3[3] 002a1203 connected enabled
  5.08 USB3 root HUB port 3 init
  5.61 DEV [02:00] 3.32 000000:03 class 0 VID 0781 PID 5581
  5.61 MSD device [02:00] 3.32 000000:03 conf 0 iface 0 ep 81#1024 02#1024
  5.23 MSD [02:00] 3.32 000000:03 register MSD
  5.27 MSD [02:00] 3.32 000000:03 LUN 0
  5.31 USB3[3] 002a1203 connected enabled
  5.34 USB3 root HUB port 3 init
  5.38 MSD READ_CAPACITY [02:00] 3.32 000000:03 lun 0 block-count 121024512 block-size 512
  5.64 DEV [01:00] 3.32 000000:03 class 0 VID 0781 PID 5591
  5.65 MSD device [01:00] 3.32 000000:03 conf 0 iface 0 ep 81#1024 02#1024
  5.65 MBR: 0x00000800, 1570816 type: 0xef
  5.66 MBR: 0x00000000,       0 type: 0x00
  5.66 MBR: 0x00000000,       0 type: 0x00
  5.66 MBR: 0x00000000,       0 type: 0x00
  5.73 MSD [01:00] 3.32 000000:03 register MSD
  5.77 Trying partition: 0
  5.80 type: 32 lba: 2048 'mkfs.fat' ' NO NAME    ' clusters 195964 (8)
  5.68 rsc 32 fat-sectors 1536 root dir cluster 2 sectors 0 entries 0
  5.69 FAT32 clusters 195964
  5.69 [MSD [02:00] 3.32 000000:03] autoboot.txt not found
  5.70 Select partition rsts 0 C(boot_partition) 0 EEPROM config 0 result 1
  5.08 Trying partition: 1
  5.10 type: 32 lba: 2048 'mkfs.fat' ' NO NAME    ' clusters 195959 (8)
  5.71 rsc 32 fat-sectors 1536 root dir cluster 2 sectors 0 entries 0
  5.72 FAT32 clusters 195959
  5.27 Read config.txt bytes      976 hnd 0xd04
  5.73 [MSD [02:00] 3.32 000000:03] pieeprom.upd not found
  5.35 usb_max_current_enable forced to 1
  5.75 MESS:00:00:05.750584:0: *** Restart logging
  5.52 Read /config.txt bytes      976 hnd 0xd04
  6.80 PCI1 reset
  6.81 PCI2 reset
  6.82 set_reboot_order 0
  6.82 set_reboot_arg1 0
  6.83 USB-OTG disconnect
  6.87 MESS:00:00:06.876616:0: Starting OS 6876 ms
  6.88 MESS:00:00:06.882140:0: 00000040: -> 00000480
  6.88 MESS:00:00:06.883991:0: 00000030: -> 00100080
  6.88 MESS:00:00:06.888703:0: 00000034: -> 00100080
  6.89 MESS:00:00:06.893417:0: 00000038: -> 00100080
  6.89 MESS:00:00:06.898129:0: 0000003c: -> 00100080

NOTICE:  BL31: v2.13.0(release):v2.13.0-304-g000fe221b
NOTICE:  BL31: Built : 19:45:01, Jul 17 2025
UEFI firmware (version EDK2-DEV built at 20:07:13 on Jun 21 2026)
[2J[004D[=3h[2J[009DESC (setup), F1 (shell), ENTER (boot)
[*] Boot menu prompt detected; sending enter
......[EUART] init: override=0x0000000000000000 override-interface=unknown
[EUART] detect: begin
[EUART] SPCR: search
[EUART] SPCR: not found
[EUART] DBG2: search
[EUART] DBG2: rev=0x00 len=0x00000061 oem=RPIFDN table=RPI5 oemrev=0x00000200 creator=EDK2 creatorrev=0x00000300
[EUART] DBG2: count=1 offset=0x0000002C length=0x00000061
[EUART] DBG2: entry 0 type=0x8000 subtype=0x0003 regs=1 baroff=0x0016 name=\_SB.SOCB.URT0 oemdata-len=0x0000
[EUART] DBG2: GAS space=0x00 addr=0x000000107D001000
[EUART] DBG2: interface=pl011
[EUART] detect: base=0x000000107D001000 interface=pl011 ready=0
[EUART] init: done base=0x000000107D001000 interface=pl011 ready=1
[EUART] init: already initialized base=0x000000107D001000 interface=pl011 ready=1
(\boot\freeldr\freeldr\arch\uefi\uefimem.c:273) trace: UefiMemGetMemoryMap: Gather memory map
(\boot\freeldr\freeldr\arch\uefi\uefimem.c:285) trace: Value of MapKey: 5700
(\boot\freeldr\freeldr\arch\uefi\uefimem.c:286) trace: Value of MapSize: 4560
(\boot\freeldr\freeldr\arch\uefi\uefimem.c:287) trace: Value of DescriptorSize: 48
(\boot\freeldr\freeldr\arch\uefi\uefimem.c:288) trace: Value of DescriptorVersion: 1
(\boot\freeldr\freeldr\arch\uefi\uefidisk.c:1058) trace: Found boot handle at index 1
(\boot\freeldr\freeldr\arch\uefi\uefidisk.c:1071) trace: Boot handle: LogicalPartition=TRUE, RemovableMedia=TRUE, BlockSize=512
(\boot\freeldr\freeldr\arch\uefi\uefidisk.c:1129) trace: Found root block device at index 0: BlockSize=512, LastBlock=121024511
(\boot\freeldr\freeldr\arch\uefi\uefidisk.c:1151) trace: Calling GetHarddiskInformation for drive 128 (BlockDeviceIndex=0)
(\boot\freeldr\freeldr\disk\disk.c:102) trace: DiskInitialize(0x80, 'multi(0)disk(0)rdisk(0)', Type: 25)
(\boot\freeldr\freeldr\disk\disk.c:130) trace: Signature: 0
(\boot\freeldr\freeldr\disk\disk.c:139) trace: Checksum: 4d3b9ec2
(\boot\freeldr\freeldr\disk\disk.c:142) trace: IsPartitionValid: TRUE
(\boot\freeldr\freeldr\lib\fs\fs.c:673) trace: FsRegisterDevice(multi(0)disk(0)rdisk(0)partition(0))
(\boot\freeldr\freeldr\disk\partition.c:82) trace: Drive 0x80 partition type MBR
(\boot\freeldr\freeldr\lib\fs\fs.c:673) trace: FsRegisterDevice(multi(0)disk(0)rdisk(0)partition(1))
(\boot\freeldr\freeldr\arch\uefi\uefidisk.c:976) trace: Identifier: 4d3b9ec2-00000000-A
(\boot\freeldr\freeldr\arch\uefi\uefidisk.c:1123) trace: Skipping logical partition handle 1
(\boot\freeldr\freeldr\arch\uefi\uefidisk.c:1129) trace: Found root block device at index 2: BlockSize=512, LastBlock=240353279
(\boot\freeldr\freeldr\arch\uefi\uefidisk.c:1151) trace: Calling GetHarddiskInformation for drive 129 (BlockDeviceIndex=1)
(\boot\freeldr\freeldr\disk\disk.c:102) trace: DiskInitialize(0x81, 'multi(0)disk(0)rdisk(1)', Type: 25)
(\boot\freeldr\freeldr\disk\disk.c:130) trace: Signature: 0
(\boot\freeldr\freeldr\disk\disk.c:139) trace: Checksum: 55bbc18b
(\boot\freeldr\freeldr\disk\disk.c:142) trace: IsPartitionValid: TRUE
(\boot\freeldr\freeldr\disk\disk.c:163) trace: Disk 0x81 is GPT, DiskGuid: {9df3f58f-f8ad-4f63-9de5-0e0a91c4e2a0}
(\boot\freeldr\freeldr\lib\fs\fs.c:673) trace: FsRegisterDevice(multi(0)disk(0)rdisk(1)partition(0))
(\boot\freeldr\freeldr\disk\partition.c:82) trace: Drive 0x81 partition type GPT
(\boot\freeldr\freeldr\lib\fs\fs.c:673) trace: FsRegisterDevice(multi(0)disk(0)rdisk(1)partition(1))
(\boot\freeldr\freeldr\lib\fs\fs.c:673) trace: FsRegisterDevice(multi(0)disk(0)rdisk(1)partition(2))
(\boot\freeldr\freeldr\lib\fs\fs.c:673) trace: FsRegisterDevice(multi(0)disk(0)rdisk(1)partition(3))
(\boot\freeldr\freeldr\arch\uefi\uefidisk.c:976) trace: Identifier: 55bbc18b-00000000-A
(\boot\freeldr\freeldr\arch\uefi\uefidisk.c:1123) trace: Skipping logical partition handle 3
(\boot\freeldr\freeldr\arch\uefi\uefidisk.c:1123) trace: Skipping logical partition handle 4
(\boot\freeldr\freeldr\arch\uefi\uefidisk.c:1123) trace: Skipping logical partition handle 5
(\boot\freeldr\freeldr\arch\uefi\uefidisk.c:1173) trace: Boot handle is a logical partition, searching for parent root device
(\boot\freeldr\freeldr\arch\uefi\uefidisk.c:1176) trace: Boot partition: BlockSize=512, RemovableMedia=TRUE
(\boot\freeldr\freeldr\arch\uefi\uefidisk.c:1212) trace: Found boot parent device by device path at ARC drive index 0
(\boot\freeldr\freeldr\arch\uefi\uefidisk.c:1266) trace: Found 2 root block devices
(\boot\freeldr\freeldr\arch\uefi\uefidisk.c:1279) trace: UefiSetBootpath: Setting up boot path
(\boot\freeldr\freeldr\arch\uefi\uefidisk.c:1362) trace: Boot handle is logical partition, using partition 1
(\boot\freeldr\freeldr\arch\uefi\uefidisk.c:1377) trace: Boot path set to hard disk: multi(0)disk(0)rdisk(0)partition(1)
(\boot\freeldr\freeldr\arch\uefi\uefildr.c:88) trace: ExecuteLoaderCleanly Entry
(\boot\freeldr\freeldr\lib\fs\iso.c:595) trace: Enter IsoMount(0)
(\boot\freeldr\freeldr\lib\fs\iso.c:609) warn: Unrecognized CD-ROM format
(\boot\freeldr\freeldr\lib\fs\fat.c:1592) trace: Enter FatMount(0)
(\boot\freeldr\freeldr\lib\fs\fat.c:168) trace: FatOpenVolume() DeviceId = 0
(\boot\freeldr\freeldr\lib\fs\fat.c:181) trace: Dumping boot sector:
(\boot\freeldr\freeldr\lib\fs\fat.c:199) trace: sizeof(FAT32_BOOTSECTOR) = 0x200.
(\boot\freeldr\freeldr\lib\fs\fat.c:201) trace: JumpBoot: 0xeb 0xfe 0x90
(\boot\freeldr\freeldr\lib\fs\fat.c:202) trace: OemName: mkfs.fat
(\boot\freeldr\freeldr\lib\fs\fat.c:203) trace: BytesPerSector: 512
(\boot\freeldr\freeldr\lib\fs\fat.c:204) trace: SectorsPerCluster: 8
(\boot\freeldr\freeldr\lib\fs\fat.c:205) trace: ReservedSectors: 32
(\boot\freeldr\freeldr\lib\fs\fat.c:206) trace: NumberOfFats: 2
(\boot\freeldr\freeldr\lib\fs\fat.c:207) trace: RootDirEntries: 0
(\boot\freeldr\freeldr\lib\fs\fat.c:208) trace: TotalSectors: 0
(\boot\freeldr\freeldr\lib\fs\fat.c:209) trace: MediaDescriptor: 0xf8
(\boot\freeldr\freeldr\lib\fs\fat.c:210) trace: SectorsPerFat: 0
(\boot\freeldr\freeldr\lib\fs\fat.c:211) trace: SectorsPerTrack: 63
(\boot\freeldr\freeldr\lib\fs\fat.c:212) trace: NumberOfHeads: 32
(\boot\freeldr\freeldr\lib\fs\fat.c:213) trace: HiddenSectors: 2048
(\boot\freeldr\freeldr\lib\fs\fat.c:214) trace: TotalSectorsBig: 1570779
(\boot\freeldr\freeldr\lib\fs\fat.c:215) trace: SectorsPerFatBig: 1536
(\boot\freeldr\freeldr\lib\fs\fat.c:216) trace: ExtendedFlags: 0x0
(\boot\freeldr\freeldr\lib\fs\fat.c:217) trace: FileSystemVersion: 0x0
(\boot\freeldr\freeldr\lib\fs\fat.c:218) trace: RootDirStartCluster: 2
(\boot\freeldr\freeldr\lib\fs\fat.c:219) trace: FsInfo: 1
(\boot\freeldr\freeldr\lib\fs\fat.c:220) trace: BackupBootSector: 6
(\boot\freeldr\freeldr\lib\fs\fat.c:221) trace: Reserved: 0x2533b34
(\boot\freeldr\freeldr\lib\fs\fat.c:222) trace: DriveNumber: 0xff
(\boot\freeldr\freeldr\lib\fs\fat.c:223) trace: Reserved1: 0x0
(\boot\freeldr\freeldr\lib\fs\fat.c:224) trace: BootSignature: 0x29
(\boot\freeldr\freeldr\lib\fs\fat.c:225) trace: VolumeSerialNumber: 0xf701d925
(\boot\freeldr\freeldr\lib\fs\fat.c:226) trace: VolumeLabel: NO NAME    
(\boot\freeldr\freeldr\lib\fs\fat.c:227) trace: FileSystemType: FAT32   
(\boot\freeldr\freeldr\lib\fs\fat.c:228) trace: BootSectorMagic: 0xaa55
(\boot\freeldr\freeldr\lib\fs\fat.c:361) trace: FAT cache is 512 sectors, 262144 bytes
(\boot\freeldr\freeldr\lib\fs\fat.c:1665) trace: FatMount(0) success
(\boot\freeldr\freeldr\lib\fs\fat.c:1426) trace: FatGetFileInformation(1) -> FileSize = 1242, FilePointer = 0x0
(\boot\freeldr\freeldr\bootmgr.c:282) trace: Argv[0]: '(null)'
(\boot\freeldr\freeldr\bootmgr.c:282) trace: Argv[1]: 'SystemPartition=multi(0)disk(0)rdisk(0)partition(1)'
(\boot\freeldr\freeldr\bootmgr.c:282) trace: Argv[2]: 'LoadIdentifier=ReactOS (Debug, SMP)'
(\boot\freeldr\freeldr\bootmgr.c:282) trace: Argv[3]: 'BootType=Windows2003'
(\boot\freeldr\freeldr\bootmgr.c:282) trace: Argv[4]: 'SystemPath=\ReactOS'
(\boot\freeldr\freeldr\bootmgr.c:282) trace: Argv[5]: 'Options=/HAL=hal.dll /KERNEL=ntkrnlmp.exe /DEBUG /DEBUGPORT=COM1 /BAUDRATE=115200 /SOS /FASTDETECT'
(\boot\freeldr\freeldr\lib\fs\fat.c:965) trace: FAT cache miss: read sector 0x239 from disk
(\boot\freeldr\freeldr\lib\fs\fat.c:965) trace: FAT cache miss: read sector 0x326 from disk
(\boot\freeldr\freeldr\lib\fs\fat.c:965) trace: FAT cache miss: read sector 0x36f from disk
(\boot\freeldr\freeldr\lib\fs\fat.c:965) trace: FAT cache miss: read sector 0x414 from disk
(\boot\freeldr\freeldr\lib\fs\fat.c:965) trace: FAT cache miss: read sector 0x129 from disk
(\boot\freeldr\freeldr\lib\fs\fat.c:1426) trace: FatGetFileInformation(1) -> FileSize = 233472, FilePointer = 0x0
(\boot\freeldr\freeldr\lib\fs\fat.c:1426) trace: FatGetFileInformation(1) -> FileSize = 66082, FilePointer = 0x0
(\boot\freeldr\freeldr\lib\fs\fat.c:1426) trace: FatGetFileInformation(2) -> FileSize = 66594, FilePointer = 0x0
(\boot\freeldr\freeldr\lib\fs\fat.c:1426) trace: FatGetFileInformation(3) -> FileSize = 4870, FilePointer = 0x0
(\boot\freeldr\freeldr\lib\fs\fat.c:965) trace: FAT cache miss: read sector 0x240 from disk
(\boot\freeldr\freeldr\lib\fs\fat.c:965) trace: FAT cache miss: read sector 0x349 from disk
(\boot\freeldr\freeldr\lib\fs\fat.c:965) trace: FAT cache miss: read sector 0x34d from disk
(\boot\freeldr\freeldr\lib\fs\fat.c:965) trace: FAT cache miss: read sector 0x223 from disk
(\boot\freeldr\freeldr\arch\uefi\uefimem.c:273) trace: UefiMemGetMemoryMap: Gather memory map
(\boot\freeldr\freeldr\arch\uefi\uefimem.c:285) trace: Value of MapKey: 17340
(\boot\freeldr\freeldr\arch\uefi\uefimem.c:286) trace: Value of MapSize: 4752
(\boot\freeldr\freeldr\arch\uefi\uefimem.c:287) trace: Value of DescriptorSize: 48
(\boot\freeldr\freeldr\arch\uefi\uefimem.c:288) trace: Value of DescriptorVersion: 1
(\boot\freeldr\freeldr\arch\uefi\uefimem.c:420) trace: Attempting to exit bootsevices
(\boot\freeldr\freeldr\arch\uefi\uefimem.c:486) trace: Exited bootservices
(\boot\freeldr\freeldr\arch\arm64\mmu_v2.c:1124) trace: ARM64: Forcing va_bits from 36 to 47 for NT ARM64 page tables
[   13.168930] (\ntoskrnl\kd64\kdinit.c:94) -----------------------------------------------------
[   13.174655] (\ntoskrnl\kd64\kdinit.c:95) ReactOS 0.4.17-arm64-dev (Build 20260705-nt10.0-003-26-gfe90dcf) (Commit fe90dcff5ed47ffe266a87289933a34977d8b52f)
[   13.188536] (\ntoskrnl\kd64\kdinit.c:96) 1 System Processor [8166 MB Memory]
[   13.195564] (\ntoskrnl\kd64\kdinit.c:100) Command Line: HAL=HAL.DLL KERNEL=NTKRNLMP.EXE DEBUG DEBUGPORT=COM1 BAUDRATE=115200 SOS FASTDETECT
[   13.208058] (\ntoskrnl\kd64\kdinit.c:103) ARC Paths: multi(0)disk(0)rdisk(0)partition(1) \ multi(0)disk(0)rdisk(0)partition(1) \ReactOS\
[   13.220342] HAL: About to lookup FADT (signature=50434146)
[   13.225759] HAL: HalAcpiGetTable(FADT) returned FFFFFC000040B010
[   13.231751] (\hal\halarm64\acpi\rsdt.c:331) ACPI: XSDT 000000003dad4f18 00005c (v01 RPIFDN RPI5     00000200      01000013)
[   13.242853] (\hal\halarm64\acpi\rsdt.c:423) ACPI: FACP 000000003dad4b98 000114 (v06 RPIFDN RPI5     00000200 EDK2 00000300)
[   13.253958] (\hal\halarm64\acpi\rsdt.c:461) ACPI: DSDT 000000003ce90018 0015ea (v02 RPIFDN RPI5     00000002 INTL 20260408)
[   13.265064] (\hal\halarm64\acpi\rsdt.c:581) ACPI: BGRT 000000003dad4b18 000038 (v01 INTEL  EDK2     00000002      01000013)
[   13.276168] (\hal\halarm64\acpi\rsdt.c:581) ACPI: DBG2 000000003dad4e18 000061 (v00 RPIFDN RPI5     00000200 EDK2 00000300)
[   13.287273] (\hal\halarm64\acpi\rsdt.c:581) ACPI: GTDT 000000003dad4d18 000068 (v03 RPIFDN RPI5     00000200 EDK2 00000300)
[   13.298379] (\hal\halarm64\acpi\rsdt.c:581) ACPI: APIC 000000003dad4098 000184 (v05 RPIFDN RPI5     00000200 EDK2 00000300)
[   13.309484] (\hal\halarm64\acpi\rsdt.c:581) ACPI: [   13.314083] (\hal\halarm64\acpi\rsdt.c:581) ACPI: PPTT 000000003dad4318 000130 (v02 RPIFDN RPI5     00000200 EDK2 00000300)
[   13.325190] (\hal\halarm64\acpi\halacpi.c:2611) ACPI Timer resource unavailable (EXT: 0)
[   13.333261] (\hal\halarm64\acpi\halacpi.c:3065) ACPI v6.3-6.3_A detected. Tables: [XSDT] [FACP] [BGRT] [DBG2] [GTDT] [APIC] [ [PPTT]
[   13.345146] (\hal\halarm64\gic\gic_init.c:926) [arm64][GIC] GIC probe: PFR0.GIC=0 SRE=0 PIDR2=0x0000002b ARCHREV=2
[   13.355469] (\hal\halarm64\gic\gic_init.c:928) [arm64][GIC] Using GICv2 legacy (GICC) CPU interface
[   13.364492] (\hal\halarm64\gic\gic_init.c:538) [arm64][GIC] Initializing distributor (version=2, sysregs=0)
[   13.374211] (\hal\halarm64\gic\gic_init.c:551) [arm64][GIC] GICD typer=0x0000fc69 lines=320 nregs=10
[   13.383325] (\hal\halarm64\gic\gicv2.c:309) [arm64][GICv2] SPI targets set to CPU0
[   13.390869] (\hal\halarm64\gic\gicv2.c:119) [arm64][GICv2] Saved PPI enables: 0x0800ffff
[   13.398938] (\hal\halarm64\gic\gicv2.c:155) [arm64][GICv2] Restored PPI enables: 0x0800ffff
[   13.407267] (\hal\halarm64\gic\gicv2.c:159) [arm64][GICv2] SGI/PPI bank configured with preserved enables
[   13.416811] (\hal\halarm64\gic\gic_init.c:633) [arm64][GIC] Distributor initialized and enabled
[   13.425488] (\hal\halarm64\gic\gicv2.c:89) [arm64][GICv2] CPU interface initialized (PMR=0xFF, CTLR=0x3)
[   13.434944] (\hal\halarm64\gic\gic_init.c:822) [arm64][GIC] Version detection complete:
[   13.442926] (\hal\halarm64\gic\gic_init.c:823) [arm64][GIC]   Architecture: GICv2
[   13.450388] (\hal\halarm64\gic\gic_init.c:825) [arm64][GIC]   Interrupt lines: 320 (max SPI INTID: 319)
[   13.673107] (\ntoskrnl\mm\ARM3\largepag.c:37) MiInitializeLargePageSupport: PAE/x64 Not Implemented
[   13.680301] (\ntoskrnl\mm\ARM3\mminit.c:2235) Paged pool: 398 MB at FFFFDD338D000000
[   13.689744] (\sdk\include\reactos\drivers\bootvid\framebuf.c:512) Display: loader UEFI GOP framebuffer 0x3F400000 size=8294400 1920x1080 stride=1920 bpp=32
[   13.700874] (\sdk\include\reactos\drivers\bootvid\framebuf.c:674) 
[   13.707031] Boot Display found on Interface 0, Bus 0
[   13.711978]     VideoRamAddress   : 0x3F400000
[   13.716402]     VideoRamSize      : 8294400
[   13.720566]     Version           : 1.3
[   13.724385]     VideoClock        : 0
[   13.728027] Framebuffer format:
[   13.731151]     BaseAddress       : 0x3F400000
[   13.735578]     ScreenWidth       : 1920
[   13.739480]     ScreenHeight      : 1080
[   13.743385]     PixelsPerScanLine : 1920
[   13.747290]     BitsPerPixel      : 32
[   13.751021]     ARGB masks:       : ff000000/00ff0000/0000ff00/000000ff
[   13.759048] (\drivers\base\bootvid\framebuf\bootvid.c:297) Scaling X = 2, Y = 2
[   13.764904] (\drivers\base\bootvid\framebuf\bootvid.c:304) Borders X = 320, Y = 60
[   13.792542] (\ntoskrnl\ke\arm64\stubs.c:653) [arm64] KeStartAllProcessors: Max=64 (numproc=0 bootproc=0)
[   13.799170] (\ntoskrnl\ke\arm64\stubs.c:738) [arm64] KeStartAllProcessors: Attempting to start CPU 1
[   13.808257] (\hal\halarm64\smp.c:315) [arm64][HAL] Identity-map page table: L0[0]→L1[0]→L2[2] block=0x400000 (trampoline PA=0x420000)
[   13.820571] (\hal\halarm64\smp.c:415) [arm64][HAL] AP trampoline initialized at PA=0x420000 VA=FFFFFC0000420000 size=448 idmap_ttbr0=0x500000
[   13.833234] (\hal\halarm64\smp.c:592) [arm64][HAL] Discovered 4 CPUs, parking protocol not available
[   13.842389] (\ntoskrnl\ke\arm64\stubs.c:771) [arm64] KeStartAllProcessors: CPU 1 started successfully
[   13.851565] (\ntoskrnl\ke\arm64\stubs.c:738) [arm64] KeStartAllProcessors: Attempting to start CPU 2
[   13.860684] (\ntoskrnl\ke\arm64\stubs.c:771) [arm64] KeStartAllProcessors: CPU 2 started successfully
[   13.869871] (\ntoskrnl\ke\arm64\stubs.c:738) [arm64] KeStartAllProcessors: Attempting to start CPU 3
[   13.878991] (\ntoskrnl\ke\arm64\stubs.c:771) [arm64] KeStartAllProcessors: CPU 3 started successfully
[   13.888165] (\ntoskrnl\ke\arm64\stubs.c:738) [arm64] KeStartAllProcessors: Attempting to start CPU 4
[   13.897263] (\hal\halarm64\halarm64.c:5909) [arm64][HAL] HalStartNextProcessor: no more processors (started=4, available=4)
[   13.908369] (\ntoskrnl\ke\arm64\stubs.c:744) [arm64] KeStartAllProcessors: HalStartNextProcessor failed for CPU 4
[   13.918623] (\ntoskrnl\ke\arm64\stubs.c:789) [arm64] KeStartAllProcessors: Successfully started 3 APs
[   13.927806] (\ntoskrnl\ke\arm64\stubs.c:824) [arm64] KeStartAllProcessors: Updating process affinities to 0xf
[   13.937695] (\ntoskrnl\ke\arm64\stubs.c:859) [arm64] KeStartAllProcessors: System process affinity 0x1 -> 0xf
[   13.947919] (\ntoskrnl\mm\mminit.c:224)           0xFFFFF80000000000 - 0xFFFFF80200000000	Boot Loaded Image
[   13.957302] (\ntoskrnl\mm\mminit.c:235)           0xFFFFA234CE000000 - 0xFFFFA234D7001000	PFN Database
[   13.966587] (\ntoskrnl\mm\mminit.c:239)           0xFFFFCC5035000000 - 0xFFFFCC5036020000	ARM3 Non Paged Pool
[   13.976477] (\ntoskrnl\mm\mminit.c:243)           0xFFFFF97FBA000000 - 0xFFFFF97FDA000000	System View Space
[   13.986197] (\ntoskrnl\mm\mminit.c:247)           0xFFFFF97FDA000000 - 0xFFFFF98000000000	Session Space
[   13.995565] (\ntoskrnl\mm\mminit.c:250)           0xFFFFE48000000000 - 0xFFFFE4FFFFFFFFFF	Page Tables
[   14.004764] (\ntoskrnl\mm\mminit.c:253)           0xFFFFE4F240000000 - 0xFFFFE4F27FFFFFFF	Page Directories
[   14.014393] (\ntoskrnl\mm\mminit.c:256)           0xFFFFF70000000000 - 0xFFFFF77FFFFFFFFF	Hyperspace
[   14.023507] (\ntoskrnl\mm\mminit.c:259)           0xFFFFE20000000000 - 0xFFFFE3FFFFFFFFFF	System Cache
[   14.032787] (\ntoskrnl\mm\mminit.c:263)           0xFFFFDD338D000000 - 0xFFFFDD33A6000000	ARM3 Paged Pool
[   14.042333] (\ntoskrnl\mm\mminit.c:269)           0xFFFFF12440000000 - 0xFFFFF1244C351000	System PTE Space
[   14.051962] (\ntoskrnl\mm\mminit.c:273)           0xFFFFCC5036020000 - 0xFFFFCC5041770000	Non Paged Pool Expansion PTE Space
[   14.067090] (\hal\halarm64\acpi\halacpi.c:3482) HAL: ARM64 PCI stubs initialized (ECAM-only mode)
[   14.073075] 
====== PCI BUS HARDWARE DETECTION (ACPI HAL) =======

[   14.079408] HAL: ARM64 PCI ECAM path not exercised.
[   14.084267] 
====== END PCI BUS DETECTION =======

[   14.089211] ACPI ARM64-based System initialized
[   14.093846] WARNING:  ArbBuildAssignmentOrdering at \sdk\lib\drivers\arbiter\arbiter.c:275 is UNIMPLEMENTED!
[   14.103531] WARNING:  ArbBuildAssignmentOrdering at \sdk\lib\drivers\arbiter\arbiter.c:275 is UNIMPLEMENTED!
[   14.113334] WARNING:  ArbBuildAssignmentOrdering at \sdk\lib\drivers\arbiter\arbiter.c:275 is UNIMPLEMENTED!
[   14.123138] WARNING:  ArbBuildAssignmentOrdering at \sdk\lib\drivers\arbiter\arbiter.c:275 is UNIMPLEMENTED!
[   14.132942] WARNING:  ArbBuildAssignmentOrdering at \sdk\lib\drivers\arbiter\arbiter.c:275 is UNIMPLEMENTED!
[   14.142986] (\ntoskrnl\io\pnpmgr\pnproot.c:518) Failed to read the LogConf key for Root\RPI5VC4\0000
[   14.151887] (\ntoskrnl\io\pnpmgr\pnproot.c:518) Failed to read the LogConf key for Root\SOFTGPU\0000
[   14.161747] (\ntoskrnl\io\pnpmgr\pnpmap.c:656) ZwQueryValueKey(\Registry\Machine\SYSTEM\CURRENTCONTROLSET\Control\PnpDisableFirmwareMapper) failed with status 0xc0000034
[   14.179003] (\hal\halarm64\acpi\halacpi.c:4622) Resource count: 0
[   14.182208] (\hal\halarm64\acpi\halacpi.c:4627) Resource list size: 40
[   14.188723] (\hal\halarm64\acpi\halacpi.c:4622) Resource count: 0
[   14.194789] (\hal\halarm64\acpi\halacpi.c:4627) Resource list size: 40
[   14.201819] (\ntoskrnl\io\pnpmgr\pnpmgr.c:164) CDDB: set Driver='{4D36E97D-E325-11CE-BFC1-08002BE10318}\0000' for critical device (0x00000000)
[   14.220304] (\drivers\bus\sd\sdbus.c:276) SD Bus Driver: DriverEntry
[   14.223920] (\drivers\storage\port\sdport\sdport.c:69) SdPortInitialize(FFFFCC5035E676F0 \REGISTRY\MACHINE\SYSTEM\CONTROLSET001\SERVICES\SDHC FFFFF1244BE98A78)
[   14.238150] (\drivers\storage\port\sdport\sdport.c:173) SDPORT DriverEntry: DriverObject=FFFFCC5035E674F0 RegistryPath=\REGISTRY\MACHINE\SYSTEM\CONTROLSET001\SERVICES\SDPORT
[   14.257899] (\drivers\storage\port\storport\storport.c:961) StorPortInitialize(FFFFCC5035EA3070 FFFFF1244BE98BA0 FFFFF1244BE98A80 0000000000000000)
[   14.268223] (\drivers\storage\port\storport\storport.c:963) HwInitializationDataSize: 136
[   14.276376] (\drivers\storage\port\storport\storport.c:964) AdapterInterfaceType: 5
[   14.284013] (\drivers\storage\port\storport\storport.c:965) HwInitialize: FFFFF1244C06BB48
[   14.292253] (\drivers\storage\port\storport\storport.c:966) HwStartIo: FFFFF1244C06C27C
[   14.300237] (\drivers\storage\port\storport\storport.c:967) HwInterrupt: FFFFF1244C06C168
[   14.308391] (\drivers\storage\port\storport\storport.c:968) HwFindAdapter: FFFFF1244C06D3D4
[   14.316722] (\drivers\storage\port\storport\storport.c:969) HwResetBus: FFFFF1244C06D308
[   14.324790] (\drivers\storage\port\storport\storport.c:970) HwDmaStarted: 0000000000000000
[   14.333034] (\drivers\storage\port\storport\storport.c:971) HwAdapterState: 0000000000000000
[   14.341448] (\drivers\storage\port\storport\storport.c:972) DeviceExtensionSize: 146520
[   14.349432] (\drivers\storage\port\storport\storport.c:973) SpecificLuExtensionSize: 0
[   14.357326] (\drivers\storage\port\storport\storport.c:974) SrbExtensionSize: 1592
[   14.364876] (\drivers\storage\port\storport\storport.c:975) NumberOfAccessRanges: 6
[   14.372509] (\drivers\storage\port\storport\storport.c:1001) No driver object extension!
[   14.380581] (\drivers\storage\port\storport\storport.c:1013) Driver object extension created!
[   14.389081] (\drivers\storage\port\storport\storport.c:31) PortAddDriverInitData()
[   14.396631] (\drivers\storage\port\storport\storport.c:1044) StorPortInitialize() done (Status 0x00000000)
[   14.407202] (\drivers\storage\port\storport\storport.c:461) DriverEntry(FFFFCC5035EA3DE0 FFFFF1244BE98BA0)
[   14.419842] WDFTrace: new WDFKEY object open failed, !STATUS!
[   14.426638] (\drivers\ksfilter\swenum\swenum.c:428) SWENUM loaded
[   14.430790] (\drivers\storage\class\ramdisk\ramdisk.c:5836) RAMDISK DriverEntry: DriverObject=FFFFCC5035E66860 RegistryPath=\REGISTRY\MACHINE\SYSTEM\CONTROLSET001\SERVICES\RAMDISK
[   14.446800] (\ntoskrnl\io\iomgr\driver.c:1442) BOOT DRIVERS LOADED
[   14.452449] (\hal\halarm64\acpi\halpnpdd.c:1720) Start device received
[   14.458601] (\drivers\bus\acpi\pnp.c:338) ACPI: Registered PCI interface: \??\ACPI_HAL#PNP0C08#0#{a7e9db84-db4c-4289-876b-e2c3e63b5f4f}
[   14.470621] (\drivers\bus\acpi\pnp.c:353) Bus_StartFdo: Calling AcpiInitializeSubsystem
[   14.478627] (\drivers\bus\acpi\pnp.c:364) Bus_StartFdo: Calling AcpiInitializeTables
[   14.493611] (\drivers\bus\acpi\pnp.c:373) Bus_StartFdo: Calling AcpiLoadTables
[   14.499852] (\drivers\bus\acpi\busmgr\utils.c:575) AcpiGetTable() for FACS failed (Status 0x00000005)
[   14.507153] (\drivers\bus\acpi\pnp.c:385) Unable to create ACPI tables in registry (0xc0000001)
[   14.515820] (\drivers\bus\acpi\pnp.c:389) Bus_StartFdo: Calling acpi_init
[   14.523629] (\drivers\bus\acpi\busmgr\bus.c:1693) ACPI: _PIC method not present; firmware assumed APIC-ready
[   14.536194] (\hal\halarm64\halarm64.c:1715) [arm64][PCI] Registered PCI routing query provider at FFFFF1244C1C1440
[   14.543654] (\drivers\bus\acpi\busmgr\acpi_pci_routing.c:430) ACPI: PCI routing provider registered (4 entries available)
[   14.554586] (\drivers\bus\acpi\busmgr\pci_root.c:978) ACPI: Enumerating PCI root bridges (ACPI 1.0/2.0+/PCIe)
[   14.565035] (\drivers\bus\acpi\busmgr\pci_root.c:320) ACPI: _OSC calling with Support=0x19 Control=0x10
[   14.573991] (\drivers\bus\acpi\busmgr\pci_root.c:423) ACPI: _OSC success - granted control 0x10 (status 0x0)
[   14.583653] (\drivers\bus\acpi\busmgr\pci_root.c:847) ACPI: PCI Root 1: HID=PNP0A08 UID=1 SEG=1 BUS=0
[   14.592846] (\drivers\bus\acpi\busmgr\pci_root.c:853)     Bus range  : [0 - 255]
[   14.600222] (\drivers\bus\acpi\busmgr\pci_root.c:872)     Memory window: [c0000000 - 1affffffff]
[   14.608983] (\drivers\bus\acpi\busmgr\pci_root.c:876)       translation: +0
[   14.615925] (\drivers\bus\acpi\busmgr\pci_root.c:897)     _OSC status 0x0 request 0x10 grant 0x10
[   14.624774] (\hal\halarm64\halarm64.c:1651) [arm64][PCI] ACPI PCI Root Bridge: Segment=1 Bus=0 BusRange=[0-255]
[   14.634839] (\hal\halarm64\halarm64.c:1660) [arm64][PCI]   No MCFG or _CBA config-space base published for this root bridge.
[   14.646031] (\hal\halarm64\halarm64.c:1674) [arm64][PCI]   Memory Window: [0xc0000000 - 0x1affffffff]
[   14.655228] (\hal\halarm64\halarm64.c:1690) [arm64][PCI]   _OSC: Status=0x0 Control=0x10 Grant=0x10 (OK)
[   14.665004] (\drivers\bus\acpi\busmgr\pci_root.c:835) ACPI: PCI root HID=PNP0A08 UID=1 already processed (Seg 1 Bus 0-255), skipping duplicate handle FFFFCC5035F39F10
[   14.679619] (\drivers\bus\acpi\pnp.c:399) Bus_StartFdo: Calling ACPIEnumerateDevices
[   14.687329] (\drivers\bus\acpi\acpienum.c:159) ACPI-PCIROOT: Enumerating PCI root candidate HID=PNP0A08 UID=1 ADR=0xffffffffffffffff handle=FFFFCC5035F39F10
[   14.701215] (\drivers\bus\acpi\acpienum.c:169) ACPI-PCIROOT:   |_ CID[0]=PNP0A03
[   14.708857] (\drivers\bus\acpi\acpienum.c:549) ACPI-PCIROOT:   |_ _CRS Bus 0x0-0xff (len=0x100)
[   14.717266] (\drivers\bus\acpi\acpienum.c:549) ACPI-PCIROOT:   |_ _CRS Mem64 0xc0000000-0xc04fffff (len=0x500000)
[   14.727504] (\drivers\bus\acpi\acpienum.c:549) ACPI-PCIROOT:   |_ _CRS Mem64 0x1800000000-0x1affffffff (len=0x300000000)
[   14.738537] (\drivers\bus\acpi\pnp.c:401) Bus_StartFdo: ACPIEnumerateDevices done (Status 0x0)
[   14.754936] (\drivers\bus\acpi\buspdo.c:237) ACPI: Using _BBN for PCI root ACPI\PNP0A08 bus=0
[   14.760573] (\drivers\bus\acpi\buspdo.c:283) ACPI: Cached PCI root ACPI\PNP0A08 bus number 0
[   14.770713] (\ntoskrnl\io\pnpmgr\pnpmgr.c:164) CDDB: set Driver='{4D36E97D-E325-11CE-BFC1-08002BE10318}\0001' for critical device (0x00000000)
[   14.782413] (\drivers\bus\acpi\buspdo.c:237) ACPI: Using _BBN for PCI root ACPI\PNP0A08 bus=0
[   14.790245] (\drivers\bus\acpi\buspdo.c:283) ACPI: Cached PCI root ACPI\PNP0A08 bus number 0
[   14.799468] (\drivers\bus\pci\fdo.c:474) PCI: FdoStartDevice called
[   14.804909] (\drivers\bus\pci\arb.c:666) PCI: Creating arbiters for bus 0
[   14.811681] (\drivers\bus\pci\arb.c:709) PCI: Created 3 arbiters for bus 0
[   14.818651] (\drivers\bus\pci\fdo.c:274) PCI: FdoQueryBusRelations called
[   14.825302] (\hal\halarm64\acpi\halacpi.c:139) HAL: PCI Express MMCONFIG unavailable because the ACPI MCFG table is missing or empty.
[   14.837274] (\drivers\bus\pci\fdo.c:133) PCI: Bus 0 slot 0 empty (Size=64 VendorID=0xffff), but scanning root bus anyway
[   14.848121] (\drivers\bus\pci\fdo.c:290) PCI: FdoQueryBusRelations enumerated 0 devices
[   14.860178] (\ntoskrnl\io\pnpmgr\pnpmgr.c:164) CDDB: set Driver='{36FC9E60-C465-11CF-8056-444553540000}\0000' for critical device (0x00000000)
[   14.871770] (\drivers\bus\acpi\interface.c:823) Invalid GUID
[   14.875710] (\drivers\usb\usbport\pnp.c:1615) USBPORT_StartDevice: no PCI config space (ACPI-enumerated controller), continuing
[   14.887162] (\drivers\bus\acpi\interface.c:823) Invalid GUID
[   14.895325] (\drivers\usb\usbxhci\usbxhci.c:9233) usbxhci: no PCI config space (ACPI-enumerated controller), skipping bus-master enable
[   14.906481] (\drivers\usb\usbxhci\osc.c:447) usbxhci: _OSC: Using IOCTL to evaluate _OSC method
[   14.913620] (\drivers\usb\usbxhci\osc.c:480) usbxhci: _OSC Query phase - asking what controls are available
[   14.923371] (\drivers\usb\usbxhci\osc.c:234) usbxhci: ACPI _OSC IOCTL failed: 0xC0000034
[   14.931407] (\drivers\usb\usbxhci\osc.c:497) usbxhci: _OSC not available (Status=0xC0000034) - using legacy defaults
[   14.941909] (\drivers\usb\usbxhci\osc.c:401) usbxhci: _OSC: Set legacy defaults (full OS control)
[   14.974626] (\drivers\usb\usbxhci\usbxhci.c:4211) usbxhci: bounce pool ready slots=32 size=65536
[   14.981686] (\drivers\usb\usbport\pnp.c:2537) USBPORT_CreatePdo: HubPdo=FFFFCC5035E9CAE0 DevExt=FFFFCC5035E9CC30
[   14.991846] (\ntoskrnl\io\pnpmgr\pnpmgr.c:164) CDDB: set Driver='{36FC9E60-C465-11CF-8056-444553540000}\0001' for critical device (0x00000000)
[   15.003747] (\drivers\usb\usbhub\usbhub.c:957) USBH_SyncGetRootHubPdo: Target=FFFFCC5035E9CAE0 Driver=\Driver\usbxhci StackSize=2
[   15.015059] (\drivers\usb\usbhub\usbhub.c:985) USBH_SyncGetRootHubPdo: Irp=FFFFCC5035E607C0 Major=0f IoCtl=0022000f Arg1=FFFFCC5035E301E0 Arg2=FFFFCC5035E301E8
[   15.029287] (\drivers\usb\usbport\ioctl.c:661) USBPORT_PdoInternalDeviceControl: IOCTL_INTERNAL_USB_GET_ROOTHUB_PDO Pdo=FFFFCC5035E9CAE0 Arg1=FFFFCC5035E301E0 Arg2=FFFFCC5035E301E8
[   15.045974] (\drivers\usb\usbhub\usbhub.c:1267) USBH_GetConfigurationDescriptor: NTSTATUS=0x00000000 wTotalLength=25 FirstBytes=09 02 19 00 01 01
[   15.058359] (\drivers\bus\acpi\main.c:374) Unsupported IOCTL: 32c020
[   15.065217] (\drivers\usb\usbhub\pnp.c:344) USBH_OpenConfiguration: using interface 0 alt 0 Pipes=1 MaxPacket0=8
[   15.074864] (\drivers\usb\usbhub\pnp.c:372) USBH_OpenConfiguration: SelectConfig succeeded (PipeHandle=FFFFCC5035E30A70 wTotalLength=25)
[   15.105423] (\drivers\usb\usbhub\usbhub.c:3689) USBD_RegisterRootHubCallBack: HubExtension - FFFFCC5035E301C0
[   15.112448] (\drivers\usb\usbport\iface.c:1283) USBHI_RootHubInitNotification: stored callback FFFFF1244C1415A4 ctx=FFFFCC5035E301C0 seq=1 caller=FFFFF1244C14168C
[   15.126937] (\drivers\usb\usbhub\usbhub.c:3705) USBD_RegisterRootHubCallBack: RootHubInitNotification -> 0x00000000
[   15.126939] (\drivers\usb\usbhub\usbhub.c:3137) USBH_SubmitStatusChangeTransfer: HubExtension - FFFFCC5035E301C0, SCEIrp - FFFFCC5035EA2CF0
[   15.137402] (\drivers\usb\usbhub\pnp.c:1190) USBH_FdoQueryBusRelations: NumberPorts - 3
[   15.149868] (\drivers\usb\usbhub\usbhub.c:2544) USBH_ChangeIndicationWorker: HubExt=FFFFCC5035E301C0 WorkItem=FFFFCC5035F36420
[   15.169192] (\drivers\usb\usbhub\usbhub.c:2792) USBH_ChangeIndicationWorker: Port 2 Status=0x0301 Change=0x0001
[   15.179268] (\drivers\usb\usbhub\usbhub.c:2311) USBH_ProcessPortStateChange: Port 2 connect -> enumerate
[   15.188724] (\drivers\usb\usbhub\usbhub.c:2792) USBH_ChangeIndicationWorker: Port 3 Status=0x1103 Change=0x0031
[   15.198788] (\drivers\usb\usbhub\usbhub.c:2311) USBH_ProcessPortStateChange: Port 3 connect -> enumerate
[   15.208257] (\drivers\usb\usbhub\usbhub.c:3137) USBH_SubmitStatusChangeTransfer: HubExtension - FFFFCC5035E301C0, SCEIrp - FFFFCC5035EA2CF0
[   15.359972] (\drivers\usb\usbhub\usbhub.c:3137) USBH_SubmitStatusChangeTransfer: HubExtension - FFFFCC5035E301C0, SCEIrp - FFFFCC5035EA2CF0
[   15.379878] (\drivers\usb\usbhub\usbhub.c:5701) USBH_CreateDevice: Port - 2, UsbPortStatus - 0x0303
[   15.386046] (\drivers\usb\usbhub\usbhub.c:5737) USBH_CreateDevice: PortDevice - FFFFCC5035E9BA20, <\Device\USBPDO-1>
[   15.396531] (\drivers\usb\usbhub\usbhub.c:5739) USBH_CreateDevice: PortExtension - FFFFCC5035E9BB70
[   15.494184] (\drivers\usb\usbhub\usbhub.c:3137) USBH_SubmitStatusChangeTransfer: HubExtension - FFFFCC5035E301C0, SCEIrp - FFFFCC5035EA2CF0
[   15.519904] (\drivers\usb\usbxhci\usbxhci.c:5018) usbxhci: ResetDeviceOnPort: RESET_DEV succeeded for slot 1 on port 2, now in Default state
[   15.558099] (\drivers\usb\usbhub\usbhub.c:5611) USBH: announcing usb 1-2 port 2 (VID=413C PID=301A)
[   15.564254] (\drivers\usb\usbhub\usbhub.c:5634) usb 1-2: new low-speed USB device on port 2
[   15.572583] (\drivers\usb\usbhub\usbhub.c:5642) usb 1-2: New USB device found, idVendor=413C, idProduct=301A, bcdDevice=01.00
[   15.583862] (\drivers\usb\usbhub\usbhub.c:5649) usb 1-2: New USB device strings: Mfr=1, Product=2, SerialNumber=0
[   15.619070] (\drivers\usb\usbhub\usbhub.c:5655) usb 1-2: Product: Dell MS116 USB Optical Mouse
[   15.624793] (\drivers\usb\usbhub\usbhub.c:5660) usb 1-2: Manufacturer: PixArt
[   15.638084] (\drivers\usb\usbhub\usbhub.c:1267) USBH_GetConfigurationDescriptor: NTSTATUS=0x00000000 wTotalLength=34 FirstBytes=09 02 22 00 01 01
[   15.648235] (\drivers\usb\usbhub\pnp.c:1261) USBH_FdoQueryBusRelations: cached connect (no PDO) port 3 (ConnStatus=1)
[   15.658817] (\drivers\usb\usbhub\pnp.c:1302) USBH_FdoQueryBusRelations: forcing PDO creation from cached state on port 3
[   15.925628] (\drivers\usb\usbhub\usbhub.c:3137) USBH_SubmitStatusChangeTransfer: HubExtension - FFFFCC5035E301C0, SCEIrp - FFFFCC5035EA2CF0
[   15.949928] (\drivers\usb\usbhub\usbhub.c:5701) USBH_CreateDevice: Port - 3, UsbPortStatus - 0x1103
[   15.956096] (\drivers\usb\usbhub\usbhub.c:5737) USBH_CreateDevice: PortDevice - FFFFCC5035F32070, <\Device\USBPDO-2>
[   15.966581] (\drivers\usb\usbhub\usbhub.c:5739) USBH_CreateDevice: PortExtension - FFFFCC5035F321C0
[   16.116442] (\drivers\usb\usbhub\usbhub.c:3137) USBH_SubmitStatusChangeTransfer: HubExtension - FFFFCC5035E301C0, SCEIrp - FFFFCC5035EA2CF0
[   16.139957] (\drivers\usb\usbxhci\usbxhci.c:5018) usbxhci: ResetDeviceOnPort: RESET_DEV succeeded for slot 2 on port 3, now in Default state
[   16.163786] (\drivers\usb\usbhub\usbhub.c:5611) USBH: announcing usb 1-3 port 3 (VID=0781 PID=5581)
[   16.169940] (\drivers\usb\usbhub\usbhub.c:5634) usb 1-3: new super-speed USB device on port 3
[   16.178443] (\drivers\usb\usbhub\usbhub.c:5642) usb 1-3: New USB device found, idVendor=0781, idProduct=5581, bcdDevice=01.00
[   16.189722] (\drivers\usb\usbhub\usbhub.c:5649) usb 1-3: New USB device strings: Mfr=1, Product=2, SerialNumber=3
[   16.201911] (\drivers\usb\usbhub\usbhub.c:5655) usb 1-3: Product:  SanDisk 3.2Gen1
[   16.207508] (\drivers\usb\usbhub\usbhub.c:5660) usb 1-3: Manufacturer:  USB
[   16.214451] (\drivers\usb\usbhub\usbhub.c:5675) usb 1-3: SerialNumber: 0901da96cc5f2a6e98145c166ee0bf8579199debc6f1126c17dcbe55724e3388e11a00000000000000000000897c8cadff082920815581076e327e7a
[   16.231913] (\drivers\usb\usbhub\usbhub.c:1267) USBH_GetConfigurationDescriptor: NTSTATUS=0x00000000 wTotalLength=44 FirstBytes=09 02 2c 00 01 01
[   16.246134] (\ntoskrnl\io\pnpmgr\pnpmgr.c:164) CDDB: set Driver='{745a17a0-74d3-11d0-b6fe-00a0c90f57da}\0000' for critical device (0x00000000)
[   16.258696] (\ntoskrnl\io\pnpmgr\pnpmgr.c:164) CDDB: set Driver='{36FC9E60-C465-11CF-8056-444553540000}\0002' for critical device (0x00000000)
[   16.314602] (\ntoskrnl\io\pnpmgr\pnpmgr.c:164) CDDB: set Driver='{4D36E967-E325-11CE-BFC1-08002BE10318}\0000' for critical device (0x00000000)
[   16.324940] (\drivers\usb\usbstor\disk.c:143) SRB_FUNCTION_CLAIM_DEVICE
[   16.598044] (\ntoskrnl\io\pnpmgr\pnpmgr.c:164) CDDB: set Driver='{36FC9E60-C465-11CF-8056-444553540000}\0003' for critical device (0x00000000)
[   16.608695] (\drivers\bus\acpi\interface.c:823) Invalid GUID
[   16.613572] (\drivers\usb\usbport\pnp.c:1615) USBPORT_StartDevice: no PCI config space (ACPI-enumerated controller), continuing
[   16.625025] (\drivers\bus\acpi\interface.c:823) Invalid GUID
[   16.631748] (\drivers\usb\usbxhci\usbxhci.c:9233) usbxhci: no PCI config space (ACPI-enumerated controller), skipping bus-master enable
[   16.643436] (\drivers\usb\usbxhci\osc.c:447) usbxhci: _OSC: Using IOCTL to evaluate _OSC method
[   16.651486] (\drivers\usb\usbxhci\osc.c:480) usbxhci: _OSC Query phase - asking what controls are available
[   16.661243] (\drivers\usb\usbxhci\osc.c:234) usbxhci: ACPI _OSC IOCTL failed: 0xC0000034
[   16.669273] (\drivers\usb\usbxhci\osc.c:497) usbxhci: _OSC not available (Status=0xC0000034) - using legacy defaults
[   16.679772] (\drivers\usb\usbxhci\osc.c:401) usbxhci: _OSC: Set legacy defaults (full OS control)
[   16.712868] (\drivers\usb\usbxhci\usbxhci.c:4211) usbxhci: bounce pool ready slots=32 size=65536
[   16.719881] (\drivers\usb\usbport\pnp.c:2537) USBPORT_CreatePdo: HubPdo=FFFFCC5035F907D0 DevExt=FFFFCC5035F90920
[   16.730126] (\ntoskrnl\io\pnpmgr\pnpmgr.c:164) CDDB: set Driver='{36FC9E60-C465-11CF-8056-444553540000}\0004' for critical device (0x00000000)
[   16.741988] (\drivers\usb\usbhub\usbhub.c:957) USBH_SyncGetRootHubPdo: Target=FFFFCC5035F907D0 Driver=\Driver\usbxhci StackSize=2
[   16.753300] (\drivers\usb\usbhub\usbhub.c:985) USBH_SyncGetRootHubPdo: Irp=FFFFCC5035F8F6E0 Major=0f IoCtl=0022000f Arg1=FFFFCC5035F8FBD0 Arg2=FFFFCC5035F8FBD8
[   16.767529] (\drivers\usb\usbport\ioctl.c:661) USBPORT_PdoInternalDeviceControl: IOCTL_INTERNAL_USB_GET_ROOTHUB_PDO Pdo=FFFFCC5035F907D0 Arg1=FFFFCC5035F8FBD0 Arg2=FFFFCC5035F8FBD8
[   16.783844] (\drivers\usb\usbhub\usbhub.c:1267) USBH_GetConfigurationDescriptor: NTSTATUS=0x00000000 wTotalLength=25 FirstBytes=09 02 19 00 01 01
[   16.796598] (\drivers\bus\acpi\main.c:374) Unsupported IOCTL: 32c020
[   16.803150] (\drivers\usb\usbhub\pnp.c:344) USBH_OpenConfiguration: using interface 0 alt 0 Pipes=1 MaxPacket0=8
[   16.813094] (\drivers\usb\usbhub\pnp.c:372) USBH_OpenConfiguration: SelectConfig succeeded (PipeHandle=FFFFCC5035F92E70 wTotalLength=25)
[   16.839829] (\drivers\usb\usbhub\usbhub.c:3689) USBD_RegisterRootHubCallBack: HubExtension - FFFFCC5035F8FBB0
[   16.846852] (\drivers\usb\usbport\iface.c:1283) USBHI_RootHubInitNotification: stored callback FFFFF1244C1415A4 ctx=FFFFCC5035F8FBB0 seq=1 caller=FFFFF1244C14168C
[   16.861345] (\drivers\usb\usbhub\usbhub.c:3705) USBD_RegisterRootHubCallBack: RootHubInitNotification -> 0x00000000
[   16.861351] (\drivers\usb\usbhub\usbhub.c:3137) USBH_SubmitStatusChangeTransfer: HubExtension - FFFFCC5035F8FBB0, SCEIrp - FFFFCC5035F8F6E0
[   16.871872] (\drivers\usb\usbhub\pnp.c:1190) USBH_FdoQueryBusRelations: NumberPorts - 3
[   16.884300] (\drivers\usb\usbhub\usbhub.c:3137) USBH_SubmitStatusChangeTransfer: HubExtension - FFFFCC5035F8FBB0, SCEIrp - FFFFCC5035F8F6E0
[   17.170602] (\drivers\usb\usbhub\usbhub.c:3137) USBH_SubmitStatusChangeTransfer: HubExtension - FFFFCC5035F8FBB0, SCEIrp - FFFFCC5035F8F6E0
[   17.194765] (\drivers\usb\usbhub\usbhub.c:5701) USBH_CreateDevice: Port - 3, UsbPortStatus - 0x1103
[   17.200939] (\drivers\usb\usbhub\usbhub.c:5737) USBH_CreateDevice: PortDevice - FFFFCC5035F30CC0, <\Device\USBPDO-4>
[   17.211418] (\drivers\usb\usbhub\usbhub.c:5739) USBH_CreateDevice: PortExtension - FFFFCC5035F30E10
[   17.380461] (\drivers\usb\usbhub\usbhub.c:3137) USBH_SubmitStatusChangeTransfer: HubExtension - FFFFCC5035F8FBB0, SCEIrp - FFFFCC5035F8F6E0
[   17.404796] (\drivers\usb\usbxhci\usbxhci.c:5018) usbxhci: ResetDeviceOnPort: RESET_DEV succeeded for slot 1 on port 3, now in Default state
[   17.428625] (\drivers\usb\usbhub\usbhub.c:5611) USBH: announcing usb 2-3 port 3 (VID=0781 PID=5591)
[   17.434780] (\drivers\usb\usbhub\usbhub.c:5634) usb 2-3: new super-speed USB device on port 3
[   17.443282] (\drivers\usb\usbhub\usbhub.c:5642) usb 2-3: New USB device found, idVendor=0781, idProduct=5591, bcdDevice=01.00
[   17.454562] (\drivers\usb\usbhub\usbhub.c:5649) usb 2-3: New USB device strings: Mfr=1, Product=2, SerialNumber=3
[   17.466763] (\drivers\usb\usbhub\usbhub.c:5655) usb 2-3: Product:  SanDisk 3.2Gen1
[   17.472349] (\drivers\usb\usbhub\usbhub.c:5660) usb 2-3: Manufacturer:  USB
[   17.479295] (\drivers\usb\usbhub\usbhub.c:5675) usb 2-3: SerialNumber: 01016e01ffd6f47ad7a9a904dc54438de8ee4ed362c463e23b37a4d9b83f12b6b3e3000000000000000000004ca60268000d5400915581077b32dc12
[   17.496764] (\drivers\usb\usbhub\usbhub.c:1267) USBH_GetConfigurationDescriptor: NTSTATUS=0x00000000 wTotalLength=44 FirstBytes=09 02 2c 00 01 01
[   17.510597] (\ntoskrnl\io\pnpmgr\pnpmgr.c:164) CDDB: set Driver='{36FC9E60-C465-11CF-8056-444553540000}\0005' for critical device (0x00000000)
[   17.569009] (\ntoskrnl\io\pnpmgr\pnpmgr.c:164) CDDB: set Driver='{4D36E967-E325-11CE-BFC1-08002BE10318}\0001' for critical device (0x00000000)
[   17.579380] (\drivers\usb\usbstor\disk.c:143) SRB_FUNCTION_CLAIM_DEVICE
[   17.675011] (\ntoskrnl\io\pnpmgr\pnpmgr.c:164) CDDB: set Driver='{a0a588a4-c46f-4b37-b7ea-c82fe89870c6}\0000' for critical device (0x00000000)
[   17.685184] (\drivers\bus\sd\sdbus.c:57) SdBusAddDevice: PhysicalDeviceObject FFFFCC5035E9D870
[   17.693499] (\drivers\bus\sd\sdbus.c:133) SdBusAddDevice: FDO FFFFCC5035E91BA0 attached to FFFFCC5035E9D870
[   17.703813] (\drivers\bus\sd\fdo.c:630) SDHCI: Memory resource at 0x1000fff000 length 0x260
[   17.711536] (\drivers\bus\sd\fdo.c:646) SDHCI: Interrupt vector 305 level 6
[   17.719179] (\drivers\bus\sd\fdo.c:283) SdBusInitializeController: RegisterBase FFFFF1244AC55000
[   17.727242] (\drivers\bus\sd\fdo.c:303) SDHCI: Version 1.02, Caps 0x15e2c832, Caps2 0x8000a577, BaseClock 200000 kHz
[   17.745570] (\drivers\bus\sd\fdo.c:537) SDHCI: SDMA buffer at VA=FFFFF1244AC15000 PA=0x00d5c000 (262144 bytes)
[   17.754074] (\ntoskrnl\io\pnpmgr\pnpmgr.c:164) CDDB: set Driver='{a0a588a4-c46f-4b37-b7ea-c82fe89870c6}\0001' for critical device (0x00000000)
[   17.765715] (\drivers\bus\sd\sdbus.c:57) SdBusAddDevice: PhysicalDeviceObject FFFFCC5035F35070
[   17.774038] (\drivers\bus\sd\sdbus.c:133) SdBusAddDevice: FDO FFFFCC5035DD0BA0 attached to FFFFCC5035F35070
[   17.784335] (\drivers\bus\sd\fdo.c:630) SDHCI: Memory resource at 0x1001100000 length 0x260
[   17.792073] (\drivers\bus\sd\fdo.c:646) SDHCI: Interrupt vector 306 level 7
[   17.799712] (\drivers\bus\sd\fdo.c:283) SdBusInitializeController: RegisterBase FFFFF1244AC0B000
[   17.807779] (\drivers\bus\sd\fdo.c:303) SDHCI: Version 1.02, Caps 0x55e6c832, Caps2 0x8000a527, BaseClock 200000 kHz
[   17.825584] (\drivers\bus\sd\fdo.c:537) SDHCI: SDMA buffer at VA=FFFFF1244ABCB000 PA=0x00da5000 (262144 bytes)
[   17.844824] (\drivers\bus\sd\enum.c:945) SdBusEnumerateCard: CMD8 not supported (SD v1.x, MMC, or SDIO)
[   17.851612] (\drivers\bus\sd\enum.c:966) SdBusEnumerateCard: CMD5 detected SDIO funcs=3 memory=0 OCR=0x30ffff00
[   17.861679] (\drivers\bus\sd\enum.c:1005) SdBusEnumerateCard: SDIO card ready, OCR=0xb0ffff00 funcs=3
[   17.870865] (\drivers\bus\sd\enum.c:1291) SdBusEnumerateCard: RCA = 0x0001
[   17.880087] (\drivers\bus\sd\sdio.c:525) SdBusSdioEnumerateFunctions: CCCR rev=0x43 spec=0x03 cap=0x02 bus_if=0x40 uhs=0x07 CIS=0x0010AC NumFuncs=3
[   17.894219] (\drivers\bus\sd\sdio.c:532) SdBusSdioEnumerateFunctions: Common CIS VID=0x02D0 DID=0x4345 class=0x0C
[   17.901869] (\drivers\bus\sd\sdio.c:556) SdBusSdioEnumerateFunctions: SDIO 4-bit bus enabled
[   17.910577] (\drivers\bus\sd\sdio.c:568) SdBusSdioEnumerateFunctions: SDIO high-speed enabled
[   17.923616] (\drivers\bus\sd\sdio.c:632) SdBusSdioEnumerateFunctions: func 1 std=0x00 ext=0x00 class=0x0C CIS=0x001000 VID=0x02D0 DID=0x4345
[   17.933352] (\drivers\bus\sd\sdio.c:468) SdBusCreateSdioFunctionPdo: func=1 VID=02D0 DID=4345 class=12 PDO=FFFFCC5035DCF070
[   17.949542] (\drivers\bus\sd\sdio.c:632) SdBusSdioEnumerateFunctions: func 2 std=0x00 ext=0x00 class=0x0C CIS=0x001038 VID=0x02D0 DID=0x4345
[   17.959273] (\drivers\bus\sd\sdio.c:468) SdBusCreateSdioFunctionPdo: func=2 VID=02D0 DID=4345 class=12 PDO=FFFFCC5035DCFAF0
[   17.976068] (\drivers\bus\sd\sdio.c:632) SdBusSdioEnumerateFunctions: func 3 std=0x02 ext=0x00 class=0x02 CIS=0x001070 VID=0x02D0 DID=0x4345
[   17.985787] (\drivers\bus\sd\sdio.c:468) SdBusCreateSdioFunctionPdo: func=3 VID=02D0 DID=4345 class=2 PDO=FFFFCC5035F25070
[   17.996799] (\drivers\bus\sd\enum.c:1569) SdBusEnumerateCard: Enumeration complete, CardType=5, HighCapacity=0, TotalSectors=0
[   18.008165] (\drivers\bus\sd\enum.c:1604) SdBusProgramClock: Setting transfer clock to 50000 kHz
[   18.503161] (\ntoskrnl\mm\ARM3\sysldr.c:170) Loading: \SystemRoot\system32\drivers\rpi5vc4.sys at FFFFF1244ABAE000 with 14 pages
[   18.625455] (\ntoskrnl\mm\ARM3\sysldr.c:170) Loading: \SystemRoot\system32\drivers\dxgkrnl.sys at FFFFF1244AB7C000 with 32 pages
[   18.988029] (\drivers\directx\dxgkrnl\adapter.c:3376) DXGKRNL: ERROR: DxgkAdapterStart: NO translated resources! (PDO=FFFFCC5035F9F900 DOD=0)
[   19.022866] RPI5VC4: HVS IOMMU CTRL=00000000 (enable=0 bypass=0) PT=00000000 MISC=80003ffc DBG=20804774
[   19.029376] RPI5VC4: HVS IOMMU ADDR_CAP=00000fff (disabled, cap=1048320 MB) BYPASS=[00000000..00000fff] ILLEGAL=00000000
[   19.042571] (\drivers\directx\rpi5vc4\rpi5vc4.c:447) RPI5VC4: VideoCore firmware revision 0x69372732
[   19.053986] (\drivers\directx\rpi5vc4\rpi5vc4.c:460) RPI5VC4: V3D clock at 960 MHz
[   19.064989] (\drivers\directx\rpi5vc4\rpi5vc4_v3d.c:419) RPI5VC4: timer resolution granted 10000
[   19.070889] (\drivers\directx\rpi5vc4\rpi5vc4_v3d.c:423) RPI5VC4: init ERR_STAT after clear=00001000
[   19.080003] (\drivers\directx\rpi5vc4\rpi5vc4_v3d.c:433) RPI5VC4: V3D 7.1 online — hub 0x42554856/0x00081117 core 0x07443356, slab GPU VA 0x01000000 (65536 KB)
[   19.094411] (\drivers\directx\rpi5vc4\rpi5vc4_v3d.c:628) RPI5VC4: V3D interrupt connected (core=1/INTID282 hub=1/INTID281)
[   19.108222] RPI5VC4: LPTRS@0x110=000002a0 head=672 ctl0=600cc007 ptr1=3f400000 valid=1 match=1
[   19.114013] RPI5VC4: LPTRS@0x03c=ffffffff head=4095 (skip)
[   19.119480] RPI5VC4: takeover OK reg=0x110 head=672 fb=00:3f400000 cursor=0 start=0 count=10
[   19.128414] RPI5VC4: LPTRS@0x110=000002a0 head=672 ctl0=490cc007 ptr1=3f400000 valid=1 match=1
[   19.136483] RPI5VC4: LPTRS@0x03c=ffffffff head=4095 (skip)
[   19.141948] RPI5VC4: takeover OK reg=0x110 head=672 fb=00:3f400000 cursor=0 start=9 count=10
[   19.150366] RPI5VC4: LPTRS@0x110=000002a0 head=672 ctl0=490cc007 ptr1=3f400000 valid=1 match=1
[   19.158952] RPI5VC4: LPTRS@0x03c=ffffffff head=4095 (skip)
[   19.164421] RPI5VC4: takeover OK reg=0x110 head=672 fb=00:3f400000 cursor=0 start=9 count=10
[   19.266089] (\ntoskrnl\mm\ARM3\sysldr.c:170) Loading: \SystemRoot\system32\drivers\softgpu.sys at FFFFF12444F75000 with 8 pages
[   19.424917] (\drivers\directx\dxgkrnl\adapter.c:3376) DXGKRNL: ERROR: DxgkAdapterStart: NO translated resources! (PDO=FFFFCC5035F9F6E0 DOD=0)
[   19.434768] (\drivers\directx\softgpu\softgpu.c:370) SOFTGPU: no acquirable boot framebuffer -- declining (none exists, or a real GPU miniport owns the display)
[   19.449034] (\drivers\directx\dxgkrnl\adapter.c:3613) DXGKRNL: ERROR: DxgkAdapterStart: DxgkDdiStartDevice failed 0xC0000182 (IRQs fired during start=0, vec=0 msgbased=0)
[   19.464226] (\ntoskrnl\io\pnpmgr\pnproot.c:1373) IRP_MJ_PNP / Unknown minor function 0x1
[   19.472295] (\ntoskrnl\io\pnpmgr\devaction.c:1936) Removal vetoed by Root\SOFTGPU\0000
[   19.480184] (\ntoskrnl\io\pnpmgr\devaction.c:2057) Removal vetoed by failing the query remove request
[   19.489380] (\ntoskrnl\io\pnpmgr\pnproot.c:1373) IRP_MJ_PNP / Unknown minor function 0x3
[   19.563971] (\ntoskrnl\mm\ARM3\sysldr.c:170) Loading: \SystemRoot\system32\drivers\hidusb.sys at FFFFF12443F6C000 with 9 pages
[   19.684638] (\ntoskrnl\mm\ARM3\sysldr.c:170) Loading: \SystemRoot\system32\drivers\hidclass.sys at FFFFF12443F5E000 with e pages
[   19.823255] (\ntoskrnl\mm\ARM3\sysldr.c:170) Loading: \SystemRoot\system32\drivers\hidparse.sys at FFFFF12443F52000 with c pages
[   20.192347] (\drivers\hid\hidusb\hidusb.c:1957) Status 0
[   20.205541] (\ntoskrnl\io\pnpmgr\pnpmgr.c:164) CDDB: set Driver='{4D36E96F-E325-11CE-BFC1-08002BE10318}\0000' for critical device (0x00000000)
[   20.302337] (\ntoskrnl\mm\ARM3\sysldr.c:170) Loading: \SystemRoot\system32\drivers\mouhid.sys at FFFFF12443F42000 with 8 pages
[   20.564132] (\ntoskrnl\mm\ARM3\sysldr.c:170) Loading: \SystemRoot\system32\drivers\mouclass.sys at FFFFF12443F38000 with a pages
[   20.788879] (\ntoskrnl\mm\ARM3\sysldr.c:170) Loading: \SystemRoot\system32\drivers\fs_rec.sys at FFFFF12443F2E000 with a pages
[   21.052481] (\ntoskrnl\mm\ARM3\sysldr.c:170) Loading: \SystemRoot\system32\drivers\null.sys at FFFFF12443F26000 with 8 pages
[   21.190326] (\ntoskrnl\mm\ARM3\sysldr.c:170) Loading: \SystemRoot\system32\drivers\beep.sys at FFFFF12443F1F000 with 7 pages
[   21.441144] (\ntoskrnl\mm\ARM3\sysldr.c:170) Loading: \SystemRoot\system32\drivers\i8042prt.sys at FFFFF12443F0E000 with 11 pages
[   21.649458] (\ntoskrnl\wmi\smbios.c:172) Could not find the SMBIOS entry point
[   21.653799] (\ntoskrnl\wmi\smbios.c:233) WmipGetRawSMBiosTableData failed: 0xc0000225
[   21.661605] (\drivers\input\i8042prt\hwhacks.c:208) IoWMIOpenBlock failed: 0xc0000225
[   21.688407] (\ntoskrnl\mm\ARM3\sysldr.c:170) Loading: \SystemRoot\system32\drivers\kbdclass.sys at FFFFF12443F03000 with b pages
[   21.929563] (\ntoskrnl\mm\ARM3\sysldr.c:170) Loading: \SystemRoot\system32\drivers\dxgmms1.sys at FFFFF12443EF1000 with 12 pages
[   22.072014] (\drivers\directx\dxgmms1\dxgmms1.c:62) DXGMMS1: DriverEntry: DirectX GPU Memory Manager and Scheduler loading
[   22.080168] (\drivers\directx\dxgmms1\dxgmms1.c:69) DXGMMS1: DriverEntry: dxgmms1 loaded successfully
[   22.213172] (\ntoskrnl\mm\ARM3\sysldr.c:170) Loading: \SystemRoot\system32\drivers\blue.sys at FFFFF12443EE7000 with a pages
[   22.476327] (\ntoskrnl\mm\ARM3\sysldr.c:170) Loading: \SystemRoot\system32\drivers\viogpudo.sys at FFFFF12443EC9000 with 1e pages
[   22.631827] (\ntoskrnl\mm\ARM3\sysldr.c:170) Loading: \SystemRoot\system32\drivers\msfs.sys at FFFFF12443EC2000 with 7 pages
[   22.894239] (\ntoskrnl\mm\ARM3\sysldr.c:170) Loading: \SystemRoot\system32\drivers\npfs.sys at FFFFF12443EAD000 with 15 pages
[   23.029563] (\ntoskrnl\mm\ARM3\sysldr.c:170) Loading: \SystemRoot\system32\drivers\nwifi.sys at FFFFF12443E9C000 with 11 pages
[   23.288917] (\drivers\network\nwifi\nwifi.c:197) NWIFI: DriverEntry
[   23.292345] (\drivers\network\nwifi\control.c:633) NWIFI: control device \Device\Nwifi created
[   23.300888] (\drivers\network\nwifi\nwifi.c:239) NWIFI: DriverEntry succeeded
[   23.422077] (\ntoskrnl\mm\ARM3\sysldr.c:170) Loading: \SystemRoot\system32\drivers\afd.sys at FFFFF12443E82000 with 1a pages
[   23.567079] (\ntoskrnl\mm\ARM3\sysldr.c:170) Loading: \SystemRoot\system32\drivers\netio.sys at FFFFF12443E74000 with e pages
[   23.718363] (\ntoskrnl\io\pnpmgr\pnproot.c:1373) IRP_MJ_PNP / Unknown minor function 0x1
[   23.723573] (\ntoskrnl\io\pnpmgr\devaction.c:1936) Removal vetoed by Root\SOFTGPU\0000
[   23.731465] (\ntoskrnl\io\pnpmgr\devaction.c:2057) Removal vetoed by failing the query remove request
[   23.740659] (\ntoskrnl\io\pnpmgr\pnproot.c:1373) IRP_MJ_PNP / Unknown minor function 0x3
KDB: Executing KDBinit file...
KDB: KDBinit executed
[   23.827280] (\ntoskrnl\io\iomgr\driver.c:309) Deleting driver object '\Driver\KdDriver'
[   23.886198] WARNING:  RtlCreateTagHeap at \sdk\lib\rtl\heap.c:4043 is UNIMPLEMENTED!
[   24.298589] (\base\system\smss\pagefile.c:969) SMSS:PFILE: Volume `\??\C:\' (121) cannot store a paging file
[   24.443728] (\base\system\smss\pagefile.c:969) SMSS:PFILE: Volume `\??\D:\' (121) cannot store a paging file
[   24.565791] (\base\system\smss\pagefile.c:930) SMSS:PFILE: Open volume `\??\E:\' failed with status C000014F
[   24.687846] (\base\system\smss\pagefile.c:930) SMSS:PFILE: Open volume `\??\F:\' failed with status C000014F
[   24.694783] (\base\system\smss\pagefile.c:1048) SMSS:PFILE: No paging-file-capable volumes found
[   24.703548] (\ntoskrnl\config\cmsysini.c:1214) CmpGetRegistryPath: ConfigPath = '\SystemRoot\System32\Config\'
[   24.713542] (\ntoskrnl\config\cmsysini.c:1214) CmpGetRegistryPath: ConfigPath = '\SystemRoot\System32\Config\'
[   24.713568] (\ntoskrnl\config\cmsysini.c:1214) CmpGetRegistryPath: ConfigPath = '\SystemRoot\System32\Config\'
[   24.723505] (\ntoskrnl\config\cmsysini.c:1214) CmpGetRegistryPath: ConfigPath = '\SystemRoot\System32\Config\'
[   24.713553] (\ntoskrnl\config\cmsysini.c:1214) CmpGetRegistryPath: ConfigPath = '\SystemRoot\System32\Config\'
[   24.713609] (\ntoskrnl\config\cmsysini.c:1214) CmpGetRegistryPath: ConfigPath = '\SystemRoot\System32\Config\'
[   24.753479] (\ntoskrnl\config\cmsysini.c:1214) CmpGetRegistryPath: ConfigPath = '\SystemRoot\System32\Config\'
[   25.129944] (\ntoskrnl\mm\ARM3\session.c:846) Session 0 is ready to go: 0xFFFFF97FFF010000 0xFFFFF12443E18000, 2221 0x0000000000000000
[   25.272198] (\ntoskrnl\mm\ARM3\sysldr.c:170) Loading: \SystemRoot\System32\win32k.sys at FFFFF12443C9E000 with 17a pages
[   25.447589] (\ntoskrnl\mm\ARM3\sysldr.c:170) Loading: \SystemRoot\System32\ftfd.dll at FFFFF12443BFC000 with a2 pages
[   25.719447] (\win32ss\gdi\ntgdi\d3dkmt.c:183) DxStartupDxgkInt: Entry
[   25.723044] (\win32ss\reactx\ntddraw\ddraw.c:57) Warning: trying loading xp/2003/windows7/reactos dxg.sys
[   25.845738] (\ntoskrnl\mm\ARM3\sysldr.c:170) Loading: \SystemRoot\System32\drivers\dxg.sys at FFFFF12443BDE000 with b pages
[   25.890685] (\ntoskrnl\mm\ARM3\sysldr.c:170) Loading: \SystemRoot\System32\drivers\dxgthk.sys at FFFFF12443BD9000 with 5 pages
[   26.217189] (\win32ss\reactx\ntddraw\ddraw.c:112) DirectX interface is activated
[   26.829257] (\win32ss\user\ntuser\winsta.c:243) err: Invalid window station handle
[   26.834006] (\win32ss\user\ntuser\clipboard.c:31) err: Cannot open winsta
[   27.248784] (\win32ss\user\ntuser\class.c:2396) err: SYSTEMCUR(ARROW) == NULL, should not happen!!
[   27.248790] (\win32ss\user\ntuser\keyboard.c:221) err: NtDeviceIoControlFile() failed, ignored
[   27.254872] (\win32ss\user\ntuser\class.c:2396) err: SYSTEMCUR(ARROW) == NULL, should not happen!!
[   27.272393] (\win32ss\user\ntuser\class.c:2396) err: SYSTEMCUR(ARROW) == NULL, should not happen!!
[   27.281327] (\win32ss\user\ntuser\class.c:2396) err: SYSTEMCUR(ARROW) == NULL, should not happen!!
[   27.290267] (\win32ss\user\ntuser\class.c:2396) err: SYSTEMCUR(ARROW) == NULL, should not happen!!
[   27.299199] (\win32ss\user\ntuser\class.c:2396) err: SYSTEMCUR(ARROW) == NULL, should not happen!!
[   27.311695] (\win32ss\user\ntuser\desktop.c:3395) err: The process 0xFFFFCC5035C10B30 'winlogon.exe' didn't have an assigned startup desktop before, assigning it now!
[   27.323709] (\win32ss\user\ntuser\desktop.c:3333) err: Attempted to change thread desktop although the thread has windows!
[   27.334848] (\win32ss\user\winsrv\usersrv\init.c:171) We are logged off
[   27.394309] (\ntoskrnl\mm\ARM3\sysldr.c:170) Loading: \SystemRoot\System32\kbdus.dll at FFFFF12443B9B000 with 5 pages
[   27.884614] (\base\system\services\services.c:64) CheckSetup()
[   27.887642] (\base\system\services\services.c:108) Running on LiveCD
[   27.893899] (\base\system\services\services.c:130) ReactOS Setup currently in progress!
[   27.929806] WARNING:  HvHiveWillShrink at \sdk\lib\cmlib\hivewrt.c:584 is UNIMPLEMENTED!
[   28.265370] (\win32ss\gdi\eng\mouse.c:811) Failed to lock the DC.
[   28.289177] fixme:(\dll\win32\rpcrt4\rpc_server.c:1736) (0x1000): stub
[   28.307854] (\base\system\services\services.c:185) ScmLogEvent: RegisterEventSourceW failed 1722
[   28.315376] WARNING:  getMacAddress at \base\services\dcomlaunch\network.c:32 is UNIMPLEMENTED!
[   28.322433] (\base\services\dcomlaunch\network.c:136) Failed finding a proper MAC address, will generate seed
[   28.334025] (\base\system\services\services.c:185) ScmLogEvent: RegisterEventSourceW failed 1722
[   28.375324] (\ntoskrnl\mm\ARM3\sysldr.c:170) Loading: \SystemRoot\System32\cdd.dll at FFFFF12443A9C000 with 9 pages
[   28.428772] WARNING:  LDEVOBJ_bUnloadImage at \win32ss\gdi\eng\ldevobj.c:291 is UNIMPLEMENTED!
[   28.430537] (\base\system\services\services.c:185) ScmLogEvent: RegisterEventSourceW failed 1722
[   28.673914] (\ntoskrnl\mm\ARM3\sysldr.c:170) Loading: \SystemRoot\System32\framebuf.dll at FFFFF12443A54000 with 9 pages
[   29.009307] WARNING:  LDEVOBJ_bUnloadImage at \win32ss\gdi\eng\ldevobj.c:291 is UNIMPLEMENTED!
[   29.016836] (\win32ss\reactx\ntddraw\dxeng.c:286) ReactX Calling : DxEngGetHdevData, Type: 12
[   29.023535] (\win32ss\reactx\ntddraw\dxeng.c:289) hDev: FFFFDD338D2DB900
[   29.030218] (\win32ss\reactx\ntddraw\dxeng.c:343) requested DxEGShDevData_display
[   29.037677] (\win32ss\reactx\ntddraw\dxeng.c:376) retVal: 00000001
[   29.043839] (\win32ss\reactx\ntddraw\dxeng.c:286) ReactX Calling : DxEngGetHdevData, Type: 7
[   29.052253] (\win32ss\reactx\ntddraw\dxeng.c:289) hDev: FFFFDD338D2DB900
[   29.058935] (\win32ss\reactx\ntddraw\dxeng.c:323) requested DxEGShDevData_eddg
[   29.066135] (\win32ss\reactx\ntddraw\dxeng.c:376) retVal: ffffdd338d2dc010
[   29.072991] (\win32ss\reactx\ntddraw\dxeng.c:286) ReactX Calling : DxEngGetHdevData, Type: 6
[   29.081405] (\win32ss\reactx\ntddraw\dxeng.c:289) hDev: FFFFDD338D2DB900
[   29.088088] (\win32ss\reactx\ntddraw\dxeng.c:319) requested DxEGShDevData_dhpdev
[   29.095461] (\win32ss\reactx\ntddraw\dxeng.c:376) retVal: ffffdd338d2dce60
[   29.102317] (\win32ss\reactx\ntddraw\dxeng.c:534) ReactX Calling : DxEngLockHdev
[   29.109689] (\win32ss\reactx\ntddraw\dxeng.c:536) hDev: FFFFDD338D2DB900
[   29.116373] (\win32ss\reactx\ntddraw\dxeng.c:286) ReactX Calling : DxEngGetHdevData, Type: 5
[   29.116986] RPI5VC4: present #1 moves=0 dirty=1 flip=0 idx=0 scan=3f400000
[   29.124786] (\win32ss\reactx\ntddraw\dxeng.c:289) hDev: FFFFDD338D2DB900
[   29.138325] (\win32ss\reactx\ntddraw\dxeng.c:315) requested DxEGShDevData_DrvFuncs
[   29.145870] (\win32ss\reactx\ntddraw\dxeng.c:376) retVal: ffffdd338d2dbc68
[   29.152727] (\win32ss\reactx\ntddraw\dxeng.c:571) ReactX Calling : DxEngUnlockHdev
[   29.156376] RPI5VC4: flip ring: 3 x 8100 KB at 00:441db000
[   29.170673] RPI5VC4: LPTRS@0x110=000002a0 head=672 ctl0=490cc007 ptr1=3f400000 valid=1 match=1
[   29.176399] RPI5VC4: LPTRS@0x03c=ffffffff head=4095 (skip)
[   29.181863] RPI5VC4: flip OK head=672 -> 00:441db000
[   29.280917] err:(\win32ss\user\user32\windows\cursoricon.c:274) Loading System Cursors
[   29.447404] RPI5VC4: present #2 moves=0 dirty=1 flip=3 idx=0 scan=441db000
[   29.456699] RPI5VC4: LPTRS@0x110=000002a0 head=672 ctl0=490cc007 ptr1=441db000 valid=1 match=1
[   29.462424] RPI5VC4: LPTRS@0x03c=ffffffff head=4095 (skip)
[   29.467894] RPI5VC4: flip OK head=672 -> 00:449c4000
[   29.673373] fixme:(\dll\win32\rpcrt4\rpc_server.c:1736) (0x1000): stub
[   29.678460] err:(\dll\win32\lsasrv\lsarpc.c:1452) LsapOpenDbObject(Accounts/S-1-5-6) failed (Status 0xc0000034)
[   29.732737] RPI5VC4: present #3 moves=0 dirty=1 flip=3 idx=1 scan=449c4000
[   29.749328] RPI5VC4: LPTRS@0x110=000002a0 head=672 ctl0=490cc007 ptr1=449c4000 valid=1 match=1
[   29.755053] RPI5VC4: LPTRS@0x03c=ffffffff head=4095 (skip)
[   29.760525] RPI5VC4: flip OK head=672 -> 00:451ad000
[   29.929175] err:(\win32ss\user\user32\misc\dllmain.c:668) hIconSmWindows 0000000000020070 hIconWindows 000000000002006E 
[   29.937172] (\win32ss\user\ntuser\callback.c:1149) err: hIconSmWindows 0000000000020070 hIconWindows 000000000002006E 
[   29.948352] (\win32ss\user\ntuser\desktop.c:3333) err: Attempted to change thread desktop although the thread has windows!
[   29.963661] RPI5VC4: present #4 moves=0 dirty=1 flip=3 idx=2 scan=451ad000
[   29.972846] RPI5VC4: LPTRS@0x110=000002a0 head=672 ctl0=490cc007 ptr1=451ad000 valid=1 match=1
[   29.978572] RPI5VC4: LPTRS@0x03c=ffffffff head=4095 (skip)
[   29.984040] RPI5VC4: flip OK head=672 -> 00:441db000
[   30.067660] RPI5VC4: LPTRS@0x110=000002a0 head=672 ctl0=490cc007 ptr1=441db000 valid=1 match=1
[   30.073394] RPI5VC4: LPTRS@0x03c=ffffffff head=4095 (skip)
[   30.078856] RPI5VC4: flip OK head=672 -> 00:449c4000
[   30.084073] RPI5VC4: present #64 moves=0 dirty=1 flip=3 idx=1 scan=449c4000
[   30.091407] RPI5VC4: present #128 moves=0 dirty=1 flip=3 idx=1 scan=449c4000
[   30.097882] RPI5VC4: LPTRS@0x110=000002a0 head=672 ctl0=490cc007 ptr1=449c4000 valid=1 match=1
[   30.106362] RPI5VC4: takeover OK reg=0x110 head=672 fb=00:449c4000 cursor=1 start=9 count=19
[   30.229997] err:(\win32ss\user\user32\windows\window.c:496) CreateWindowExW RegisterSystemControls
[   30.354139] RPI5VC4: LPTRS@0x110=000002a0 head=672 ctl0=490cc007 ptr1=449c4000 valid=1 match=1
[   30.359876] RPI5VC4: flip OK head=672 -> 00:451ad000
[   30.624080] RPI5VC4: LPTRS@0x110=000002a0 head=672 ctl0=490cc007 ptr1=451ad000 valid=1 match=1
[   30.629809] RPI5VC4: flip OK head=672 -> 00:441db000
[   30.753098] (\win32ss\user\ntuser\desktop.c:1370) err: ptiLastInput is CLEARED!!
[   30.758262] (\ntoskrnl\config\cmcontrl.c:269) CmpSaveBootControlSet(1)
[   30.758748] RPI5VC4: LPTRS@0x110=000002a0 head=672 ctl0=490cc007 ptr1=441db000 valid=1 match=1
[   30.772725] RPI5VC4: takeover OK reg=0x110 head=672 fb=00:441db000 cursor=0 start=9 count=10
[   30.781333] (\win32ss\user\ntuser\desktop.c:3333) err: Attempted to change thread desktop although the thread has windows!
[   30.810187] RPI5VC4: present #192 moves=0 dirty=1 flip=3 idx=1 scan=449c4000
[   30.815032] RPI5VC4: present #256 moves=0 dirty=1 flip=3 idx=1 scan=449c4000
[   31.159024] err:(\base\services\wkssvc\wkssvc.c:82) ServiceInit()
[   31.186563] fixme:(\win32ss\printing\providers\localspl\monitors.c:265) InitializePrintMonitor2 loaded.
[   31.193287] fixme:(\win32ss\printing\providers\localspl\monitors.c:304) InitializePrintMonitorList Handle 00000000401366F0
[   31.198404] err:(\base\services\wkssvc\rpcserver.c:61) RpcServerListen() failed (Status 6b1)
[   31.242130] (\dll\ntdll\ldr\ldrinit.c:2244) WARN: Accepting different LOAD_CONFIG size!
[   31.251792] fixme:(\base\services\browser\browser.c:144) ServiceMain(1 0000000040129C50)
[   31.258461] err:(\base\services\browser\rpcserver.c:42) RpcServerListen() failed (Status 6b1)
[   31.259110] fixme:(\win32ss\printing\providers\localspl\forms.c:234) InitializeFormList
[   31.274167] fixme:(\win32ss\printing\providers\localspl\printerdrivers.c:788) LocalGetPrinterDriverDirectory((null), Windows ARM64, 1, 00000000419FF168, 520, 00000000419FF164)
[   31.339707] fixme:(\win32ss\printing\providers\localspl\printerdrivers.c:832) => L"C:\\ReactOS\\System32\\spool\\drivers\\arm64"
[   31.348494] fixme:(\win32ss\printing\providers\localspl\printerdrivers.c:114) DriverPath : C:\ReactOS\System32\spool\drivers\arm64\3\UniDrv.dll
[   31.351933] (\dll\win32\syssetup\wizard.c:1482) Applying visual theme '(Classic)'
[   31.355559] (\win32ss\user\ntuser\desktop.c:2766) err: Attempted to close thread desktop
[   32.144872] (\win32ss\user\ntuser\winpos.c:796) err: FIXME: Parent is Desktop, Min off screen!
[   32.151293] err:(\dll\win32\combase\combase.c:1796) class {56fdf344-fd6d-11d0-958a-006097c9a090} not registered
[   32.160673] err:(\dll\win32\combase\combase.c:1874) no class object {56fdf344-fd6d-11d0-958a-006097c9a090} could be created for context 0x1
[   33.116649] RPI5VC4: present #320 moves=0 dirty=1 flip=3 idx=1 scan=449c4000
[   33.121040] RPI5VC4: present #384 moves=0 dirty=1 flip=3 idx=1 scan=449c4000
[   33.136348] RPI5VC4: present #448 moves=0 dirty=1 flip=3 idx=2 scan=451ad000
[   33.140730] RPI5VC4: present #512 moves=0 dirty=1 flip=3 idx=2 scan=451ad000
[   33.155497] RPI5VC4: present #576 moves=0 dirty=1 flip=3 idx=0 scan=441db000
[   33.822489] RPI5VC4: present #640 moves=0 dirty=1 flip=3 idx=2 scan=451ad000
[   36.387373] RPI5VC4: present #704 moves=0 dirty=1 flip=3 idx=2 scan=451ad000
[   38.953052] RPI5VC4: present #768 moves=0 dirty=1 flip=3 idx=2 scan=451ad000
[   41.515278] RPI5VC4: present #832 moves=0 dirty=1 flip=3 idx=2 scan=451ad000
[   44.077458] RPI5VC4: present #896 moves=0 dirty=1 flip=3 idx=2 scan=451ad000
[   46.643051] RPI5VC4: present #960 moves=0 dirty=1 flip=3 idx=2 scan=451ad000
[   49.205223] RPI5VC4: present #1024 moves=0 dirty=1 flip=3 idx=2 scan=451ad000
[   51.767325] RPI5VC4: present #1088 moves=0 dirty=1 flip=3 idx=2 scan=451ad000
[   54.332894] RPI5VC4: present #1152 moves=0 dirty=1 flip=3 idx=2 scan=451ad000
[   56.898529] RPI5VC4: present #1216 moves=0 dirty=1 flip=3 idx=2 scan=451ad000
[   59.464165] RPI5VC4: present #1280 moves=0 dirty=1 flip=3 idx=2 scan=451ad000
[   61.135830] (\base\system\services\database.c:1840) Log EVENT_CONNECTION_TIMEOUT by GearsSvc
[   61.141385] (\base\system\services\database.c:2107) Connecting control pipe failed! (Error 1053)
[   61.150154] (\base\system\services\database.c:2121) Terminating unresponsive service process 'GearsSvc'
[   61.159526] (\base\system\services\database.c:753) ScmRemoveServiceImage() called
[   61.204410] err:(\base\services\srvsvc\rpcserver.c:64) RpcServerListen() failed (Status 6b1)
[   61.232432] V3DSMOKE: rpi5vc4 V3dReady=1 ver=71 slab=64MB gpuva=0x01000000
[   61.236438] (\drivers\directx\dxgkrnl\d3dkmt.c:3488) D3DKMT CREATEALLOC #1 enter
[   61.243809] (\drivers\directx\dxgkrnl\d3dkmt.c:3491) D3DKMT CREATEALLOC #1 exit 0x00000000
[   61.252071] (\drivers\directx\dxgkrnl\d3dkmt.c:3524) D3DKMT LOCK #1 enter hAlloc=0x4d4d414d
[   61.260735] (\drivers\directx\dxgkrnl\vidmm.c:3077) VidMm usermap #1 h=0x4D4D414D va=0000000040520000 resident=1 seg=1 pa=401db000 cache=2
[   61.272783] (\drivers\directx\dxgkrnl\d3dkmt.c:3570) D3DKMT LOCK #1 exit va=0000000040520000
[   61.281256] (\drivers\directx\rpi5vc4\rpi5vc4_wddm.c:276) RPI5VC4: V3D job fence=1 EMPTY ranges bcl=00000000..00000000 rcl=01000000..01000000 qts=00000000 — completing without kick
[   61.297481] V3DSMOKE: alloc-relative submit status=0x00000000
[   61.303166] (\drivers\directx\dxgkrnl\d3dkmt.c:3488) D3DKMT CREATEALLOC #2 enter
[   61.310530] (\drivers\directx\dxgkrnl\d3dkmt.c:3491) D3DKMT CREATEALLOC #2 exit 0x00000000
[   61.332009] (\base\system\services\database.c:1836) Service V3dProbe exited without connecting the control pipe
[   61.339216] (\base\system\services\database.c:2107) Connecting control pipe failed! (Error 1053)
[   61.347978] (\base\system\services\database.c:753) ScmRemoveServiceImage() called
[   61.391169] (\base\services\wuauserv\wuauserv.c:44) WU UpdateServiceStatus(4) called
[   61.406498] (\base\services\umpnpmgr\install.c:931) Boot device install: 38 candidate(s), 36 need install
[   61.413184] (\base\services\umpnpmgr\install.c:392) Installing: batch[36 devices]
[   61.428053] (\base\services\umpnpmgr\event.c:103) Removal pending: Root\SOFTGPU\0000
[   61.432940] (\base\services\umpnpmgr\event.c:99) Removal vetoed: Root\SOFTGPU\0000
[   61.440696] (\base\services\umpnpmgr\event.c:103) Removal pending: Root\SOFTGPU\0000
[   61.448319] (\base\services\umpnpmgr\event.c:99) Removal vetoed: Root\SOFTGPU\0000
[   61.548891] (\base\services\umpnpmgr\install.c:526) Installing: ACPI\ACPI0004\0
[   61.553337] (\base\services\umpnpmgr\install.c:526) Installing: ACPI\ACPI0004\1
[   61.560620] (\base\services\umpnpmgr\install.c:526) Installing: ACPI\ACPI0007\0
[   61.567904] (\base\services\umpnpmgr\install.c:526) Installing: ACPI\ACPI0007\1
[   61.575196] (\base\services\umpnpmgr\install.c:526) Installing: ACPI\ACPI0007\2
[   61.582482] (\base\services\umpnpmgr\install.c:526) Installing: ACPI\ACPI0007\3
[   61.589771] (\base\services\umpnpmgr\install.c:526) Installing: ACPI\AMZN0001\1
[   61.597057] (\base\services\umpnpmgr\install.c:526) Installing: ACPI\ARMH0011\0
[   61.604347] (\base\services\umpnpmgr\install.c:526) Installing: ACPI\BRCM5D12\0
[   61.611636] (\base\services\umpnpmgr\install.c:526) Installing: ACPI\BRCM5D12\1
[   61.618925] (\base\services\umpnpmgr\install.c:526) Installing: ACPI\FixedButton\2&ccb86d17&FFB0
[   61.627685] (\base\services\umpnpmgr\install.c:526) Installing: ACPI\PNP0A08\1
[   61.634888] (\base\services\umpnpmgr\install.c:526) Installing: ACPI\PNP0D10\0
[   61.642088] (\base\services\umpnpmgr\install.c:526) Installing: ACPI\PNP0D10\1
[   61.649290] (\base\services\umpnpmgr\install.c:526) Installing: ACPI\PRP0001\0
[   61.656492] (\base\services\umpnpmgr\install.c:526) Installing: ACPI_HAL\PNP0C08\0
[   61.664042] (\base\services\umpnpmgr\install.c:526) Installing: DISPLAY\Default_Monitor\4&00000000&0&00
[   61.673409] (\base\services\umpnpmgr\install.c:526) Installing: DISPLAY\Default_Monitor\4&00000001&0&01
[   61.682782] (\base\services\umpnpmgr\install.c:526) Installing: HID\Vid_413c&Pid_301a\5&68ef529e&2&Col0001
[   61.692410] (\base\services\umpnpmgr\install.c:526) Installing: HTREE\ROOT\0
[   61.699442] (\base\services\umpnpmgr\install.c:526) Installing: Root\ACPI_HAL\0000
[   61.706987] (\base\services\umpnpmgr\install.c:526) Installing: SD\VID_0003&PID_FF00\00000000_00000000_B0FEFF00
[   61.717059] (\base\services\umpnpmgr\install.c:526) Installing: SDIO\VEN_02D0&DEV_4345&FUNC_1\00000000_00000000_02D0_4345_FUNC_1
[   61.728594] (\base\services\umpnpmgr\install.c:526) Installing: SDIO\VEN_02D0&DEV_4345&FUNC_2\00000000_00000000_02D0_4345_FUNC_2
[   61.740134] (\base\services\umpnpmgr\install.c:526) Installing: SDIO\VEN_02D0&DEV_4345&FUNC_3\00000000_00000000_02D0_4345_FUNC_3
[   61.751672] (\base\services\umpnpmgr\install.c:526) Installing: STORAGE\Partition\6&3c4bbb55&S00000000_O100000_L2ff00000
[   61.762519] (\base\services\umpnpmgr\install.c:526) Installing: STORAGE\Partition\6&87aea797&S9df3f58f-f8ad-4f63-9de5-0e0a91c4e2a0S_O100000_L10400000
[   61.775880] (\base\services\umpnpmgr\install.c:526) Installing: STORAGE\Partition\6&87aea797&S9df3f58f-f8ad-4f63-9de5-0e0a91c4e2a0S_O10500000_L1000000
[   61.789329] (\base\services\umpnpmgr\install.c:526) Installing: STORAGE\Partition\6&87aea797&S9df3f58f-f8ad-4f63-9de5-0e0a91c4e2a0S_O11500000_L7c0000000
[   61.802949] (\base\services\umpnpmgr\install.c:526) Installing: USB\ROOT_HUB\3&cc8c31f5
[   61.810928] (\base\services\umpnpmgr\install.c:526) Installing: USB\ROOT_HUB\3&d59700b4
[   61.818919] (\base\services\umpnpmgr\install.c:526) Installing: USB\Vid_0781&Pid_5581\0901da96cc5f2a6e98145c166ee0bf8579199debc6f1126c17dcbe55724e3388e11a00000000000000000000897c8cadff082920815581076e327e7a
[   61.820244] (\base\services\umpnpmgr\rpcserver.c:3673) PNP_SetDeviceProblem(000000004012B230 ACPI\ACPI0004\0 28 0x00000001)
[   61.837227] (\base\services\umpnpmgr\install.c:526) Installing: USB\Vid_0781&Pid_5591\01016e01ffd6f47ad7a9a904dc54438de8ee4ed362c463e23b37a4d9b83f12b6b3e3000000000000000000004ca60268000d5400915581077b32dc12
[   61.848369] (\base\services\umpnpmgr\rpcserver.c:277) SetDeviceStatus(ACPI\ACPI0004\0 0x400 0x1c)
[   61.866632] (\base\services\umpnpmgr\install.c:526) Installing: USB\Vid_413c&Pid_301a\4&83bb0d7e&2
[   61.875491] (\ntoskrnl\io\pnpmgr\plugplay.c:983) Set status data is NOT SUPPORTED
[   61.884427] (\base\services\umpnpmgr\install.c:526) Installing: USBSTOR\Disk&Ven__USB____&Prod__SanDisk_3.2Gen1&Rev_1.00\5&955e2bc9&01016e01ffd6f47ad7a9a904dc54438de8ee4ed362c463e23b37a4d9b83f12b6b3e3000000000000000000004ca60268000d5400915581077b32dc12&0
[   61.894946] (\base\services\umpnpmgr\rpcserver.c:3673) PNP_SetDeviceProblem(000000004012B230 ACPI\ACPI0004\1 28 0x00000001)
[   61.914358] (\base\services\umpnpmgr\install.c:526) Installing: USBSTOR\Disk&Ven__USB____&Prod__SanDisk_3.2Gen1&Rev_1.00\5&bb7f1351&0901da96cc5f2a6e98145c166ee0bf8579199debc6f1126c17dcbe55724e3388e11a00000000000000000000897c8cadff082920815581076e327e7a&0
[   61.925478] (\base\services\umpnpmgr\rpcserver.c:277) SetDeviceStatus(ACPI\ACPI0004\1 0x400 0x1c)
[   61.956789] (\ntoskrnl\io\pnpmgr\plugplay.c:983) Set status data is NOT SUPPORTED
[   62.109773] RPI5VC4: present #1344 moves=0 dirty=1 flip=3 idx=2 scan=451ad000
[   62.555831] (\base\services\umpnpmgr\rpcserver.c:3673) PNP_SetDeviceProblem(000000004012B230 ACPI\BRCM5D12\0 28 0x00000001)
[   62.564117] (\base\services\umpnpmgr\rpcserver.c:277) SetDeviceStatus(ACPI\BRCM5D12\0 0x400 0x1c)
[   62.572950] (\ntoskrnl\io\pnpmgr\plugplay.c:983) Set status data is NOT SUPPORTED
[   62.581565] (\base\services\umpnpmgr\rpcserver.c:3673) PNP_SetDeviceProblem(000000004012B230 ACPI\BRCM5D12\1 28 0x00000001)
[   62.591525] (\base\services\umpnpmgr\rpcserver.c:277) SetDeviceStatus(ACPI\BRCM5D12\1 0x400 0x1c)
[   62.600364] (\ntoskrnl\io\pnpmgr\plugplay.c:983) Set status data is NOT SUPPORTED
[   62.890745] (\ntoskrnl\io\pnpmgr\devaction.c:2657) NOTE: attempt to start an already started/uninitialized device ACPI\PNP0A08\1
[   63.039687] (\ntoskrnl\io\pnpmgr\devaction.c:2657) NOTE: attempt to start an already started/uninitialized device ACPI\PNP0D10\0
[   63.186909] (\ntoskrnl\io\pnpmgr\devaction.c:2657) NOTE: attempt to start an already started/uninitialized device ACPI\PNP0D10\1
[   63.362136] (\ntoskrnl\mm\ARM3\sysldr.c:170) Loading: \SystemRoot\System32\drivers\rp1gem.sys at FFFFF1244206F000 with c pages
[   63.385262] NDIS6-INIT: NdisAllocateBufferPool -> 0x00000000, handle=0000000000000000
[   63.390209] NDIS6-INIT: NdisAllocatePacketPool -> 0x00000000, handle=FFFFCC50350EF000
[   63.398646] NDIS6: InitializeEx → driver (adapter=FFFFCC50350F41C0 pdo=FFFFCC5035E9DC70 fdo=FFFFCC50350F4070 next=FFFFCC5035E9DC70)
[   63.416210] NDIS6: NdisMRegisterInterruptEx vec=261 irql=12 affinity=0x1 mode=Level share=1
[   63.421681] NDIS6: IoConnectInterrupt -> 0x00000000, KINTERRUPT=FFFFCC503605F3B0
[   63.429184] NDIS6: adapter FFFFCC50350F41C0 MAC 2c:cf:67:dd:90:9a connect=2
[   63.436127] NDIS6: InitializeEx returned 0x00000000 (ctx=FFFFCC50350EA000)
[   63.442850] (\drivers\network\nwifi\protocol.c:248) NWIFI: BindAdapterEx '\Device\{64494d5f-8bfb-44da-91ec-2073ddcb3961}'
[   63.453782] (\drivers\network\nwifi\protocol.c:253) NWIFI: skipping non-dot11 medium 0
[   63.601586] (\ntoskrnl\io\pnpmgr\devaction.c:2657) NOTE: attempt to start an already started/uninitialized device ACPI_HAL\PNP0C08\0
[   63.772785] (\ntoskrnl\io\pnpmgr\devaction.c:2657) NOTE: attempt to start an already started/uninitialized device HID\Vid_413c&Pid_301a\5&68ef529e&2&Col0001
[   63.919860] (\ntoskrnl\io\pnpmgr\devaction.c:2657) NOTE: attempt to start an already started/uninitialized device Root\ACPI_HAL\0000
[   64.060353] (\base\services\umpnpmgr\rpcserver.c:3673) PNP_SetDeviceProblem(000000004012B230 SD\VID_0003&PID_FF00\00000000_00000000_B0FEFF00 28 0x00000001)
[   64.071399] (\base\services\umpnpmgr\rpcserver.c:277) SetDeviceStatus(SD\VID_0003&PID_FF00\00000000_00000000_B0FEFF00 0x400 0x1c)
[   64.083011] (\ntoskrnl\io\pnpmgr\plugplay.c:983) Set status data is NOT SUPPORTED
[   64.235966] (\ntoskrnl\mm\ARM3\sysldr.c:170) Loading: \SystemRoot\System32\drivers\cyw43455.sys at FFFFF12442061000 with e pages
[   64.258521] NDIS6-INIT: NdisAllocateBufferPool -> 0x00000000, handle=0000000000000000
[   64.263472] NDIS6-INIT: NdisAllocatePacketPool -> 0x00000000, handle=FFFFCC50361BE000
[   64.271306] NDIS6: InitializeEx → driver (adapter=FFFFCC50361BD1C0 pdo=FFFFCC5035DCF070 fdo=FFFFCC50361BD070 next=FFFFCC5035DCF070)
[   64.515157] NDIS6: adapter FFFFCC50361BD1C0 MAC b8:27:eb:74:f2:6c connect=2
[   64.519298] NDIS6: InitializeEx returned 0x00000000 (ctx=FFFFCC50361C3000)
[   64.526121] (\drivers\network\nwifi\protocol.c:248) NWIFI: BindAdapterEx '\Device\{9402eee0-8baa-42c0-b4c7-35028a4274c7}'
[   64.537538] NDIS6: seeded TCPIP registry for \Device\{B1D2C3E4-5F6A-4B8C-9D0E-02524F535731}
[   64.545354] NDIS6: InitializeEx → driver (adapter=FFFFCC50364261C0 pdo=FFFFCC5036426070 fdo=FFFFCC5036426070 next=0000000000000000)
[   64.557326] (\drivers\network\nwifi\miniport.c:117) NWIFI: MiniportInitializeEx interface 0
[   64.565653] NDIS6: adapter FFFFCC50364261C0 MAC b8:27:eb:74:f2:6c connect=2
[   64.572595] NDIS6: InitializeEx returned 0x00000000 (ctx=FFFFCC503625AA70)
[   64.579447] NDIS6: Restart → driver
[   64.583094] (\drivers\network\nwifi\miniport.c:210) NWIFI: MiniportRestartEx interface 0
[   64.591162] NDIS6: LINK_STATE adapter=FFFFCC50364261C0 connect=2 rx=18446744073709551615 tx=18446744073709551615
[   64.601313] NDIS6: RestartHandler returned 0x00000000
[   64.606346] (\drivers\network\nwifi\protocol.c:248) NWIFI: BindAdapterEx '\Device\{B1D2C3E4-5F6A-4B8C-9D0E-02524F535731}'
[   64.617277] (\drivers\network\nwifi\protocol.c:253) NWIFI: skipping non-dot11 medium 0
[   64.625173] (\drivers\network\nwifi\protocol.c:383) NWIFI: bound interface 0 MAC b8:27:eb:74:f2:6c
[   64.737538] RPI5VC4: present #1408 moves=0 dirty=1 flip=3 idx=2 scan=451ad000
[   64.772304] (\base\services\umpnpmgr\rpcserver.c:3673) PNP_SetDeviceProblem(000000004012B230 SDIO\VEN_02D0&DEV_4345&FUNC_2\00000000_00000000_02D0_4345_FUNC_2 28 0x00000001)
[   64.784824] (\base\services\umpnpmgr\rpcserver.c:277) SetDeviceStatus(SDIO\VEN_02D0&DEV_4345&FUNC_2\00000000_00000000_02D0_4345_FUNC_2 0x400 0x1c)
[   64.797908] (\ntoskrnl\io\pnpmgr\plugplay.c:983) Set status data is NOT SUPPORTED
[   64.938262] (\base\services\umpnpmgr\rpcserver.c:3673) PNP_SetDeviceProblem(000000004012B230 SDIO\VEN_02D0&DEV_4345&FUNC_3\00000000_00000000_02D0_4345_FUNC_3 28 0x00000001)
[   64.950784] (\base\services\umpnpmgr\rpcserver.c:277) SetDeviceStatus(SDIO\VEN_02D0&DEV_4345&FUNC_3\00000000_00000000_02D0_4345_FUNC_3 0x400 0x1c)
[   64.963869] (\ntoskrnl\io\pnpmgr\plugplay.c:983) Set status data is NOT SUPPORTED
[   65.249646] (\ntoskrnl\io\pnpmgr\devaction.c:2657) NOTE: attempt to start an already started/uninitialized device USB\ROOT_HUB\3&cc8c31f5
[   65.400837] (\ntoskrnl\io\pnpmgr\devaction.c:2657) NOTE: attempt to start an already started/uninitialized device USB\ROOT_HUB\3&d59700b4
[   65.547206] (\ntoskrnl\io\pnpmgr\devaction.c:2657) NOTE: attempt to start an already started/uninitialized device USB\Vid_0781&Pid_5581\0901da96cc5f2a6e98145c166ee0bf8579199debc6f1126c17dcbe55724e3388e11a00000000000000000000897c8cadff082920815581076e327e7a
[   65.707607] (\ntoskrnl\io\pnpmgr\devaction.c:2657) NOTE: attempt to start an already started/uninitialized device USB\Vid_0781&Pid_5591\01016e01ffd6f47ad7a9a904dc54438de8ee4ed362c463e23b37a4d9b83f12b6b3e3000000000000000000004ca60268000d5400915581077b32dc12
[   65.869053] (\ntoskrnl\io\pnpmgr\devaction.c:2657) NOTE: attempt to start an already started/uninitialized device USB\Vid_413c&Pid_301a\4&83bb0d7e&2
[   66.033628] (\dll\win32\storprop\disk.c:63) DiskClassInstaller(23 00000000401335F0 0000000040136780)
[   66.039974] (\dll\win32\storprop\disk.c:63) DiskClassInstaller(24 00000000401335F0 0000000040136780)
[   66.049052] (\dll\win32\storprop\disk.c:63) DiskClassInstaller(28 00000000401335F0 0000000040136780)
[   66.058158] (\dll\win32\storprop\disk.c:63) DiskClassInstaller(29 00000000401335F0 0000000040136780)
[   66.067286] (\dll\win32\storprop\disk.c:63) DiskClassInstaller(21 00000000401335F0 0000000040136780)
[   66.076573] (\dll\win32\storprop\disk.c:63) DiskClassInstaller(34 00000000401335F0 0000000040136780)
[   66.085666] (\dll\win32\storprop\disk.c:63) DiskClassInstaller(32 00000000401335F0 0000000040136780)
[   66.094992] (\dll\win32\storprop\disk.c:63) DiskClassInstaller(2 00000000401335F0 0000000040136780)
[   66.105151] (\ntoskrnl\io\pnpmgr\devaction.c:2657) NOTE: attempt to start an already started/uninitialized device USBSTOR\Disk&Ven__USB____&Prod__SanDisk_3.2Gen1&Rev_1.00\5&955e2bc9&01016e01ffd6f47ad7a9a904dc54438de8ee4ed362c463e23b37a4d9b83f12b6b3e3000000000000000000004ca60268000d5400915581077b32dc12&0
[   66.130742] (\dll\win32\storprop\disk.c:63) DiskClassInstaller(30 00000000401335F0 0000000040136780)
[   66.139558] (\dll\win32\storprop\disk.c:63) DiskClassInstaller(12 00000000401335F0 0000000040136780)
[   66.152211] (\dll\win32\storprop\disk.c:63) DiskClassInstaller(23 00000000401335F0 0000000040136780)
[   66.158639] (\dll\win32\storprop\disk.c:63) DiskClassInstaller(24 00000000401335F0 0000000040136780)
[   66.167747] (\dll\win32\storprop\disk.c:63) DiskClassInstaller(28 00000000401335F0 0000000040136780)
[   66.176851] (\dll\win32\storprop\disk.c:63) DiskClassInstaller(29 00000000401335F0 0000000040136780)
[   66.185959] (\dll\win32\storprop\disk.c:63) DiskClassInstaller(21 00000000401335F0 0000000040136780)
[   66.195477] (\dll\win32\storprop\disk.c:63) DiskClassInstaller(34 00000000401335F0 0000000040136780)
[   66.204582] (\dll\win32\storprop\disk.c:63) DiskClassInstaller(32 00000000401335F0 0000000040136780)
[   66.214025] (\dll\win32\storprop\disk.c:63) DiskClassInstaller(2 00000000401335F0 0000000040136780)
[   66.225632] (\ntoskrnl\io\pnpmgr\devaction.c:2657) NOTE: attempt to start an already started/uninitialized device USBSTOR\Disk&Ven__USB____&Prod__SanDisk_3.2Gen1&Rev_1.00\5&bb7f1351&0901da96cc5f2a6e98145c166ee0bf8579199debc6f1126c17dcbe55724e3388e11a00000000000000000000897c8cadff082920815581076e327e7a&0
[   66.250423] (\dll\win32\storprop\disk.c:63) DiskClassInstaller(30 00000000401335F0 0000000040136780)
[   66.258768] (\dll\win32\storprop\disk.c:63) DiskClassInstaller(12 00000000401335F0 0000000040136780)
[   66.292671] (\win32ss\user\ntuser\desktop.c:1370) err: ptiLastInput is CLEARED!!
[   66.364009] (\ntoskrnl\mm\ARM3\sysldr.c:170) Loading: \SystemRoot\System32\drivers\tcpip.sys at FFFFF12442018000 with 40 pages
[   66.391337] NDIS6: Restart → driver
[   66.392115] NDIS6: RestartHandler returned 0x00000000
[   66.397410] NDIS6: Restart → driver
[   66.400791] NDIS6: RestartHandler returned 0x00000000
[   66.424859] (\base\services\dhcpcsvc\dhcp\api.c:58) RpcServerListen() failed (Status 6b1)
[   66.442349] fixme:(\dll\win32\rpcrt4\rpc_server.c:1736) (0x1000): stub
[   67.438806] fixme:(\dll\win32\wintrust\register.c:1227) stub
[   67.455491] (\win32ss\user\winsrv\usersrv\init.c:152) GetThreadConsoleDesktop(480) failed with Status 0xc0000008
[   67.521805] NDIS6: LINK_STATE adapter=FFFFCC50350F41C0 connect=1 rx=1000000000 tx=1000000000
[   69.371175] Could not load wine-gecko. HTML rendering will be disabled.
[   69.374998] fixme:(\dll\win32\mshtml\main.c:363) stub 1 (null): returning S_OK
[   69.473866] (\base\services\dhcpcsvc\dhcp\adapter.c:170) There is no active configuration!
[   69.479262] DHCPCSVC: Adapter Name: [{64494d5f-8bfb-44da-91ec-2073ddcb3961}] (dynamic)
[   69.501859] TCPIP-UDP: UDPReceive #1 dst=0x67dfa8c0:68 src=0x01dfa8c0:67 len=300
[   69.506374] TCPIP-UDP: matched AddrFile=FFFFCC50364BDBF0 — delivering
[   69.512970] AFD-RX: PacketSocketRecvComplete #1 FCB=FFFFCC50364BCAA0 Status=0x00000000 Info=300
[   69.882825] fixme:(\dll\win32\olepro32\olepro32stubs.c:47) stub
[   69.897482] fixme:(\dll\win32\pstorec\pstorec.c:377) 
[   70.079720] fixme:(\dll\win32\shdocvw\shdocvw_main.c:222) (TRUE, (null)): stub!
[   70.529715] TCPIP-UDP: UDPReceive #2 dst=0x67dfa8c0:68 src=0x01dfa8c0:67 len=300
[   70.534232] TCPIP-UDP: matched AddrFile=FFFFCC50364BDBF0 — delivering
[   70.540824] AFD-RX: PacketSocketRecvComplete #2 FCB=FFFFCC50364BCAA0 Status=0x00000000 Info=300
[   70.834245] fixme:(\dll\win32\shell32\shell32.cpp:512) TRUE (null): stub
[   71.065589] fixme:(\dll\win32\urlmon\urlmon_main.c:243) (TRUE, (null)): stub
[   71.107937] (\base\services\w32time\register.c:54) RegisterService()
[   71.240677] fixme:(\dll\win32\wininet\internet.c:350) (1 (null)): stub
[   71.418706] (\dll\ntdll\rtl\libsupp.c:1173) ApiSetResolveToHost redirected api-ms-win-core-synch-l1-2-0 to C:\ReactOS\System32\kernel32.dll
[   71.437401] (\dll\ntdll\rtl\libsupp.c:1173) ApiSetResolveToHost redirected api-ms-win-core-localization-l1-2-1 to C:\ReactOS\System32\kernel32.dll
[   71.641201] (\win32ss\user\ntuser\msgqueue.c:2248) err: Thread Cleanup Post Messages FFFFDD338D39B430
[   71.712840] RPI5VC4: present #1472 moves=0 dirty=1 flip=3 idx=0 scan=441db000
[   71.717709] RPI5VC4: present #1536 moves=0 dirty=1 flip=3 idx=0 scan=441db000
[   71.740677] RPI5VC4: present #1600 moves=0 dirty=1 flip=3 idx=1 scan=449c4000
[   71.745500] RPI5VC4: present #1664 moves=0 dirty=1 flip=3 idx=1 scan=449c4000
[   71.768427] RPI5VC4: present #1728 moves=0 dirty=1 flip=3 idx=2 scan=451ad000
[   71.773242] RPI5VC4: present #1792 moves=0 dirty=1 flip=3 idx=2 scan=451ad000
[   71.796002] RPI5VC4: present #1856 moves=0 dirty=1 flip=3 idx=0 scan=441db000
[   71.800819] RPI5VC4: present #1920 moves=0 dirty=1 flip=3 idx=0 scan=441db000
[   71.823529] RPI5VC4: present #1984 moves=0 dirty=1 flip=3 idx=1 scan=449c4000
[   71.828359] RPI5VC4: present #2048 moves=0 dirty=1 flip=3 idx=1 scan=449c4000
[   71.851184] RPI5VC4: present #2112 moves=0 dirty=1 flip=3 idx=2 scan=451ad000
[   71.856009] RPI5VC4: present #2176 moves=0 dirty=1 flip=3 idx=2 scan=451ad000
[   71.878837] RPI5VC4: present #2240 moves=0 dirty=1 flip=3 idx=0 scan=441db000
[   71.883670] RPI5VC4: present #2304 moves=0 dirty=1 flip=3 idx=0 scan=441db000
[   71.906420] RPI5VC4: present #2368 moves=0 dirty=1 flip=3 idx=1 scan=449c4000
[   71.911251] RPI5VC4: present #2432 moves=0 dirty=1 flip=3 idx=1 scan=449c4000
[   71.934694] RPI5VC4: present #2496 moves=0 dirty=1 flip=3 idx=2 scan=451ad000
[   71.939515] RPI5VC4: present #2560 moves=0 dirty=1 flip=3 idx=2 scan=451ad000
[   71.962301] RPI5VC4: present #2624 moves=0 dirty=1 flip=3 idx=0 scan=441db000
[   71.967098] RPI5VC4: present #2688 moves=0 dirty=1 flip=3 idx=0 scan=441db000
[   71.990023] RPI5VC4: present #2752 moves=0 dirty=1 flip=3 idx=1 scan=449c4000
[   71.994808] RPI5VC4: present #2816 moves=0 dirty=1 flip=3 idx=1 scan=449c4000
[   72.017589] RPI5VC4: present #2880 moves=0 dirty=1 flip=3 idx=2 scan=451ad000
[   72.022376] RPI5VC4: present #2944 moves=0 dirty=1 flip=3 idx=2 scan=451ad000
[   72.045078] RPI5VC4: present #3008 moves=0 dirty=1 flip=3 idx=0 scan=441db000
[   72.049880] RPI5VC4: present #3072 moves=0 dirty=1 flip=3 idx=0 scan=441db000
[   72.072718] RPI5VC4: present #3136 moves=0 dirty=1 flip=3 idx=1 scan=449c4000
[   72.077519] RPI5VC4: present #3200 moves=0 dirty=1 flip=3 idx=1 scan=449c4000
[   72.100354] RPI5VC4: present #3264 moves=0 dirty=1 flip=3 idx=2 scan=451ad000
[   72.109409] RPI5VC4: present #3328 moves=0 dirty=1 flip=3 idx=2 scan=451ad000
[   72.125523] RPI5VC4: present #3392 moves=0 dirty=1 flip=3 idx=0 scan=441db000
[   72.146041] RPI5VC4: present #3456 moves=0 dirty=1 flip=3 idx=1 scan=449c4000
[   72.150850] RPI5VC4: present #3520 moves=0 dirty=1 flip=3 idx=1 scan=449c4000
[   72.173592] RPI5VC4: present #3584 moves=0 dirty=1 flip=3 idx=2 scan=451ad000
[   72.178404] RPI5VC4: present #3648 moves=0 dirty=1 flip=3 idx=2 scan=451ad000
[   72.201104] RPI5VC4: present #3712 moves=0 dirty=1 flip=3 idx=0 scan=441db000
[   72.205913] RPI5VC4: present #3776 moves=0 dirty=1 flip=3 idx=0 scan=441db000
[   72.238234] RPI5VC4: present #3840 moves=0 dirty=1 flip=3 idx=1 scan=449c4000
[   72.243036] RPI5VC4: present #3904 moves=0 dirty=1 flip=3 idx=1 scan=449c4000
[   72.265706] RPI5VC4: present #3968 moves=0 dirty=1 flip=3 idx=2 scan=451ad000
[   72.270535] RPI5VC4: present #4032 moves=0 dirty=1 flip=3 idx=2 scan=451ad000
[   72.304976] RPI5VC4: present #4096 moves=0 dirty=1 flip=3 idx=0 scan=441db000
[   72.309810] RPI5VC4: present #4160 moves=0 dirty=1 flip=3 idx=0 scan=441db000
[   72.333063] RPI5VC4: present #4224 moves=0 dirty=1 flip=3 idx=1 scan=449c4000
[   72.337954] RPI5VC4: present #4288 moves=0 dirty=1 flip=3 idx=1 scan=449c4000
[   72.360735] RPI5VC4: present #4352 moves=0 dirty=1 flip=3 idx=2 scan=451ad000
[   72.365562] RPI5VC4: present #4416 moves=0 dirty=1 flip=3 idx=2 scan=451ad000
[   72.388781] RPI5VC4: present #4480 moves=0 dirty=1 flip=3 idx=0 scan=441db000
[   72.393600] RPI5VC4: present #4544 moves=0 dirty=1 flip=3 idx=0 scan=441db000
[   72.416965] RPI5VC4: present #4608 moves=0 dirty=1 flip=3 idx=1 scan=449c4000
[   72.421781] RPI5VC4: present #4672 moves=0 dirty=1 flip=3 idx=1 scan=449c4000
[   72.444583] RPI5VC4: present #4736 moves=0 dirty=1 flip=3 idx=2 scan=451ad000
[   72.449374] RPI5VC4: present #4800 moves=0 dirty=1 flip=3 idx=2 scan=451ad000
[   72.472087] RPI5VC4: present #4864 moves=0 dirty=1 flip=3 idx=0 scan=441db000
[   72.479553] RPI5VC4: present #4928 moves=0 dirty=1 flip=3 idx=1 scan=449c4000
[   72.505307] RPI5VC4: present #4992 moves=0 dirty=1 flip=3 idx=2 scan=451ad000
[   72.510108] RPI5VC4: present #5056 moves=0 dirty=1 flip=3 idx=2 scan=451ad000
[   72.532836] RPI5VC4: present #5120 moves=0 dirty=1 flip=3 idx=0 scan=441db000
[   72.537639] RPI5VC4: present #5184 moves=0 dirty=1 flip=3 idx=0 scan=441db000
[   72.560511] RPI5VC4: present #5248 moves=0 dirty=1 flip=3 idx=1 scan=449c4000
[   72.565321] RPI5VC4: present #5312 moves=0 dirty=1 flip=3 idx=1 scan=449c4000
[   72.587773] RPI5VC4: present #5376 moves=0 dirty=1 flip=3 idx=2 scan=451ad000
[   72.606947] (\dll\ntdll\ldr\ldrinit.c:2244) WARN: Accepting different LOAD_CONFIG size!
[   72.691516] fixme:(\dll\win32\shdocvw\winlist.cpp:81) ()
[   72.729627] fixme:(\dll\win32\comctl32\toolbar.c:403) [00000000000200C0] TBSTYLE_REGISTERDROP not implemented
[   72.818517] WARNING:  NtNotifyChangeMultipleKeys at \ntoskrnl\config\ntapi.c:1470 is UNIMPLEMENTED!
[   72.818623] (\win32ss\user\ntuser\desktop.c:1551) err: UMWP calling IDWP
[   72.824685] err:(\dll\win32\mmdevapi\devenum.c:1309) RegNotifyChangeKeyValue failed: 1
[   72.831379] (\win32ss\user\ntuser\desktop.c:1551) err: UMWP calling IDWP
[   72.945635] RPI5VC4: present #5440 moves=0 dirty=1 flip=3 idx=2 scan=451ad000
[   72.985212] fixme:(\dll\win32\shell32\shlexec.cpp:2350) flags ignored: 0x00000100
[