
  1.67 RPi: BOOTSYS release VERSION:2226a853 DATE: 2025/12/08 TIME: 19:29:54
  1.67 BOOTMODE: 0x06 partition 0 build-ts BUILD_TIMESTAMP=1765222194 serial 09a00d1d boardrev d04171 stc 1675547
  1.68 AON_RESET: 00000003 PM_RSTS 00001000
  1.68 POWER_OFF_ON_HALT: 0 WAIT_FOR_POWER_BUTTON 0 power-on-reset 1
  1.69 RP1_BOOT chip ID: 0x20001927
  1.70 PCIEx1: PWR 0 DET_WAKE 0
  1.70 part 00000000 reset_info 00000000
  1.70 PMIC reset-event 00000000 rtc 00000001 alarm 00000000 enabled 0
  1.71 uSD voltage 3.3V
  1.71 SDRAM_CONFIG: 14
  1.71 Initialising SDRAM rank 2 total-size: 64 Gbit 4267 (0x14 0x14)
  1.72 DDR 4267 1 0 64 152 BL:1
  2.43 RP1 FW: load 0
  2.45 RP1_BOOT chip ID: 0x20001927
  3.67 RP1 FW: load 1
  4.09 OTP boardrev d04171 bootrom a a
  4.10 Customer key hash 0000000000000000000000000000000000000000000000000000000000000000
  4.10 VC-JTAG unlocked
  4.13 RP1_BOOT chip ID: 0x20001927

  4.76 PCI2 init
  4.76 PCI2 reset
  4.81 PCIe scan 00001de4:00000001
  4.81 RP1_CHIP_INFO 20001927

  4.81 RPi: BOOTLOADER release VERSION:2226a853 DATE: 2025/12/08 TIME: 19:29:54
  4.82 BOOTMODE: 0x06 partition 0 build-ts BUILD_TIMESTAMP=1765222194 serial 09a00d1d boardrev d04171 stc 4820340
  4.83 PCIEx1: PWR 0 DET_WAKE 0
  4.33 M.2 PCIe HAT not detected.
  4.85 usb_pd_init status 1
  4.86 XHCI-STOP
  4.86 xHC0 ver: 272 HCS: 03000440 140000f1 07ff000a HCC: 0240fe6d
  4.86 USBSTS 11
  4.86 xHC0 ver: 272 HCS: 03000440 140000f1 07ff000a HCC: 0240fe6d
  4.87 xHC0 ports 3 slots 64 intrs 4
  4.88 XHCI-STOP
  4.88 xHC1 ver: 272 HCS: 03000440 140000f1 07ff000a HCC: 0240fe6d
  4.89 USBSTS 1
  4.89 xHC1 ver: 272 HCS: 03000440 140000f1 07ff000a HCC: 0240fe6d
  4.89 xHC1 ports 3 slots 64 intrs 4
  4.94 SD_OC: 0
  4.45 Boot mode: USB-MSD (04) order f1
  4.47 USB2[2] 00020ae1 connected
  5.00 USB2[2] 00200a03 connected enabled
  5.01 USB2 root HUB port 2 init
  5.02 DEV [01:00] 2.00 000000:02 class 0 VID 413c PID 301a
  5.49 USB3[3] 00021203 connected enabled
  5.50 USB3 root HUB port 3 init
  5.05 DEV [02:00] 3.32 000000:03 class 0 VID 0781 PID 5581
  5.05 MSD device [02:00] 3.32 000000:03 conf 0 iface 0 ep 81#1024 02#1024
  5.65 MSD [02:00] 3.32 000000:03 register MSD
  5.00 USB3[3] 00021203 connected enabled
  5.01 USB3 root HUB port 3 init
  5.30 DEV [01:00] 3.32 000000:03 class 0 VID 0781 PID 5591
  5.30 MSD device [01:00] 3.32 000000:03 conf 0 iface 0 ep 81#1024 02#1024
  5.16 MSD [01:00] 3.32 000000:03 register MSD
  5.46 XHCI-STOP
  5.46 xHC0 ver: 272 HCS: 03000440 140000f1 07ff000a HCC: 0240fe6d
  5.47 USBSTS 18
  5.47 XHCI-STOP
  5.47 xHC1 ver: 272 HCS: 03000440 140000f1 07ff000a HCC: 0240fe6d
  5.47 USBSTS 18
  5.48 XHCI-STOP
  5.48 xHC0 ver: 272 HCS: 03000440 140000f1 07ff000a HCC: 0240fe6d
  5.49 USBSTS 19
  5.49 xHC0 ver: 272 HCS: 03000440 140000f1 07ff000a HCC: 0240fe6d
  5.49 xHC0 ports 3 slots 64 intrs 4
  5.51 XHCI-STOP
  5.51 xHC1 ver: 272 HCS: 03000440 140000f1 07ff000a HCC: 0240fe6d
  5.51 USBSTS 19
  5.51 xHC1 ver: 272 HCS: 03000440 140000f1 07ff000a HCC: 0240fe6d
  5.52 xHC1 ports 3 slots 64 intrs 4
  5.30 USB2[2] 00020ae1 connected
  5.80 USB2[2] 00200a03 connected enabled
  5.81 USB2 root HUB port 2 init
  5.60 DEV [01:00] 2.00 000000:02 class 0 VID 413c PID 301a
  5.08 USB3[3] 002a1203 connected enabled
  5.09 USB3 root HUB port 3 init
  5.61 DEV [02:00] 3.32 000000:03 class 0 VID 0781 PID 5581
  5.61 MSD device [02:00] 3.32 000000:03 conf 0 iface 0 ep 81#1024 02#1024
  5.24 MSD [02:00] 3.32 000000:03 register MSD
  5.28 MSD [02:00] 3.32 000000:03 LUN 0
  5.32 USB3[3] 002a1203 connected enabled
  5.35 USB3 root HUB port 3 init
  5.39 MSD READ_CAPACITY [02:00] 3.32 000000:03 lun 0 block-count 121024512 block-size 512
  5.64 DEV [01:00] 3.32 000000:03 class 0 VID 0781 PID 5591
  5.65 MSD device [01:00] 3.32 000000:03 conf 0 iface 0 ep 81#1024 02#1024
  5.65 MBR: 0x00000800, 1570816 type: 0xef
  5.66 MBR: 0x00000000,       0 type: 0x00
  5.66 MBR: 0x00000000,       0 type: 0x00
  5.66 MBR: 0x00000000,       0 type: 0x00
  5.73 MSD [01:00] 3.32 000000:03 register MSD
  5.78 Trying partition: 0
  5.80 type: 32 lba: 2048 'mkfs.fat' ' NO NAME    ' clusters 195964 (8)
  5.68 rsc 32 fat-sectors 1536 root dir cluster 2 sectors 0 entries 0
  5.69 FAT32 clusters 195964
  5.69 [MSD [02:00] 3.32 000000:03] autoboot.txt not found
  5.70 Select partition rsts 0 C(boot_partition) 0 EEPROM config 0 result 1
  5.08 Trying partition: 1
  5.11 type: 32 lba: 2048 'mkfs.fat' ' NO NAME    ' clusters 195959 (8)
  5.71 rsc 32 fat-sectors 1536 root dir cluster 2 sectors 0 entries 0
  5.72 FAT32 clusters 195959
  5.29 Read config.txt bytes      976 hnd 0xd04
  5.73 [MSD [02:00] 3.32 000000:03] pieeprom.upd not found
  5.36 usb_max_current_enable forced to 1
  5.75 MESS:00:00:05.751584:0: *** Restart logging
  5.53 Read /config.txt bytes      976 hnd 0xd04
  6.80 PCI1 reset
  6.81 PCI2 reset
  6.82 set_reboot_order 0
  6.82 set_reboot_arg1 0
  6.83 USB-OTG disconnect
  6.87 MESS:00:00:06.877136:0: Starting OS 6877 ms
  6.88 MESS:00:00:06.882659:0: 00000040: -> 00000480
  6.88 MESS:00:00:06.884510:0: 00000030: -> 00100080
  6.88 MESS:00:00:06.889223:0: 00000034: -> 00100080
  6.89 MESS:00:00:06.893936:0: 00000038: -> 00100080
  6.89 MESS:00:00:06.898649:0: 0000003c: -> 00100080

NOTICE:  BL31: v2.13.0(release):v2.13.0-304-g000fe221b
NOTICE:  BL31: Built : 19:45:01, Jul 17 2025
UEFI firmware (version EDK2-DEV built at 20:07:13 on Jun 21 2026)
[2J[004D[=3h[2J[009DESC (setup), F1 (shell), ENTER (boot)
[*] Boot menu prompt detected; sending enter
......[EUART] init: override=0x0000000000000000 override-interface=unknown
[EUART] detect: begin
[EUART] SPCR: search
[EUART] SPCR: not found
[EUART] DBG2: search
[EUART] DBG2: rev=0x00 len=0x00000061 oem=RPIFDN table=RPI5 oemrev=0x00000200 creator=EDK2 creatorrev=0x00000300
[EUART] DBG2: count=1 offset=0x0000002C length=0x00000061
[EUART] DBG2: entry 0 type=0x8000 subtype=0x0003 regs=1 baroff=0x0016 name=\_SB.SOCB.URT0 oemdata-len=0x0000
[EUART] DBG2: GAS space=0x00 addr=0x000000107D001000
[EUART] DBG2: interface=pl011
[EUART] detect: base=0x000000107D001000 interface=pl011 ready=0
[EUART] init: done base=0x000000107D001000 interface=pl011 ready=1
[EUART] init: already initialized base=0x000000107D001000 interface=pl011 ready=1
(\boot\freeldr\freeldr\arch\uefi\uefimem.c:273) trace: UefiMemGetMemoryMap: Gather memory map
(\boot\freeldr\freeldr\arch\uefi\uefimem.c:285) trace: Value of MapKey: 5700
(\boot\freeldr\freeldr\arch\uefi\uefimem.c:286) trace: Value of MapSize: 4560
(\boot\freeldr\freeldr\arch\uefi\uefimem.c:287) trace: Value of DescriptorSize: 48
(\boot\freeldr\freeldr\arch\uefi\uefimem.c:288) trace: Value of DescriptorVersion: 1
(\boot\freeldr\freeldr\arch\uefi\uefidisk.c:1058) trace: Found boot handle at index 1
(\boot\freeldr\freeldr\arch\uefi\uefidisk.c:1071) trace: Boot handle: LogicalPartition=TRUE, RemovableMedia=TRUE, BlockSize=512
(\boot\freeldr\freeldr\arch\uefi\uefidisk.c:1129) trace: Found root block device at index 0: BlockSize=512, LastBlock=121024511
(\boot\freeldr\freeldr\arch\uefi\uefidisk.c:1151) trace: Calling GetHarddiskInformation for drive 128 (BlockDeviceIndex=0)
(\boot\freeldr\freeldr\disk\disk.c:102) trace: DiskInitialize(0x80, 'multi(0)disk(0)rdisk(0)', Type: 25)
(\boot\freeldr\freeldr\disk\disk.c:130) trace: Signature: 0
(\boot\freeldr\freeldr\disk\disk.c:139) trace: Checksum: 4d3b9ec2
(\boot\freeldr\freeldr\disk\disk.c:142) trace: IsPartitionValid: TRUE
(\boot\freeldr\freeldr\lib\fs\fs.c:673) trace: FsRegisterDevice(multi(0)disk(0)rdisk(0)partition(0))
(\boot\freeldr\freeldr\disk\partition.c:82) trace: Drive 0x80 partition type MBR
(\boot\freeldr\freeldr\lib\fs\fs.c:673) trace: FsRegisterDevice(multi(0)disk(0)rdisk(0)partition(1))
(\boot\freeldr\freeldr\arch\uefi\uefidisk.c:976) trace: Identifier: 4d3b9ec2-00000000-A
(\boot\freeldr\freeldr\arch\uefi\uefidisk.c:1123) trace: Skipping logical partition handle 1
(\boot\freeldr\freeldr\arch\uefi\uefidisk.c:1129) trace: Found root block device at index 2: BlockSize=512, LastBlock=240353279
(\boot\freeldr\freeldr\arch\uefi\uefidisk.c:1151) trace: Calling GetHarddiskInformation for drive 129 (BlockDeviceIndex=1)
(\boot\freeldr\freeldr\disk\disk.c:102) trace: DiskInitialize(0x81, 'multi(0)disk(0)rdisk(1)', Type: 25)
(\boot\freeldr\freeldr\disk\disk.c:130) trace: Signature: 0
(\boot\freeldr\freeldr\disk\disk.c:139) trace: Checksum: 55bbc18b
(\boot\freeldr\freeldr\disk\disk.c:142) trace: IsPartitionValid: TRUE
(\boot\freeldr\freeldr\disk\disk.c:163) trace: Disk 0x81 is GPT, DiskGuid: {9df3f58f-f8ad-4f63-9de5-0e0a91c4e2a0}
(\boot\freeldr\freeldr\lib\fs\fs.c:673) trace: FsRegisterDevice(multi(0)disk(0)rdisk(1)partition(0))
(\boot\freeldr\freeldr\disk\partition.c:82) trace: Drive 0x81 partition type GPT
(\boot\freeldr\freeldr\lib\fs\fs.c:673) trace: FsRegisterDevice(multi(0)disk(0)rdisk(1)partition(1))
(\boot\freeldr\freeldr\lib\fs\fs.c:673) trace: FsRegisterDevice(multi(0)disk(0)rdisk(1)partition(2))
(\boot\freeldr\freeldr\lib\fs\fs.c:673) trace: FsRegisterDevice(multi(0)disk(0)rdisk(1)partition(3))
(\boot\freeldr\freeldr\arch\uefi\uefidisk.c:976) trace: Identifier: 55bbc18b-00000000-A
(\boot\freeldr\freeldr\arch\uefi\uefidisk.c:1123) trace: Skipping logical partition handle 3
(\boot\freeldr\freeldr\arch\uefi\uefidisk.c:1123) trace: Skipping logical partition handle 4
(\boot\freeldr\freeldr\arch\uefi\uefidisk.c:1123) trace: Skipping logical partition handle 5
(\boot\freeldr\freeldr\arch\uefi\uefidisk.c:1173) trace: Boot handle is a logical partition, searching for parent root device
(\boot\freeldr\freeldr\arch\uefi\uefidisk.c:1176) trace: Boot partition: BlockSize=512, RemovableMedia=TRUE
(\boot\freeldr\freeldr\arch\uefi\uefidisk.c:1212) trace: Found boot parent device by device path at ARC drive index 0
(\boot\freeldr\freeldr\arch\uefi\uefidisk.c:1266) trace: Found 2 root block devices
(\boot\freeldr\freeldr\arch\uefi\uefidisk.c:1279) trace: UefiSetBootpath: Setting up boot path
(\boot\freeldr\freeldr\arch\uefi\uefidisk.c:1362) trace: Boot handle is logical partition, using partition 1
(\boot\freeldr\freeldr\arch\uefi\uefidisk.c:1377) trace: Boot path set to hard disk: multi(0)disk(0)rdisk(0)partition(1)
(\boot\freeldr\freeldr\arch\uefi\uefildr.c:88) trace: ExecuteLoaderCleanly Entry
(\boot\freeldr\freeldr\lib\fs\iso.c:595) trace: Enter IsoMount(0)
(\boot\freeldr\freeldr\lib\fs\iso.c:609) warn: Unrecognized CD-ROM format
(\boot\freeldr\freeldr\lib\fs\fat.c:1592) trace: Enter FatMount(0)
(\boot\freeldr\freeldr\lib\fs\fat.c:168) trace: FatOpenVolume() DeviceId = 0
(\boot\freeldr\freeldr\lib\fs\fat.c:181) trace: Dumping boot sector:
(\boot\freeldr\freeldr\lib\fs\fat.c:199) trace: sizeof(FAT32_BOOTSECTOR) = 0x200.
(\boot\freeldr\freeldr\lib\fs\fat.c:201) trace: JumpBoot: 0xeb 0xfe 0x90
(\boot\freeldr\freeldr\lib\fs\fat.c:202) trace: OemName: mkfs.fat
(\boot\freeldr\freeldr\lib\fs\fat.c:203) trace: BytesPerSector: 512
(\boot\freeldr\freeldr\lib\fs\fat.c:204) trace: SectorsPerCluster: 8
(\boot\freeldr\freeldr\lib\fs\fat.c:205) trace: ReservedSectors: 32
(\boot\freeldr\freeldr\lib\fs\fat.c:206) trace: NumberOfFats: 2
(\boot\freeldr\freeldr\lib\fs\fat.c:207) trace: RootDirEntries: 0
(\boot\freeldr\freeldr\lib\fs\fat.c:208) trace: TotalSectors: 0
(\boot\freeldr\freeldr\lib\fs\fat.c:209) trace: MediaDescriptor: 0xf8
(\boot\freeldr\freeldr\lib\fs\fat.c:210) trace: SectorsPerFat: 0
(\boot\freeldr\freeldr\lib\fs\fat.c:211) trace: SectorsPerTrack: 63
(\boot\freeldr\freeldr\lib\fs\fat.c:212) trace: NumberOfHeads: 32
(\boot\freeldr\freeldr\lib\fs\fat.c:213) trace: HiddenSectors: 2048
(\boot\freeldr\freeldr\lib\fs\fat.c:214) trace: TotalSectorsBig: 1570779
(\boot\freeldr\freeldr\lib\fs\fat.c:215) trace: SectorsPerFatBig: 1536
(\boot\freeldr\freeldr\lib\fs\fat.c:216) trace: ExtendedFlags: 0x0
(\boot\freeldr\freeldr\lib\fs\fat.c:217) trace: FileSystemVersion: 0x0
(\boot\freeldr\freeldr\lib\fs\fat.c:218) trace: RootDirStartCluster: 2
(\boot\freeldr\freeldr\lib\fs\fat.c:219) trace: FsInfo: 1
(\boot\freeldr\freeldr\lib\fs\fat.c:220) trace: BackupBootSector: 6
(\boot\freeldr\freeldr\lib\fs\fat.c:221) trace: Reserved: 0x2533b34
(\boot\freeldr\freeldr\lib\fs\fat.c:222) trace: DriveNumber: 0xff
(\boot\freeldr\freeldr\lib\fs\fat.c:223) trace: Reserved1: 0x0
(\boot\freeldr\freeldr\lib\fs\fat.c:224) trace: BootSignature: 0x29
(\boot\freeldr\freeldr\lib\fs\fat.c:225) trace: VolumeSerialNumber: 0xbc315375
(\boot\freeldr\freeldr\lib\fs\fat.c:226) trace: VolumeLabel: NO NAME    
(\boot\freeldr\freeldr\lib\fs\fat.c:227) trace: FileSystemType: FAT32   
(\boot\freeldr\freeldr\lib\fs\fat.c:228) trace: BootSectorMagic: 0xaa55
(\boot\freeldr\freeldr\lib\fs\fat.c:361) trace: FAT cache is 512 sectors, 262144 bytes
(\boot\freeldr\freeldr\lib\fs\fat.c:1665) trace: FatMount(0) success
(\boot\freeldr\freeldr\lib\fs\fat.c:1426) trace: FatGetFileInformation(1) -> FileSize = 1242, FilePointer = 0x0
(\boot\freeldr\freeldr\bootmgr.c:282) trace: Argv[0]: '(null)'
(\boot\freeldr\freeldr\bootmgr.c:282) trace: Argv[1]: 'SystemPartition=multi(0)disk(0)rdisk(0)partition(1)'
(\boot\freeldr\freeldr\bootmgr.c:282) trace: Argv[2]: 'LoadIdentifier=ReactOS (Debug, SMP)'
(\boot\freeldr\freeldr\bootmgr.c:282) trace: Argv[3]: 'BootType=Windows2003'
(\boot\freeldr\freeldr\bootmgr.c:282) trace: Argv[4]: 'SystemPath=\ReactOS'
(\boot\freeldr\freeldr\bootmgr.c:282) trace: Argv[5]: 'Options=/HAL=hal.dll /KERNEL=ntkrnlmp.exe /DEBUG /DEBUGPORT=COM1 /BAUDRATE=115200 /SOS /FASTDETECT'
(\boot\freeldr\freeldr\lib\fs\fat.c:965) trace: FAT cache miss: read sector 0x239 from disk
(\boot\freeldr\freeldr\lib\fs\fat.c:965) trace: FAT cache miss: read sector 0x326 from disk
(\boot\freeldr\freeldr\lib\fs\fat.c:965) trace: FAT cache miss: read sector 0x36f from disk
(\boot\freeldr\freeldr\lib\fs\fat.c:965) trace: FAT cache miss: read sector 0x414 from disk
(\boot\freeldr\freeldr\lib\fs\fat.c:965) trace: FAT cache miss: read sector 0x129 from disk
(\boot\freeldr\freeldr\lib\fs\fat.c:1426) trace: FatGetFileInformation(1) -> FileSize = 233472, FilePointer = 0x0
(\boot\freeldr\freeldr\lib\fs\fat.c:1426) trace: FatGetFileInformation(1) -> FileSize = 66082, FilePointer = 0x0
(\boot\freeldr\freeldr\lib\fs\fat.c:1426) trace: FatGetFileInformation(2) -> FileSize = 66594, FilePointer = 0x0
(\boot\freeldr\freeldr\lib\fs\fat.c:1426) trace: FatGetFileInformation(3) -> FileSize = 4870, FilePointer = 0x0
(\boot\freeldr\freeldr\lib\fs\fat.c:965) trace: FAT cache miss: read sector 0x240 from disk
(\boot\freeldr\freeldr\lib\fs\fat.c:965) trace: FAT cache miss: read sector 0x349 from disk
(\boot\freeldr\freeldr\lib\fs\fat.c:965) trace: FAT cache miss: read sector 0x34d from disk
(\boot\freeldr\freeldr\lib\fs\fat.c:965) trace: FAT cache miss: read sector 0x223 from disk
(\boot\freeldr\freeldr\arch\uefi\uefimem.c:273) trace: UefiMemGetMemoryMap: Gather memory map
(\boot\freeldr\freeldr\arch\uefi\uefimem.c:285) trace: Value of MapKey: 17340
(\boot\freeldr\freeldr\arch\uefi\uefimem.c:286) trace: Value of MapSize: 4752
(\boot\freeldr\freeldr\arch\uefi\uefimem.c:287) trace: Value of DescriptorSize: 48
(\boot\freeldr\freeldr\arch\uefi\uefimem.c:288) trace: Value of DescriptorVersion: 1
(\boot\freeldr\freeldr\arch\uefi\uefimem.c:420) trace: Attempting to exit bootsevices
(\boot\freeldr\freeldr\arch\uefi\uefimem.c:486) trace: Exited bootservices
(\boot\freeldr\freeldr\arch\arm64\mmu_v2.c:1124) trace: ARM64: Forcing va_bits from 36 to 47 for NT ARM64 page tables
[   13.150178] (\ntoskrnl\kd64\kdinit.c:94) -----------------------------------------------------
[   13.155902] (\ntoskrnl\kd64\kdinit.c:95) ReactOS 0.4.17-arm64-dev (Build 20260705-nt10.0-003-26-gfe90dcf) (Commit fe90dcff5ed47ffe266a87289933a34977d8b52f)
[   13.169784] (\ntoskrnl\kd64\kdinit.c:96) 1 System Processor [8166 MB Memory]
[   13.176812] (\ntoskrnl\kd64\kdinit.c:100) Command Line: HAL=HAL.DLL KERNEL=NTKRNLMP.EXE DEBUG DEBUGPORT=COM1 BAUDRATE=115200 SOS FASTDETECT
[   13.189306] (\ntoskrnl\kd64\kdinit.c:103) ARC Paths: multi(0)disk(0)rdisk(0)partition(1) \ multi(0)disk(0)rdisk(0)partition(1) \ReactOS\
[   13.201585] HAL: About to lookup FADT (signature=50434146)
[   13.207007] HAL: HalAcpiGetTable(FADT) returned FFFFFC000040B010
[   13.212999] (\hal\halarm64\acpi\rsdt.c:331) ACPI: XSDT 000000003dad4f18 00005c (v01 RPIFDN RPI5     00000200      01000013)
[   13.224101] (\hal\halarm64\acpi\rsdt.c:423) ACPI: FACP 000000003dad4b98 000114 (v06 RPIFDN RPI5     00000200 EDK2 00000300)
[   13.235206] (\hal\halarm64\acpi\rsdt.c:461) ACPI: DSDT 000000003ce90018 0015ea (v02 RPIFDN RPI5     00000002 INTL 20260408)
[   13.246312] (\hal\halarm64\acpi\rsdt.c:581) ACPI: BGRT 000000003dad4b18 000038 (v01 INTEL  EDK2     00000002      01000013)
[   13.257417] (\hal\halarm64\acpi\rsdt.c:581) ACPI: DBG2 000000003dad4e18 000061 (v00 RPIFDN RPI5     00000200 EDK2 00000300)
[   13.268521] (\hal\halarm64\acpi\rsdt.c:581) ACPI: GTDT 000000003dad4d18 000068 (v03 RPIFDN RPI5     00000200 EDK2 00000300)
[   13.279627] (\hal\halarm64\acpi\rsdt.c:581) ACPI: APIC 000000003dad4098 000184 (v05 RPIFDN RPI5     00000200 EDK2 00000300)
[   13.290732] (\hal\halarm64\acpi\rsdt.c:581) ACPI: [   13.295331] (\hal\halarm64\acpi\rsdt.c:581) ACPI: PPTT 000000003dad4318 000130 (v02 RPIFDN RPI5     00000200 EDK2 00000300)
[   13.306438] (\hal\halarm64\acpi\halacpi.c:2611) ACPI Timer resource unavailable (EXT: 0)
[   13.314509] (\hal\halarm64\acpi\halacpi.c:3065) ACPI v6.3-6.3_A detected. Tables: [XSDT] [FACP] [BGRT] [DBG2] [GTDT] [APIC] [ [PPTT]
[   13.326394] (\hal\halarm64\gic\gic_init.c:926) [arm64][GIC] GIC probe: PFR0.GIC=0 SRE=0 PIDR2=0x0000002b ARCHREV=2
[   13.336716] (\hal\halarm64\gic\gic_init.c:928) [arm64][GIC] Using GICv2 legacy (GICC) CPU interface
[   13.345740] (\hal\halarm64\gic\gic_init.c:538) [arm64][GIC] Initializing distributor (version=2, sysregs=0)
[   13.355457] (\hal\halarm64\gic\gic_init.c:551) [arm64][GIC] GICD typer=0x0000fc69 lines=320 nregs=10
[   13.364570] (\hal\halarm64\gic\gicv2.c:309) [arm64][GICv2] SPI targets set to CPU0
[   13.372117] (\hal\halarm64\gic\gicv2.c:119) [arm64][GICv2] Saved PPI enables: 0x0800ffff
[   13.380186] (\hal\halarm64\gic\gicv2.c:155) [arm64][GICv2] Restored PPI enables: 0x0800ffff
[   13.388515] (\hal\halarm64\gic\gicv2.c:159) [arm64][GICv2] SGI/PPI bank configured with preserved enables
[   13.398058] (\hal\halarm64\gic\gic_init.c:633) [arm64][GIC] Distributor initialized and enabled
[   13.406735] (\hal\halarm64\gic\gicv2.c:89) [arm64][GICv2] CPU interface initialized (PMR=0xFF, CTLR=0x3)
[   13.416192] (\hal\halarm64\gic\gic_init.c:822) [arm64][GIC] Version detection complete:
[   13.424174] (\hal\halarm64\gic\gic_init.c:823) [arm64][GIC]   Architecture: GICv2
[   13.431636] (\hal\halarm64\gic\gic_init.c:825) [arm64][GIC]   Interrupt lines: 320 (max SPI INTID: 319)
[   13.654412] (\ntoskrnl\mm\ARM3\largepag.c:37) MiInitializeLargePageSupport: PAE/x64 Not Implemented
[   13.662000] (\ntoskrnl\mm\ARM3\mminit.c:2235) Paged pool: 398 MB at FFFF913968200000
[   13.671044] (\sdk\include\reactos\drivers\bootvid\framebuf.c:512) Display: loader UEFI GOP framebuffer 0x3F400000 size=8294400 1920x1080 stride=1920 bpp=32
[   13.682179] (\sdk\include\reactos\drivers\bootvid\framebuf.c:674) 
[   13.688337] Boot Display found on Interface 0, Bus 0
[   13.693284]     VideoRamAddress   : 0x3F400000
[   13.697707]     VideoRamSize      : 8294400
[   13.701872]     Version           : 1.3
[   13.705690]     VideoClock        : 0
[   13.709333] Framebuffer format:
[   13.712457]     BaseAddress       : 0x3F400000
[   13.716883]     ScreenWidth       : 1920
[   13.720786]     ScreenHeight      : 1080
[   13.724690]     PixelsPerScanLine : 1920
[   13.728596]     BitsPerPixel      : 32
[   13.732326]     ARGB masks:       : ff000000/00ff0000/0000ff00/000000ff
[   13.740998] (\drivers\base\bootvid\framebuf\bootvid.c:297) Scaling X = 2, Y = 2
[   13.746209] (\drivers\base\bootvid\framebuf\bootvid.c:304) Borders X = 320, Y = 60
[   13.773855] (\ntoskrnl\ke\arm64\stubs.c:653) [arm64] KeStartAllProcessors: Max=64 (numproc=0 bootproc=0)
[   13.780485] (\ntoskrnl\ke\arm64\stubs.c:738) [arm64] KeStartAllProcessors: Attempting to start CPU 1
[   13.789570] (\hal\halarm64\smp.c:315) [arm64][HAL] Identity-map page table: L0[0]→L1[0]→L2[2] block=0x400000 (trampoline PA=0x420000)
[   13.801884] (\hal\halarm64\smp.c:415) [arm64][HAL] AP trampoline initialized at PA=0x420000 VA=FFFFFC0000420000 size=448 idmap_ttbr0=0x500000
[   13.814547] (\hal\halarm64\smp.c:592) [arm64][HAL] Discovered 4 CPUs, parking protocol not available
[   13.823703] (\ntoskrnl\ke\arm64\stubs.c:771) [arm64] KeStartAllProcessors: CPU 1 started successfully
[   13.832882] (\ntoskrnl\ke\arm64\stubs.c:738) [arm64] KeStartAllProcessors: Attempting to start CPU 2
[   13.841999] (\ntoskrnl\ke\arm64\stubs.c:771) [arm64] KeStartAllProcessors: CPU 2 started successfully
[   13.851189] (\ntoskrnl\ke\arm64\stubs.c:738) [arm64] KeStartAllProcessors: Attempting to start CPU 3
[   13.860303] (\ntoskrnl\ke\arm64\stubs.c:771) [arm64] KeStartAllProcessors: CPU 3 started successfully
[   13.869495] (\ntoskrnl\ke\arm64\stubs.c:738) [arm64] KeStartAllProcessors: Attempting to start CPU 4
[   13.878577] (\hal\halarm64\halarm64.c:5909) [arm64][HAL] HalStartNextProcessor: no more processors (started=4, available=4)
[   13.889684] (\ntoskrnl\ke\arm64\stubs.c:744) [arm64] KeStartAllProcessors: HalStartNextProcessor failed for CPU 4
[   13.899955] (\ntoskrnl\ke\arm64\stubs.c:789) [arm64] KeStartAllProcessors: Successfully started 3 APs
[   13.909122] (\ntoskrnl\ke\arm64\stubs.c:824) [arm64] KeStartAllProcessors: Updating process affinities to 0xf
[   13.919011] (\ntoskrnl\ke\arm64\stubs.c:859) [arm64] KeStartAllProcessors: System process affinity 0x1 -> 0xf
[   13.929566] (\ntoskrnl\mm\mminit.c:224)           0xFFFFF80000000000 - 0xFFFFF80200000000	Boot Loaded Image
[   13.938617] (\ntoskrnl\mm\mminit.c:235)           0xFFFFEAD58AA00000 - 0xFFFFEAD593A01000	PFN Database
[   13.947902] (\ntoskrnl\mm\mminit.c:239)           0xFFFFABDCCD200000 - 0xFFFFABDCCE220000	ARM3 Non Paged Pool
[   13.957791] (\ntoskrnl\mm\mminit.c:243)           0xFFFFF97FBA000000 - 0xFFFFF97FDA000000	System View Space
[   13.967510] (\ntoskrnl\mm\mminit.c:247)           0xFFFFF97FDA000000 - 0xFFFFF98000000000	Session Space
[   13.976879] (\ntoskrnl\mm\mminit.c:250)           0xFFFFE48000000000 - 0xFFFFE4FFFFFFFFFF	Page Tables
[   13.986078] (\ntoskrnl\mm\mminit.c:253)           0xFFFFE4F240000000 - 0xFFFFE4F27FFFFFFF	Page Directories
[   13.995706] (\ntoskrnl\mm\mminit.c:256)           0xFFFFF70000000000 - 0xFFFFF77FFFFFFFFF	Hyperspace
[   14.004820] (\ntoskrnl\mm\mminit.c:259)           0xFFFFD50000000000 - 0xFFFFD6FFFFFFFFFF	System Cache
[   14.014100] (\ntoskrnl\mm\mminit.c:263)           0xFFFF913968200000 - 0xFFFF913981200000	ARM3 Paged Pool
[   14.023646] (\ntoskrnl\mm\mminit.c:269)           0xFFFF8302F1000000 - 0xFFFF8302FD351000	System PTE Space
[   14.033275] (\ntoskrnl\mm\mminit.c:273)           0xFFFFABDCCE220000 - 0xFFFFABDCD9970000	Non Paged Pool Expansion PTE Space
[   14.048314] (\hal\halarm64\acpi\halacpi.c:3482) HAL: ARM64 PCI stubs initialized (ECAM-only mode)
[   14.054296] 
====== PCI BUS HARDWARE DETECTION (ACPI HAL) =======

[   14.060633] HAL: ARM64 PCI ECAM path not exercised.
[   14.065488] 
====== END PCI BUS DETECTION =======

[   14.070435] ACPI ARM64-based System initialized
[   14.075162] WARNING:  ArbBuildAssignmentOrdering at \sdk\lib\drivers\arbiter\arbiter.c:275 is UNIMPLEMENTED!
[   14.084756] WARNING:  ArbBuildAssignmentOrdering at \sdk\lib\drivers\arbiter\arbiter.c:275 is UNIMPLEMENTED!
[   14.094563] WARNING:  ArbBuildAssignmentOrdering at \sdk\lib\drivers\arbiter\arbiter.c:275 is UNIMPLEMENTED!
[   14.104364] WARNING:  ArbBuildAssignmentOrdering at \sdk\lib\drivers\arbiter\arbiter.c:275 is UNIMPLEMENTED!
[   14.114172] WARNING:  ArbBuildAssignmentOrdering at \sdk\lib\drivers\arbiter\arbiter.c:275 is UNIMPLEMENTED!
[   14.124557] (\ntoskrnl\io\pnpmgr\pnproot.c:518) Failed to read the LogConf key for Root\RPI5VC4\0000
[   14.133151] (\ntoskrnl\io\pnpmgr\pnproot.c:518) Failed to read the LogConf key for Root\SOFTGPU\0000
[   14.144048] (\ntoskrnl\io\pnpmgr\pnpmap.c:656) ZwQueryValueKey(\Registry\Machine\SYSTEM\CURRENTCONTROLSET\Control\PnpDisableFirmwareMapper) failed with status 0xc0000034
[   14.164037] (\hal\halarm64\acpi\halacpi.c:4622) Resource count: 0
[   14.167245] (\hal\halarm64\acpi\halacpi.c:4627) Resource list size: 40
[   14.173760] (\hal\halarm64\acpi\halacpi.c:4622) Resource count: 0
[   14.179825] (\hal\halarm64\acpi\halacpi.c:4627) Resource list size: 40
[   14.186848] (\ntoskrnl\io\pnpmgr\pnpmgr.c:164) CDDB: set Driver='{4D36E97D-E325-11CE-BFC1-08002BE10318}\0000' for critical device (0x00000000)
[   14.205511] (\drivers\bus\sd\sdbus.c:276) SD Bus Driver: DriverEntry
[   14.209125] (\drivers\storage\port\sdport\sdport.c:69) SdPortInitialize(FFFFABDCCE0A3C70 \REGISTRY\MACHINE\SYSTEM\CONTROLSET001\SERVICES\SDHC FFFF8302FCE98A78)
[   14.223355] (\drivers\storage\port\sdport\sdport.c:173) SDPORT DriverEntry: DriverObject=FFFFABDCCE0A3A70 RegistryPath=\REGISTRY\MACHINE\SYSTEM\CONTROLSET001\SERVICES\SDPORT
[   14.243118] (\drivers\storage\port\storport\storport.c:961) StorPortInitialize(FFFFABDCCE0A3670 FFFF8302FCE98BA0 FFFF8302FCE98A80 0000000000000000)
[   14.253441] (\drivers\storage\port\storport\storport.c:963) HwInitializationDataSize: 136
[   14.261595] (\drivers\storage\port\storport\storport.c:964) AdapterInterfaceType: 5
[   14.269232] (\drivers\storage\port\storport\storport.c:965) HwInitialize: FFFF8302FD06BB48
[   14.277472] (\drivers\storage\port\storport\storport.c:966) HwStartIo: FFFF8302FD06C27C
[   14.285456] (\drivers\storage\port\storport\storport.c:967) HwInterrupt: FFFF8302FD06C168
[   14.293610] (\drivers\storage\port\storport\storport.c:968) HwFindAdapter: FFFF8302FD06D3D4
[   14.301941] (\drivers\storage\port\storport\storport.c:969) HwResetBus: FFFF8302FD06D308
[   14.310008] (\drivers\storage\port\storport\storport.c:970) HwDmaStarted: 0000000000000000
[   14.318253] (\drivers\storage\port\storport\storport.c:971) HwAdapterState: 0000000000000000
[   14.326667] (\drivers\storage\port\storport\storport.c:972) DeviceExtensionSize: 146520
[   14.334651] (\drivers\storage\port\storport\storport.c:973) SpecificLuExtensionSize: 0
[   14.342545] (\drivers\storage\port\storport\storport.c:974) SrbExtensionSize: 1592
[   14.350095] (\drivers\storage\port\storport\storport.c:975) NumberOfAccessRanges: 6
[   14.357728] (\drivers\storage\port\storport\storport.c:1001) No driver object extension!
[   14.365800] (\drivers\storage\port\storport\storport.c:1013) Driver object extension created!
[   14.374300] (\drivers\storage\port\storport\storport.c:31) PortAddDriverInitData()
[   14.381855] (\drivers\storage\port\storport\storport.c:1044) StorPortInitialize() done (Status 0x00000000)
[   14.392425] (\drivers\storage\port\storport\storport.c:461) DriverEntry(FFFFABDCCE0A3470 FFFF8302FCE98BA0)
[   14.405082] WDFTrace: new WDFKEY object open failed, !STATUS!
[   14.411837] (\drivers\ksfilter\swenum\swenum.c:428) SWENUM loaded
[   14.415986] (\drivers\storage\class\ramdisk\ramdisk.c:5836) RAMDISK DriverEntry: DriverObject=FFFFABDCCE066750 RegistryPath=\REGISTRY\MACHINE\SYSTEM\CONTROLSET001\SERVICES\RAMDISK
[   14.431993] (\ntoskrnl\io\iomgr\driver.c:1442) BOOT DRIVERS LOADED
[   14.437604] (\hal\halarm64\acpi\halpnpdd.c:1720) Start device received
[   14.443800] (\drivers\bus\acpi\pnp.c:338) ACPI: Registered PCI interface: \??\ACPI_HAL#PNP0C08#0#{a7e9db84-db4c-4289-876b-e2c3e63b5f4f}
[   14.455821] (\drivers\bus\acpi\pnp.c:353) Bus_StartFdo: Calling AcpiInitializeSubsystem
[   14.463827] (\drivers\bus\acpi\pnp.c:364) Bus_StartFdo: Calling AcpiInitializeTables
[   14.478846] (\drivers\bus\acpi\pnp.c:373) Bus_StartFdo: Calling AcpiLoadTables
[   14.484002] (\drivers\bus\acpi\busmgr\utils.c:575) AcpiGetTable() for FACS failed (Status 0x00000005)
[   14.492388] (\drivers\bus\acpi\pnp.c:385) Unable to create ACPI tables in registry (0xc0000001)
[   14.501055] (\drivers\bus\acpi\pnp.c:389) Bus_StartFdo: Calling acpi_init
[   14.508871] (\drivers\bus\acpi\busmgr\bus.c:1693) ACPI: _PIC method not present; firmware assumed APIC-ready
[   14.521999] (\hal\halarm64\halarm64.c:1715) [arm64][PCI] Registered PCI routing query provider at FFFF8302FD1C1440
[   14.529459] (\drivers\bus\acpi\busmgr\acpi_pci_routing.c:430) ACPI: PCI routing provider registered (4 entries available)
[   14.540391] (\drivers\bus\acpi\busmgr\pci_root.c:978) ACPI: Enumerating PCI root bridges (ACPI 1.0/2.0+/PCIe)
[   14.550988] (\drivers\bus\acpi\busmgr\pci_root.c:320) ACPI: _OSC calling with Support=0x19 Control=0x10
[   14.559794] (\drivers\bus\acpi\busmgr\pci_root.c:423) ACPI: _OSC success - granted control 0x10 (status 0x0)
[   14.569457] (\drivers\bus\acpi\busmgr\pci_root.c:847) ACPI: PCI Root 1: HID=PNP0A08 UID=1 SEG=1 BUS=0
[   14.578651] (\drivers\bus\acpi\busmgr\pci_root.c:853)     Bus range  : [0 - 255]
[   14.586028] (\drivers\bus\acpi\busmgr\pci_root.c:872)     Memory window: [c0000000 - 1affffffff]
[   14.594788] (\drivers\bus\acpi\busmgr\pci_root.c:876)       translation: +0
[   14.601730] (\drivers\bus\acpi\busmgr\pci_root.c:897)     _OSC status 0x0 request 0x10 grant 0x10
[   14.610579] (\hal\halarm64\halarm64.c:1651) [arm64][PCI] ACPI PCI Root Bridge: Segment=1 Bus=0 BusRange=[0-255]
[   14.620646] (\hal\halarm64\halarm64.c:1660) [arm64][PCI]   No MCFG or _CBA config-space base published for this root bridge.
[   14.631836] (\hal\halarm64\halarm64.c:1674) [arm64][PCI]   Memory Window: [0xc0000000 - 0x1affffffff]
[   14.641033] (\hal\halarm64\halarm64.c:1690) [arm64][PCI]   _OSC: Status=0x0 Control=0x10 Grant=0x10 (OK)
[   14.650852] (\drivers\bus\acpi\busmgr\pci_root.c:835) ACPI: PCI root HID=PNP0A08 UID=1 already processed (Seg 1 Bus 0-255), skipping duplicate handle FFFFABDCCE0A14C0
[   14.665420] (\drivers\bus\acpi\pnp.c:399) Bus_StartFdo: Calling ACPIEnumerateDevices
[   14.673125] (\drivers\bus\acpi\acpienum.c:159) ACPI-PCIROOT: Enumerating PCI root candidate HID=PNP0A08 UID=1 ADR=0xffffffffffffffff handle=FFFFABDCCE0A14C0
[   14.687017] (\drivers\bus\acpi\acpienum.c:169) ACPI-PCIROOT:   |_ CID[0]=PNP0A03
[   14.694739] (\drivers\bus\acpi\acpienum.c:549) ACPI-PCIROOT:   |_ _CRS Bus 0x0-0xff (len=0x100)
[   14.703072] (\drivers\bus\acpi\acpienum.c:549) ACPI-PCIROOT:   |_ _CRS Mem64 0xc0000000-0xc04fffff (len=0x500000)
[   14.713310] (\drivers\bus\acpi\acpienum.c:549) ACPI-PCIROOT:   |_ _CRS Mem64 0x1800000000-0x1affffffff (len=0x300000000)
[   14.724355] (\drivers\bus\acpi\pnp.c:401) Bus_StartFdo: ACPIEnumerateDevices done (Status 0x0)
[   14.740944] (\drivers\bus\acpi\buspdo.c:237) ACPI: Using _BBN for PCI root ACPI\PNP0A08 bus=0
[   14.746583] (\drivers\bus\acpi\buspdo.c:283) ACPI: Cached PCI root ACPI\PNP0A08 bus number 0
[   14.757027] (\ntoskrnl\io\pnpmgr\pnpmgr.c:164) CDDB: set Driver='{4D36E97D-E325-11CE-BFC1-08002BE10318}\0001' for critical device (0x00000000)
[   14.768438] (\drivers\bus\acpi\buspdo.c:237) ACPI: Using _BBN for PCI root ACPI\PNP0A08 bus=0
[   14.776258] (\drivers\bus\acpi\buspdo.c:283) ACPI: Cached PCI root ACPI\PNP0A08 bus number 0
[   14.785494] (\drivers\bus\pci\fdo.c:474) PCI: FdoStartDevice called
[   14.790919] (\drivers\bus\pci\arb.c:666) PCI: Creating arbiters for bus 0
[   14.797687] (\drivers\bus\pci\arb.c:709) PCI: Created 3 arbiters for bus 0
[   14.804664] (\drivers\bus\pci\fdo.c:274) PCI: FdoQueryBusRelations called
[   14.811308] (\hal\halarm64\acpi\halacpi.c:139) HAL: PCI Express MMCONFIG unavailable because the ACPI MCFG table is missing or empty.
[   14.823282] (\drivers\bus\pci\fdo.c:133) PCI: Bus 0 slot 0 empty (Size=64 VendorID=0xffff), but scanning root bus anyway
[   14.834130] (\drivers\bus\pci\fdo.c:290) PCI: FdoQueryBusRelations enumerated 0 devices
[   14.846394] (\ntoskrnl\io\pnpmgr\pnpmgr.c:164) CDDB: set Driver='{36FC9E60-C465-11CF-8056-444553540000}\0000' for critical device (0x00000000)
[   14.858104] (\drivers\bus\acpi\interface.c:823) Invalid GUID
[   14.861928] (\drivers\usb\usbport\pnp.c:1615) USBPORT_StartDevice: no PCI config space (ACPI-enumerated controller), continuing
[   14.873379] (\drivers\bus\acpi\interface.c:823) Invalid GUID
[   14.881616] (\drivers\usb\usbxhci\usbxhci.c:9233) usbxhci: no PCI config space (ACPI-enumerated controller), skipping bus-master enable
[   14.892715] (\drivers\usb\usbxhci\osc.c:447) usbxhci: _OSC: Using IOCTL to evaluate _OSC method
[   14.899837] (\drivers\usb\usbxhci\osc.c:480) usbxhci: _OSC Query phase - asking what controls are available
[   14.909590] (\drivers\usb\usbxhci\osc.c:234) usbxhci: ACPI _OSC IOCTL failed: 0xC0000034
[   14.917625] (\drivers\usb\usbxhci\osc.c:497) usbxhci: _OSC not available (Status=0xC0000034) - using legacy defaults
[   14.928123] (\drivers\usb\usbxhci\osc.c:401) usbxhci: _OSC: Set legacy defaults (full OS control)
[   14.961126] (\drivers\usb\usbxhci\usbxhci.c:4211) usbxhci: bounce pool ready slots=32 size=65536
[   14.968203] (\drivers\usb\usbport\pnp.c:2537) USBPORT_CreatePdo: HubPdo=FFFFABDCCE196BC0 DevExt=FFFFABDCCE196D10
[   14.978499] (\ntoskrnl\io\pnpmgr\pnpmgr.c:164) CDDB: set Driver='{36FC9E60-C465-11CF-8056-444553540000}\0001' for critical device (0x00000000)
[   14.990263] (\drivers\usb\usbhub\usbhub.c:957) USBH_SyncGetRootHubPdo: Target=FFFFABDCCE196BC0 Driver=\Driver\usbxhci StackSize=2
[   15.001558] (\drivers\usb\usbhub\usbhub.c:985) USBH_SyncGetRootHubPdo: Irp=FFFFABDCCE030010 Major=0f IoCtl=0022000f Arg1=FFFFABDCCE196420 Arg2=FFFFABDCCE196428
[   15.015785] (\drivers\usb\usbport\ioctl.c:661) USBPORT_PdoInternalDeviceControl: IOCTL_INTERNAL_USB_GET_ROOTHUB_PDO Pdo=FFFFABDCCE196BC0 Arg1=FFFFABDCCE196420 Arg2=FFFFABDCCE196428
[   15.032127] (\drivers\usb\usbhub\usbhub.c:1267) USBH_GetConfigurationDescriptor: NTSTATUS=0x00000000 wTotalLength=25 FirstBytes=09 02 19 00 01 01
[   15.044854] (\drivers\bus\acpi\main.c:374) Unsupported IOCTL: 32c020
[   15.051413] (\drivers\usb\usbhub\pnp.c:344) USBH_OpenConfiguration: using interface 0 alt 0 Pipes=1 MaxPacket0=8
[   15.061350] (\drivers\usb\usbhub\pnp.c:372) USBH_OpenConfiguration: SelectConfig succeeded (PipeHandle=FFFFABDCCE0308E0 wTotalLength=25)
[   15.091883] (\drivers\usb\usbhub\usbhub.c:3689) USBD_RegisterRootHubCallBack: HubExtension - FFFFABDCCE196400
[   15.098910] (\drivers\usb\usbport\iface.c:1283) USBHI_RootHubInitNotification: stored callback FFFF8302FD1415A4 ctx=FFFFABDCCE196400 seq=1 caller=FFFF8302FD14168C
[   15.113399] (\drivers\usb\usbhub\usbhub.c:3705) USBD_RegisterRootHubCallBack: RootHubInitNotification -> 0x00000000
[   15.113405] (\drivers\usb\usbhub\usbhub.c:3137) USBH_SubmitStatusChangeTransfer: HubExtension - FFFFABDCCE196400, SCEIrp - FFFFABDCCE1973B0
[   15.123933] (\drivers\usb\usbhub\pnp.c:1190) USBH_FdoQueryBusRelations: NumberPorts - 3
[   15.136348] (\drivers\usb\usbhub\usbhub.c:2544) USBH_ChangeIndicationWorker: HubExt=FFFFABDCCE196400 WorkItem=FFFFABDCCE1373C0
[   15.155653] (\drivers\usb\usbhub\usbhub.c:2792) USBH_ChangeIndicationWorker: Port 2 Status=0x0301 Change=0x0001
[   15.165740] (\drivers\usb\usbhub\usbhub.c:2311) USBH_ProcessPortStateChange: Port 2 connect -> enumerate
[   15.175198] (\drivers\usb\usbhub\usbhub.c:2792) USBH_ChangeIndicationWorker: Port 3 Status=0x1103 Change=0x0031
[   15.185260] (\drivers\usb\usbhub\usbhub.c:2311) USBH_ProcessPortStateChange: Port 3 connect -> enumerate
[   15.194738] (\drivers\usb\usbhub\usbhub.c:3137) USBH_SubmitStatusChangeTransfer: HubExtension - FFFFABDCCE196400, SCEIrp - FFFFABDCCE1973B0
[   15.346437] (\drivers\usb\usbhub\usbhub.c:3137) USBH_SubmitStatusChangeTransfer: HubExtension - FFFFABDCCE196400, SCEIrp - FFFFABDCCE1973B0
[   15.366341] (\drivers\usb\usbhub\usbhub.c:5701) USBH_CreateDevice: Port - 2, UsbPortStatus - 0x0303
[   15.372509] (\drivers\usb\usbhub\usbhub.c:5737) USBH_CreateDevice: PortDevice - FFFFABDCCE09A8A0, <\Device\USBPDO-1>
[   15.382994] (\drivers\usb\usbhub\usbhub.c:5739) USBH_CreateDevice: PortExtension - FFFFABDCCE09A9F0
[   15.480688] (\drivers\usb\usbhub\usbhub.c:3137) USBH_SubmitStatusChangeTransfer: HubExtension - FFFFABDCCE196400, SCEIrp - FFFFABDCCE1973B0
[   15.506378] (\drivers\usb\usbxhci\usbxhci.c:5018) usbxhci: ResetDeviceOnPort: RESET_DEV succeeded for slot 1 on port 2, now in Default state
[   15.544600] (\drivers\usb\usbhub\usbhub.c:5611) USBH: announcing usb 1-2 port 2 (VID=413C PID=301A)
[   15.550755] (\drivers\usb\usbhub\usbhub.c:5634) usb 1-2: new low-speed USB device on port 2
[   15.559083] (\drivers\usb\usbhub\usbhub.c:5642) usb 1-2: New USB device found, idVendor=413C, idProduct=301A, bcdDevice=01.00
[   15.570363] (\drivers\usb\usbhub\usbhub.c:5649) usb 1-2: New USB device strings: Mfr=1, Product=2, SerialNumber=0
[   15.605571] (\drivers\usb\usbhub\usbhub.c:5655) usb 1-2: Product: Dell MS116 USB Optical Mouse
[   15.611294] (\drivers\usb\usbhub\usbhub.c:5660) usb 1-2: Manufacturer: PixArt
[   15.624585] (\drivers\usb\usbhub\usbhub.c:1267) USBH_GetConfigurationDescriptor: NTSTATUS=0x00000000 wTotalLength=34 FirstBytes=09 02 22 00 01 01
[   15.634736] (\drivers\usb\usbhub\pnp.c:1261) USBH_FdoQueryBusRelations: cached connect (no PDO) port 3 (ConnStatus=1)
[   15.645319] (\drivers\usb\usbhub\pnp.c:1302) USBH_FdoQueryBusRelations: forcing PDO creation from cached state on port 3
[   15.912109] (\drivers\usb\usbhub\usbhub.c:3137) USBH_SubmitStatusChangeTransfer: HubExtension - FFFFABDCCE196400, SCEIrp - FFFFABDCCE1973B0
[   15.936408] (\drivers\usb\usbhub\usbhub.c:5701) USBH_CreateDevice: Port - 3, UsbPortStatus - 0x1103
[   15.942598] (\drivers\usb\usbhub\usbhub.c:5737) USBH_CreateDevice: PortDevice - FFFFABDCCE132070, <\Device\USBPDO-2>
[   15.953064] (\drivers\usb\usbhub\usbhub.c:5739) USBH_CreateDevice: PortExtension - FFFFABDCCE1321C0
[   16.102925] (\drivers\usb\usbhub\usbhub.c:3137) USBH_SubmitStatusChangeTransfer: HubExtension - FFFFABDCCE196400, SCEIrp - FFFFABDCCE1973B0
[   16.126430] (\drivers\usb\usbxhci\usbxhci.c:5018) usbxhci: ResetDeviceOnPort: RESET_DEV succeeded for slot 2 on port 3, now in Default state
[   16.170304] (\drivers\usb\usbhub\usbhub.c:5611) USBH: announcing usb 1-3 port 3 (VID=0781 PID=5581)
[   16.176462] (\drivers\usb\usbhub\usbhub.c:5634) usb 1-3: new super-speed USB device on port 3
[   16.184963] (\drivers\usb\usbhub\usbhub.c:5642) usb 1-3: New USB device found, idVendor=0781, idProduct=5581, bcdDevice=01.00
[   16.196244] (\drivers\usb\usbhub\usbhub.c:5649) usb 1-3: New USB device strings: Mfr=1, Product=2, SerialNumber=3
[   16.208430] (\drivers\usb\usbhub\usbhub.c:5655) usb 1-3: Product:  SanDisk 3.2Gen1
[   16.214028] (\drivers\usb\usbhub\usbhub.c:5660) usb 1-3: Manufacturer:  USB
[   16.220974] (\drivers\usb\usbhub\usbhub.c:5675) usb 1-3: SerialNumber: 0901da96cc5f2a6e98145c166ee0bf8579199debc6f1126c17dcbe55724e3388e11a00000000000000000000897c8cadff082920815581076e327e7a
[   16.238414] (\drivers\usb\usbhub\usbhub.c:1267) USBH_GetConfigurationDescriptor: NTSTATUS=0x00000000 wTotalLength=44 FirstBytes=09 02 2c 00 01 01
[   16.251720] (\ntoskrnl\io\pnpmgr\pnpmgr.c:164) CDDB: set Driver='{745a17a0-74d3-11d0-b6fe-00a0c90f57da}\0000' for critical device (0x00000000)
[   16.264356] (\ntoskrnl\io\pnpmgr\pnpmgr.c:164) CDDB: set Driver='{36FC9E60-C465-11CF-8056-444553540000}\0002' for critical device (0x00000000)
[   16.319316] (\ntoskrnl\io\pnpmgr\pnpmgr.c:164) CDDB: set Driver='{4D36E967-E325-11CE-BFC1-08002BE10318}\0000' for critical device (0x00000000)
[   16.329659] (\drivers\usb\usbstor\disk.c:143) SRB_FUNCTION_CLAIM_DEVICE
[   16.668866] (\ntoskrnl\io\pnpmgr\pnpmgr.c:164) CDDB: set Driver='{36FC9E60-C465-11CF-8056-444553540000}\0003' for critical device (0x00000000)
[   16.680555] (\drivers\bus\acpi\interface.c:823) Invalid GUID
[   16.684400] (\drivers\usb\usbport\pnp.c:1615) USBPORT_StartDevice: no PCI config space (ACPI-enumerated controller), continuing
[   16.695852] (\drivers\bus\acpi\interface.c:823) Invalid GUID
[   16.704007] (\drivers\usb\usbxhci\usbxhci.c:9233) usbxhci: no PCI config space (ACPI-enumerated controller), skipping bus-master enable
[   16.715084] (\drivers\usb\usbxhci\osc.c:447) usbxhci: _OSC: Using IOCTL to evaluate _OSC method
[   16.722309] (\drivers\usb\usbxhci\osc.c:480) usbxhci: _OSC Query phase - asking what controls are available
[   16.732064] (\drivers\usb\usbxhci\osc.c:234) usbxhci: ACPI _OSC IOCTL failed: 0xC0000034
[   16.740097] (\drivers\usb\usbxhci\osc.c:497) usbxhci: _OSC not available (Status=0xC0000034) - using legacy defaults
[   16.750595] (\drivers\usb\usbxhci\osc.c:401) usbxhci: _OSC: Set legacy defaults (full OS control)
[   16.783928] (\drivers\usb\usbxhci\usbxhci.c:4211) usbxhci: bounce pool ready slots=32 size=65536
[   16.790921] (\drivers\usb\usbport\pnp.c:2537) USBPORT_CreatePdo: HubPdo=FFFFABDCCE017C90 DevExt=FFFFABDCCE017DE0
[   16.801143] (\ntoskrnl\io\pnpmgr\pnpmgr.c:164) CDDB: set Driver='{36FC9E60-C465-11CF-8056-444553540000}\0004' for critical device (0x00000000)
[   16.813034] (\drivers\usb\usbhub\usbhub.c:957) USBH_SyncGetRootHubPdo: Target=FFFFABDCCE017C90 Driver=\Driver\usbxhci StackSize=2
[   16.824361] (\drivers\usb\usbhub\usbhub.c:985) USBH_SyncGetRootHubPdo: Irp=FFFFABDCCE0979C0 Major=0f IoCtl=0022000f Arg1=FFFFABDCCE0177F0 Arg2=FFFFABDCCE0177F8
[   16.838590] (\drivers\usb\usbport\ioctl.c:661) USBPORT_PdoInternalDeviceControl: IOCTL_INTERNAL_USB_GET_ROOTHUB_PDO Pdo=FFFFABDCCE017C90 Arg1=FFFFABDCCE0177F0 Arg2=FFFFABDCCE0177F8
[   16.855263] (\drivers\usb\usbhub\usbhub.c:1267) USBH_GetConfigurationDescriptor: NTSTATUS=0x00000000 wTotalLength=25 FirstBytes=09 02 19 00 01 01
[   16.867661] (\drivers\bus\acpi\main.c:374) Unsupported IOCTL: 32c020
[   16.874489] (\drivers\usb\usbhub\pnp.c:344) USBH_OpenConfiguration: using interface 0 alt 0 Pipes=1 MaxPacket0=8
[   16.884167] (\drivers\usb\usbhub\pnp.c:372) USBH_OpenConfiguration: SelectConfig succeeded (PipeHandle=FFFFABDCCE130C90 wTotalLength=25)
[   16.916453] (\drivers\usb\usbhub\usbhub.c:3689) USBD_RegisterRootHubCallBack: HubExtension - FFFFABDCCE0177D0
[   16.923481] (\drivers\usb\usbport\iface.c:1283) USBHI_RootHubInitNotification: stored callback FFFF8302FD1415A4 ctx=FFFFABDCCE0177D0 seq=1 caller=FFFF8302FD14168C
[   16.937970] (\drivers\usb\usbhub\usbhub.c:3705) USBD_RegisterRootHubCallBack: RootHubInitNotification -> 0x00000000
[   16.937976] (\drivers\usb\usbhub\usbhub.c:3137) USBH_SubmitStatusChangeTransfer: HubExtension - FFFFABDCCE0177D0, SCEIrp - FFFFABDCCE131320
[   16.948427] (\drivers\usb\usbhub\pnp.c:1190) USBH_FdoQueryBusRelations: NumberPorts - 3
[   16.960901] (\drivers\usb\usbhub\usbhub.c:3137) USBH_SubmitStatusChangeTransfer: HubExtension - FFFFABDCCE0177D0, SCEIrp - FFFFABDCCE131320
[   17.247696] (\drivers\usb\usbhub\usbhub.c:3137) USBH_SubmitStatusChangeTransfer: HubExtension - FFFFABDCCE0177D0, SCEIrp - FFFFABDCCE131320
[   17.271407] (\drivers\usb\usbhub\usbhub.c:5701) USBH_CreateDevice: Port - 3, UsbPortStatus - 0x1103
[   17.277613] (\drivers\usb\usbhub\usbhub.c:5737) USBH_CreateDevice: PortDevice - FFFFABDCCE130350, <\Device\USBPDO-4>
[   17.288063] (\drivers\usb\usbhub\usbhub.c:5739) USBH_CreateDevice: PortExtension - FFFFABDCCE1304A0
[   17.437483] (\drivers\usb\usbhub\usbhub.c:3137) USBH_SubmitStatusChangeTransfer: HubExtension - FFFFABDCCE0177D0, SCEIrp - FFFFABDCCE131320
[   17.461430] (\drivers\usb\usbxhci\usbxhci.c:5018) usbxhci: ResetDeviceOnPort: RESET_DEV succeeded for slot 1 on port 3, now in Default state
[   17.505321] (\drivers\usb\usbhub\usbhub.c:5611) USBH: announcing usb 2-3 port 3 (VID=0781 PID=5591)
[   17.511480] (\drivers\usb\usbhub\usbhub.c:5634) usb 2-3: new super-speed USB device on port 3
[   17.519981] (\drivers\usb\usbhub\usbhub.c:5642) usb 2-3: New USB device found, idVendor=0781, idProduct=5591, bcdDevice=01.00
[   17.531261] (\drivers\usb\usbhub\usbhub.c:5649) usb 2-3: New USB device strings: Mfr=1, Product=2, SerialNumber=3
[   17.543447] (\drivers\usb\usbhub\usbhub.c:5655) usb 2-3: Product:  SanDisk 3.2Gen1
[   17.549046] (\drivers\usb\usbhub\usbhub.c:5660) usb 2-3: Manufacturer:  USB
[   17.555992] (\drivers\usb\usbhub\usbhub.c:5675) usb 2-3: SerialNumber: 01016e01ffd6f47ad7a9a904dc54438de8ee4ed362c463e23b37a4d9b83f12b6b3e3000000000000000000004ca60268000d5400915581077b32dc12
[   17.573447] (\drivers\usb\usbhub\usbhub.c:1267) USBH_GetConfigurationDescriptor: NTSTATUS=0x00000000 wTotalLength=44 FirstBytes=09 02 2c 00 01 01
[   17.587219] (\ntoskrnl\io\pnpmgr\pnpmgr.c:164) CDDB: set Driver='{36FC9E60-C465-11CF-8056-444553540000}\0005' for critical device (0x00000000)
[   17.644947] (\ntoskrnl\io\pnpmgr\pnpmgr.c:164) CDDB: set Driver='{4D36E967-E325-11CE-BFC1-08002BE10318}\0001' for critical device (0x00000000)
[   17.655295] (\drivers\usb\usbstor\disk.c:143) SRB_FUNCTION_CLAIM_DEVICE
[   17.741761] (\ntoskrnl\io\pnpmgr\pnpmgr.c:164) CDDB: set Driver='{a0a588a4-c46f-4b37-b7ea-c82fe89870c6}\0000' for critical device (0x00000000)
[   17.751935] (\drivers\bus\sd\sdbus.c:57) SdBusAddDevice: PhysicalDeviceObject FFFFABDCCE09DC70
[   17.760249] (\drivers\bus\sd\sdbus.c:133) SdBusAddDevice: FDO FFFFABDCCE091040 attached to FFFFABDCCE09DC70
[   17.770555] (\drivers\bus\sd\fdo.c:630) SDHCI: Memory resource at 0x1000fff000 length 0x260
[   17.778286] (\drivers\bus\sd\fdo.c:646) SDHCI: Interrupt vector 305 level 6
[   17.785934] (\drivers\bus\sd\fdo.c:283) SdBusInitializeController: RegisterBase FFFF8302FBC55000
[   17.793993] (\drivers\bus\sd\fdo.c:303) SDHCI: Version 1.02, Caps 0x15e2c832, Caps2 0x8000a577, BaseClock 200000 kHz
[   17.812221] (\drivers\bus\sd\fdo.c:537) SDHCI: SDMA buffer at VA=FFFF8302FBC15000 PA=0x00d5c000 (262144 bytes)
[   17.820708] (\ntoskrnl\io\pnpmgr\pnpmgr.c:164) CDDB: set Driver='{a0a588a4-c46f-4b37-b7ea-c82fe89870c6}\0001' for critical device (0x00000000)
[   17.832358] (\drivers\bus\sd\sdbus.c:57) SdBusAddDevice: PhysicalDeviceObject FFFFABDCCE09D870
[   17.840689] (\drivers\bus\sd\sdbus.c:133) SdBusAddDevice: FDO FFFFABDCCDFCFBA0 attached to FFFFABDCCE09D870
[   17.851029] (\drivers\bus\sd\fdo.c:630) SDHCI: Memory resource at 0x1001100000 length 0x260
[   17.858727] (\drivers\bus\sd\fdo.c:646) SDHCI: Interrupt vector 306 level 7
[   17.866363] (\drivers\bus\sd\fdo.c:283) SdBusInitializeController: RegisterBase FFFF8302FBC0B000
[   17.874433] (\drivers\bus\sd\fdo.c:303) SDHCI: Version 1.02, Caps 0x55e6c832, Caps2 0x8000a527, BaseClock 200000 kHz
[   17.895719] (\drivers\bus\sd\fdo.c:537) SDHCI: SDMA buffer at VA=FFFF8302FBBCB000 PA=0x00da5000 (262144 bytes)
[   17.914939] (\drivers\bus\sd\enum.c:945) SdBusEnumerateCard: CMD8 not supported (SD v1.x, MMC, or SDIO)
[   17.921726] (\drivers\bus\sd\enum.c:966) SdBusEnumerateCard: CMD5 detected SDIO funcs=3 memory=0 OCR=0x30ffff00
[   17.931793] (\drivers\bus\sd\enum.c:1005) SdBusEnumerateCard: SDIO card ready, OCR=0xb0ffff00 funcs=3
[   17.940979] (\drivers\bus\sd\enum.c:1291) SdBusEnumerateCard: RCA = 0x0001
[   17.950200] (\drivers\bus\sd\sdio.c:525) SdBusSdioEnumerateFunctions: CCCR rev=0x43 spec=0x03 cap=0x02 bus_if=0x40 uhs=0x07 CIS=0x0010AC NumFuncs=3
[   17.964333] (\drivers\bus\sd\sdio.c:532) SdBusSdioEnumerateFunctions: Common CIS VID=0x02D0 DID=0x4345 class=0x0C
[   17.971983] (\drivers\bus\sd\sdio.c:556) SdBusSdioEnumerateFunctions: SDIO 4-bit bus enabled
[   17.980691] (\drivers\bus\sd\sdio.c:568) SdBusSdioEnumerateFunctions: SDIO high-speed enabled
[   17.993731] (\drivers\bus\sd\sdio.c:632) SdBusSdioEnumerateFunctions: func 1 std=0x00 ext=0x00 class=0x0C CIS=0x001000 VID=0x02D0 DID=0x4345
[   18.003466] (\drivers\bus\sd\sdio.c:468) SdBusCreateSdioFunctionPdo: func=1 VID=02D0 DID=4345 class=12 PDO=FFFFABDCCDFCE070
[   18.019656] (\drivers\bus\sd\sdio.c:632) SdBusSdioEnumerateFunctions: func 2 std=0x00 ext=0x00 class=0x0C CIS=0x001038 VID=0x02D0 DID=0x4345
[   18.029386] (\drivers\bus\sd\sdio.c:468) SdBusCreateSdioFunctionPdo: func=2 VID=02D0 DID=4345 class=12 PDO=FFFFABDCCDFCEAF0
[   18.046188] (\drivers\bus\sd\sdio.c:632) SdBusSdioEnumerateFunctions: func 3 std=0x02 ext=0x00 class=0x02 CIS=0x001070 VID=0x02D0 DID=0x4345
[   18.055919] (\drivers\bus\sd\sdio.c:468) SdBusCreateSdioFunctionPdo: func=3 VID=02D0 DID=4345 class=2 PDO=FFFFABDCCE126070
[   18.066920] (\drivers\bus\sd\enum.c:1569) SdBusEnumerateCard: Enumeration complete, CardType=5, HighCapacity=0, TotalSectors=0
[   18.078285] (\drivers\bus\sd\enum.c:1604) SdBusProgramClock: Setting transfer clock to 50000 kHz
[   18.560903] (\ntoskrnl\mm\ARM3\sysldr.c:170) Loading: \SystemRoot\system32\drivers\rpi5vc4.sys at FFFF8302FBBAE000 with 14 pages
[   18.709611] (\ntoskrnl\mm\ARM3\sysldr.c:170) Loading: \SystemRoot\system32\drivers\dxgkrnl.sys at FFFF8302FBB7C000 with 32 pages
[   19.081001] (\drivers\directx\dxgkrnl\adapter.c:3376) DXGKRNL: ERROR: DxgkAdapterStart: NO translated resources! (PDO=FFFFABDCCE19F900 DOD=0)
[   19.122386] RPI5VC4: HVS IOMMU CTRL=00000000 (enable=0 bypass=0) PT=00000000 MISC=80003ffc DBG=20804774
[   19.128893] RPI5VC4: HVS IOMMU ADDR_CAP=00000fff (disabled, cap=1048320 MB) BYPASS=[00000000..00000fff] ILLEGAL=00000000
[   19.142093] (\drivers\directx\rpi5vc4\rpi5vc4.c:447) RPI5VC4: VideoCore firmware revision 0x69372732
[   19.156960] (\drivers\directx\rpi5vc4\rpi5vc4.c:460) RPI5VC4: V3D clock at 960 MHz
[   19.168955] (\drivers\directx\rpi5vc4\rpi5vc4_v3d.c:419) RPI5VC4: timer resolution granted 10000
[   19.174855] (\drivers\directx\rpi5vc4\rpi5vc4_v3d.c:423) RPI5VC4: init ERR_STAT after clear=00001000
[   19.183969] (\drivers\directx\rpi5vc4\rpi5vc4_v3d.c:433) RPI5VC4: V3D 7.1 online — hub 0x42554856/0x00081117 core 0x07443356, slab GPU VA 0x01000000 (65536 KB)
[   19.198378] (\drivers\directx\rpi5vc4\rpi5vc4_v3d.c:628) RPI5VC4: V3D interrupt connected (core=1/INTID282 hub=1/INTID281)
[   19.212197] RPI5VC4: LPTRS@0x110=000002a0 head=672 ctl0=600cc007 ptr1=3f400000 valid=1 match=1
[   19.217979] RPI5VC4: LPTRS@0x03c=ffffffff head=4095 (skip)
[   19.223446] RPI5VC4: takeover OK reg=0x110 head=672 fb=00:3f400000 cursor=0 start=0 count=10
[   19.232352] RPI5VC4: LPTRS@0x110=000002a0 head=672 ctl0=490cc007 ptr1=3f400000 valid=1 match=1
[   19.240449] RPI5VC4: LPTRS@0x03c=ffffffff head=4095 (skip)
[   19.245917] RPI5VC4: takeover OK reg=0x110 head=672 fb=00:3f400000 cursor=0 start=9 count=10
[   19.254332] RPI5VC4: LPTRS@0x110=000002a0 head=672 ctl0=490cc007 ptr1=3f400000 valid=1 match=1
[   19.262920] RPI5VC4: LPTRS@0x03c=ffffffff head=4095 (skip)
[   19.268387] RPI5VC4: takeover OK reg=0x110 head=672 fb=00:3f400000 cursor=0 start=9 count=10
[   19.333604] (\ntoskrnl\mm\ARM3\sysldr.c:170) Loading: \SystemRoot\system32\drivers\softgpu.sys at FFFF8302F5F75000 with 8 pages
[   19.581618] (\drivers\directx\dxgkrnl\adapter.c:3376) DXGKRNL: ERROR: DxgkAdapterStart: NO translated resources! (PDO=FFFFABDCCE19F6E0 DOD=0)
[   19.591531] (\drivers\directx\softgpu\softgpu.c:370) SOFTGPU: no acquirable boot framebuffer -- declining (none exists, or a real GPU miniport owns the display)
[   19.605740] (\drivers\directx\dxgkrnl\adapter.c:3613) DXGKRNL: ERROR: DxgkAdapterStart: DxgkDdiStartDevice failed 0xC0000182 (IRQs fired during start=0, vec=0 msgbased=0)
[   19.620930] (\ntoskrnl\io\pnpmgr\pnproot.c:1373) IRP_MJ_PNP / Unknown minor function 0x1
[   19.628995] (\ntoskrnl\io\pnpmgr\devaction.c:1936) Removal vetoed by Root\SOFTGPU\0000
[   19.636887] (\ntoskrnl\io\pnpmgr\devaction.c:2057) Removal vetoed by failing the query remove request
[   19.646082] (\ntoskrnl\io\pnpmgr\pnproot.c:1373) IRP_MJ_PNP / Unknown minor function 0x3
[   19.690111] (\ntoskrnl\mm\ARM3\sysldr.c:170) Loading: \SystemRoot\system32\drivers\hidusb.sys at FFFF8302F4F6C000 with 9 pages
[   19.727034] (\ntoskrnl\mm\ARM3\sysldr.c:170) Loading: \SystemRoot\system32\drivers\hidclass.sys at FFFF8302F4F5E000 with e pages
[   19.865863] (\ntoskrnl\mm\ARM3\sysldr.c:170) Loading: \SystemRoot\system32\drivers\hidparse.sys at FFFF8302F4F52000 with c pages
[   20.130846] (\drivers\hid\hidusb\hidusb.c:1957) Status 0
[   20.144055] (\ntoskrnl\io\pnpmgr\pnpmgr.c:164) CDDB: set Driver='{4D36E96F-E325-11CE-BFC1-08002BE10318}\0000' for critical device (0x00000000)
[   20.229111] (\ntoskrnl\mm\ARM3\sysldr.c:170) Loading: \SystemRoot\system32\drivers\mouhid.sys at FFFF8302F4F42000 with 8 pages
[   20.489317] (\ntoskrnl\mm\ARM3\sysldr.c:170) Loading: \SystemRoot\system32\drivers\mouclass.sys at FFFF8302F4F38000 with a pages
[   20.669970] (\ntoskrnl\mm\ARM3\sysldr.c:170) Loading: \SystemRoot\system32\drivers\fs_rec.sys at FFFF8302F4F2E000 with a pages
[   20.935707] (\ntoskrnl\mm\ARM3\sysldr.c:170) Loading: \SystemRoot\system32\drivers\null.sys at FFFF8302F4F26000 with 8 pages
[   21.071896] (\ntoskrnl\mm\ARM3\sysldr.c:170) Loading: \SystemRoot\system32\drivers\beep.sys at FFFF8302F4F1F000 with 7 pages
[   21.333572] (\ntoskrnl\mm\ARM3\sysldr.c:170) Loading: \SystemRoot\system32\drivers\i8042prt.sys at FFFF8302F4F0E000 with 11 pages
[   21.597537] (\ntoskrnl\wmi\smbios.c:172) Could not find the SMBIOS entry point
[   21.601875] (\ntoskrnl\wmi\smbios.c:233) WmipGetRawSMBiosTableData failed: 0xc0000225
[   21.609686] (\drivers\input\i8042prt\hwhacks.c:208) IoWMIOpenBlock failed: 0xc0000225
[   21.637295] (\ntoskrnl\mm\ARM3\sysldr.c:170) Loading: \SystemRoot\system32\drivers\kbdclass.sys at FFFF8302F4F03000 with b pages
[   21.947427] (\ntoskrnl\mm\ARM3\sysldr.c:170) Loading: \SystemRoot\system32\drivers\dxgmms1.sys at FFFF8302F4EF1000 with 12 pages
[   22.207190] (\drivers\directx\dxgmms1\dxgmms1.c:62) DXGMMS1: DriverEntry: DirectX GPU Memory Manager and Scheduler loading
[   22.215342] (\drivers\directx\dxgmms1\dxgmms1.c:69) DXGMMS1: DriverEntry: dxgmms1 loaded successfully
[   22.349017] (\ntoskrnl\mm\ARM3\sysldr.c:170) Loading: \SystemRoot\system32\drivers\blue.sys at FFFF8302F4EE7000 with a pages
[   22.612148] (\ntoskrnl\mm\ARM3\sysldr.c:170) Loading: \SystemRoot\system32\drivers\viogpudo.sys at FFFF8302F4EC9000 with 1e pages
[   22.820368] (\ntoskrnl\mm\ARM3\sysldr.c:170) Loading: \SystemRoot\system32\drivers\msfs.sys at FFFF8302F4EC2000 with 7 pages
[   23.085265] (\ntoskrnl\mm\ARM3\sysldr.c:170) Loading: \SystemRoot\system32\drivers\npfs.sys at FFFF8302F4EAD000 with 15 pages
[   23.337365] (\ntoskrnl\mm\ARM3\sysldr.c:170) Loading: \SystemRoot\system32\drivers\nwifi.sys at FFFF8302F4E9C000 with 11 pages
[   23.484758] (\drivers\network\nwifi\nwifi.c:197) NWIFI: DriverEntry
[   23.488187] (\drivers\network\nwifi\control.c:633) NWIFI: control device \Device\Nwifi created
[   23.496727] (\drivers\network\nwifi\nwifi.c:239) NWIFI: DriverEntry succeeded
[   23.516238] (\ntoskrnl\mm\ARM3\sysldr.c:170) Loading: \SystemRoot\system32\drivers\afd.sys at FFFF8302F4E82000 with 1a pages
[   23.758022] (\ntoskrnl\mm\ARM3\sysldr.c:170) Loading: \SystemRoot\system32\drivers\netio.sys at FFFF8302F4E74000 with e pages
[   23.832863] (\ntoskrnl\io\pnpmgr\pnproot.c:1373) IRP_MJ_PNP / Unknown minor function 0x1
[   23.838075] (\ntoskrnl\io\pnpmgr\devaction.c:1936) Removal vetoed by Root\SOFTGPU\0000
KDB: Executing KDBinit file...
[   23.845965] (\ntoskrnl\io\pnpmgr\devaction.c:2057) Removal vetoed by failing the query remove request
KDB: KDBinit executed
[   23.857937] (\ntoskrnl\io\pnpmgr\pnproot.c:1373) IRP_MJ_PNP / Unknown minor function 0x3
[   23.859941] (\ntoskrnl\io\iomgr\driver.c:309) Deleting driver object '\Driver\KdDriver'
[   24.011696] WARNING:  RtlCreateTagHeap at \sdk\lib\rtl\heap.c:4043 is UNIMPLEMENTED!
[   24.555770] (\base\system\smss\pagefile.c:969) SMSS:PFILE: Volume `\??\C:\' (121) cannot store a paging file
[   24.700297] (\base\system\smss\pagefile.c:969) SMSS:PFILE: Volume `\??\D:\' (121) cannot store a paging file
[   24.822427] (\base\system\smss\pagefile.c:930) SMSS:PFILE: Open volume `\??\E:\' failed with status C000014F
[   24.944462] (\base\system\smss\pagefile.c:930) SMSS:PFILE: Open volume `\??\F:\' failed with status C000014F
[   24.951398] (\base\system\smss\pagefile.c:1048) SMSS:PFILE: No paging-file-capable volumes found
[   24.960167] (\ntoskrnl\config\cmsysini.c:1214) CmpGetRegistryPath: ConfigPath = '\SystemRoot\System32\Config\'
[   24.970180] (\ntoskrnl\config\cmsysini.c:1214) CmpGetRegistryPath: ConfigPath = '\SystemRoot\System32\Config\'
[   24.970237] (\ntoskrnl\config\cmsysini.c:1214) CmpGetRegistryPath: ConfigPath = '\SystemRoot\System32\Config\'
[   24.970327] (\ntoskrnl\config\cmsysini.c:1214) CmpGetRegistryPath: ConfigPath = '\SystemRoot\System32\Config\'
[   24.970206] (\ntoskrnl\config\cmsysini.c:1214) CmpGetRegistryPath: ConfigPath = '\SystemRoot\System32\Config\'
[   24.980128] (\ntoskrnl\config\cmsysini.c:1214) CmpGetRegistryPath: ConfigPath = '\SystemRoot\System32\Config\'
[   25.010094] (\ntoskrnl\config\cmsysini.c:1214) CmpGetRegistryPath: ConfigPath = '\SystemRoot\System32\Config\'
[   25.360283] (\ntoskrnl\mm\ARM3\session.c:846) Session 0 is ready to go: 0xFFFFF97FFF010000 0xFFFF8302F4E21000, 2220 0x0000000000000000
[   25.509678] (\ntoskrnl\mm\ARM3\sysldr.c:170) Loading: \SystemRoot\System32\win32k.sys at FFFF8302F4C97000 with 17a pages
[   25.577795] (\ntoskrnl\mm\ARM3\sysldr.c:170) Loading: \SystemRoot\System32\ftfd.dll at FFFF8302F4BF5000 with a2 pages
[   26.203685] (\win32ss\gdi\ntgdi\d3dkmt.c:183) DxStartupDxgkInt: Entry
[   26.207282] (\win32ss\reactx\ntddraw\ddraw.c:57) Warning: trying loading xp/2003/windows7/reactos dxg.sys
[   26.349280] (\ntoskrnl\mm\ARM3\sysldr.c:170) Loading: \SystemRoot\System32\drivers\dxg.sys at FFFF8302F4BD7000 with b pages
[   26.496044] (\ntoskrnl\mm\ARM3\sysldr.c:170) Loading: \SystemRoot\System32\drivers\dxgthk.sys at FFFF8302F4E1C000 with 5 pages
[   26.881430] (\win32ss\reactx\ntddraw\ddraw.c:112) DirectX interface is activated
[   27.383270] (\win32ss\user\ntuser\winsta.c:243) err: Invalid window station handle
[   27.388020] (\win32ss\user\ntuser\clipboard.c:31) err: Cannot open winsta
[   27.674584] (\win32ss\user\ntuser\class.c:2396) err: SYSTEMCUR(ARROW) == NULL, should not happen!!
[   27.674594] (\win32ss\user\ntuser\keyboard.c:221) err: NtDeviceIoControlFile() failed, ignored
[   27.680673] (\win32ss\user\ntuser\class.c:2396) err: SYSTEMCUR(ARROW) == NULL, should not happen!!
[   27.698192] (\win32ss\user\ntuser\class.c:2396) err: SYSTEMCUR(ARROW) == NULL, should not happen!!
[   27.707127] (\win32ss\user\ntuser\class.c:2396) err: SYSTEMCUR(ARROW) == NULL, should not happen!!
[   27.716066] (\win32ss\user\ntuser\class.c:2396) err: SYSTEMCUR(ARROW) == NULL, should not happen!!
[   27.724999] (\win32ss\user\ntuser\class.c:2396) err: SYSTEMCUR(ARROW) == NULL, should not happen!!
[   27.737516] (\win32ss\user\ntuser\desktop.c:3395) err: The process 0xFFFFABDCCDE10B30 'winlogon.exe' didn't have an assigned startup desktop before, assigning it now!
[   27.749531] (\win32ss\user\ntuser\desktop.c:3333) err: Attempted to change thread desktop although the thread has windows!
[   27.760667] (\win32ss\user\winsrv\usersrv\init.c:171) We are logged off
[   27.819326] (\ntoskrnl\mm\ARM3\sysldr.c:170) Loading: \SystemRoot\System32\kbdus.dll at FFFF8302F4B99000 with 5 pages
[   28.373078] (\base\system\services\services.c:64) CheckSetup()
[   28.376168] (\base\system\services\services.c:108) Running on LiveCD
[   28.382372] (\base\system\services\services.c:130) ReactOS Setup currently in progress!
[   28.611394] WARNING:  HvHiveWillShrink at \sdk\lib\cmlib\hivewrt.c:584 is UNIMPLEMENTED!
[   28.905093] (\win32ss\gdi\eng\mouse.c:811) Failed to lock the DC.
[   28.926210] fixme:(\dll\win32\rpcrt4\rpc_server.c:1736) (0x1000): stub
[   28.946160] (\base\system\services\services.c:185) ScmLogEvent: RegisterEventSourceW failed 1722
[   28.952478] WARNING:  getMacAddress at \base\services\dcomlaunch\network.c:32 is UNIMPLEMENTED!
[   28.960743] (\base\services\dcomlaunch\network.c:136) Failed finding a proper MAC address, will generate seed
[   28.973384] (\base\system\services\services.c:185) ScmLogEvent: RegisterEventSourceW failed 1722
[   29.009660] (\ntoskrnl\mm\ARM3\sysldr.c:170) Loading: \SystemRoot\System32\cdd.dll at FFFF8302F4A9A000 with 9 pages
[   29.065808] WARNING:  LDEVOBJ_bUnloadImage at \win32ss\gdi\eng\ldevobj.c:291 is UNIMPLEMENTED!
[   29.068534] (\base\system\services\services.c:185) ScmLogEvent: RegisterEventSourceW failed 1722
[   29.325172] (\ntoskrnl\mm\ARM3\sysldr.c:170) Loading: \SystemRoot\System32\framebuf.dll at FFFF8302F4A52000 with 9 pages
[   29.470533] WARNING:  LDEVOBJ_bUnloadImage at \win32ss\gdi\eng\ldevobj.c:291 is UNIMPLEMENTED!
[   29.478155] (\win32ss\reactx\ntddraw\dxeng.c:286) ReactX Calling : DxEngGetHdevData, Type: 12
[   29.484762] (\win32ss\reactx\ntddraw\dxeng.c:289) hDev: FFFF9139684DB010
[   29.491445] (\win32ss\reactx\ntddraw\dxeng.c:343) requested DxEGShDevData_display
[   29.498904] (\win32ss\reactx\ntddraw\dxeng.c:376) retVal: 00000001
[   29.505066] (\win32ss\reactx\ntddraw\dxeng.c:286) ReactX Calling : DxEngGetHdevData, Type: 7
[   29.513480] (\win32ss\reactx\ntddraw\dxeng.c:289) hDev: FFFF9139684DB010
[   29.520162] (\win32ss\reactx\ntddraw\dxeng.c:323) requested DxEGShDevData_eddg
[   29.527362] (\win32ss\reactx\ntddraw\dxeng.c:376) retVal: ffff9139684dc010
[   29.534218] (\win32ss\reactx\ntddraw\dxeng.c:286) ReactX Calling : DxEngGetHdevData, Type: 6
[   29.542632] (\win32ss\reactx\ntddraw\dxeng.c:289) hDev: FFFF9139684DB010
[   29.549315] (\win32ss\reactx\ntddraw\dxeng.c:319) requested DxEGShDevData_dhpdev
[   29.556688] (\win32ss\reactx\ntddraw\dxeng.c:376) retVal: ffff9139684d90b0
[   29.563544] (\win32ss\reactx\ntddraw\dxeng.c:534) ReactX Calling : DxEngLockHdev
[   29.570917] (\win32ss\reactx\ntddraw\dxeng.c:536) hDev: FFFF9139684DB010
[   29.577600] (\win32ss\reactx\ntddraw\dxeng.c:286) ReactX Calling : DxEngGetHdevData, Type: 5
[   29.577755] RPI5VC4: present #1 moves=0 dirty=1 flip=0 idx=0 scan=3f400000
[   29.586014] (\win32ss\reactx\ntddraw\dxeng.c:289) hDev: FFFF9139684DB010
[   29.599551] (\win32ss\reactx\ntddraw\dxeng.c:315) requested DxEGShDevData_DrvFuncs
[   29.607097] (\win32ss\reactx\ntddraw\dxeng.c:376) retVal: ffff9139684db378
[   29.613953] (\win32ss\reactx\ntddraw\dxeng.c:571) ReactX Calling : DxEngUnlockHdev
[   29.618811] RPI5VC4: flip ring: 3 x 8100 KB at 00:47333000
[   29.632084] RPI5VC4: LPTRS@0x110=000002a0 head=672 ctl0=490cc007 ptr1=3f400000 valid=1 match=1
[   29.637811] RPI5VC4: LPTRS@0x03c=ffffffff head=4095 (skip)
[   29.643275] RPI5VC4: flip OK head=672 -> 00:47333000
[   29.768833] err:(\win32ss\user\user32\windows\cursoricon.c:274) Loading System Cursors
[   29.908153] RPI5VC4: present #2 moves=0 dirty=1 flip=3 idx=0 scan=47333000
[   29.917946] RPI5VC4: LPTRS@0x110=000002a0 head=672 ctl0=490cc007 ptr1=47333000 valid=1 match=1
[   29.923674] RPI5VC4: LPTRS@0x03c=ffffffff head=4095 (skip)
[   29.925550] err:(\win32ss\user\user32\misc\dllmain.c:668) hIconSmWindows 0000000000020070 hIconWindows 000000000002006E 
[   29.926079] fixme:(\dll\win32\rpcrt4\rpc_server.c:1736) (0x1000): stub
[   29.929137] RPI5VC4: flip OK head=672 -> 00:47b1c000
[   29.939995] (\win32ss\user\ntuser\callback.c:1149) err: hIconSmWindows 0000000000020070 hIconWindows 000000000002006E 
[   29.962809] (\win32ss\user\ntuser\desktop.c:3333) err: Attempted to change thread desktop although the thread has windows!
[   29.965582] err:(\dll\win32\lsasrv\lsarpc.c:1452) LsapOpenDbObject(Accounts/S-1-5-6) failed (Status 0xc0000034)
[   29.977723] RPI5VC4: present #3 moves=0 dirty=1 flip=3 idx=1 scan=47b1c000
[   29.994946] RPI5VC4: LPTRS@0x110=000002a0 head=672 ctl0=490cc007 ptr1=47b1c000 valid=1 match=1
[   30.000671] RPI5VC4: LPTRS@0x03c=ffffffff head=4095 (skip)
[   30.006145] RPI5VC4: flip OK head=672 -> 00:48305000
[   30.268592] RPI5VC4: present #4 moves=0 dirty=1 flip=3 idx=2 scan=48305000
[   30.282325] RPI5VC4: LPTRS@0x110=000002a0 head=672 ctl0=490cc007 ptr1=48305000 valid=1 match=1
[   30.288053] RPI5VC4: LPTRS@0x03c=ffffffff head=4095 (skip)
[   30.293516] RPI5VC4: flip OK head=672 -> 00:47333000
[   30.302961] RPI5VC4: LPTRS@0x110=000002a0 head=672 ctl0=490cc007 ptr1=47333000 valid=1 match=1
[   30.308691] RPI5VC4: LPTRS@0x03c=ffffffff head=4095 (skip)
[   30.314154] RPI5VC4: flip OK head=672 -> 00:47b1c000
[   30.319947] RPI5VC4: present #64 moves=0 dirty=1 flip=3 idx=1 scan=47b1c000
[   30.326738] RPI5VC4: present #128 moves=0 dirty=1 flip=3 idx=1 scan=47b1c000
[   30.333181] RPI5VC4: LPTRS@0x110=000002a0 head=672 ctl0=490cc007 ptr1=47b1c000 valid=1 match=1
[   30.341661] RPI5VC4: takeover OK reg=0x110 head=672 fb=00:47b1c000 cursor=1 start=9 count=19
[   30.548624] err:(\win32ss\user\user32\windows\window.c:496) CreateWindowExW RegisterSystemControls
[   30.588758] RPI5VC4: LPTRS@0x110=000002a0 head=672 ctl0=490cc007 ptr1=47b1c000 valid=1 match=1
[   30.594491] RPI5VC4: flip OK head=672 -> 00:48305000
[   30.701380] (\win32ss\user\ntuser\desktop.c:1370) err: ptiLastInput is CLEARED!!
[   30.713735] (\ntoskrnl\config\cmcontrl.c:269) CmpSaveBootControlSet(1)
[   30.714817] RPI5VC4: LPTRS@0x110=000002a0 head=672 ctl0=490cc007 ptr1=48305000 valid=1 match=1
[   30.725972] RPI5VC4: takeover OK reg=0x110 head=672 fb=00:48305000 cursor=0 start=9 count=10
[   30.734428] RPI5VC4: LPTRS@0x110=000002a0 head=672 ctl0=490cc007 ptr1=48305000 valid=1 match=1
[   30.742978] RPI5VC4: takeover OK reg=0x110 head=672 fb=00:48305000 cursor=1 start=9 count=19
[   30.751454] (\win32ss\user\ntuser\desktop.c:3333) err: Attempted to change thread desktop although the thread has windows!
[   30.779455] RPI5VC4: present #192 moves=0 dirty=1 flip=3 idx=0 scan=47333000
[   31.034507] RPI5VC4: present #256 moves=0 dirty=1 flip=3 idx=0 scan=47333000
[   31.087306] V3DSMOKE: rpi5vc4 V3dReady=1 ver=71 slab=64MB gpuva=0x01000000
[   31.091315] (\drivers\directx\dxgkrnl\d3dkmt.c:3488) D3DKMT CREATEALLOC #1 enter
[   31.098690] (\drivers\directx\dxgkrnl\d3dkmt.c:3491) D3DKMT CREATEALLOC #1 exit 0x00000000
[   31.106962] (\drivers\directx\dxgkrnl\d3dkmt.c:3524) D3DKMT LOCK #1 enter hAlloc=0x4d4d414d
[   31.115405] err:(\base\services\wkssvc\wkssvc.c:82) ServiceInit()
[   31.115700] (\drivers\directx\dxgkrnl\vidmm.c:3077) VidMm usermap #1 h=0x4D4D414D va=0000000040520000 resident=1 seg=1 pa=401db000 cache=2
[   31.133730] (\drivers\directx\dxgkrnl\d3dkmt.c:3570) D3DKMT LOCK #1 exit va=0000000040520000
[   31.142209] (\drivers\directx\rpi5vc4\rpi5vc4_wddm.c:276) RPI5VC4: V3D job fence=1 EMPTY ranges bcl=00000000..00000000 rcl=01000000..01000000 qts=00000000 — completing without kick
[   31.153983] err:(\base\services\wkssvc\rpcserver.c:61) RpcServerListen() failed (Status 6b1)
[   31.153095] fixme:(\win32ss\printing\providers\localspl\monitors.c:265) InitializePrintMonitor2 loaded.
[   31.158839] V3DSMOKE: alloc-relative submit status=0x00000000
[   31.176161] fixme:(\win32ss\printing\providers\localspl\monitors.c:304) InitializePrintMonitorList Handle 00000000401368E0
[   31.181910] (\drivers\directx\dxgkrnl\d3dkmt.c:3488) D3DKMT CREATEALLOC #2 enter
[   31.200287] (\drivers\directx\dxgkrnl\d3dkmt.c:3491) D3DKMT CREATEALLOC #2 exit 0x00000000
[   31.555172] (\base\system\services\database.c:1836) Service V3dProbe exited without connecting the control pipe
[   31.559579] fixme:(\base\services\browser\browser.c:144) ServiceMain(1 0000000040129E60)
[   31.562382] (\base\system\services\database.c:2107) Connecting control pipe failed! (Error 1053)
[   31.565875] fixme:(\win32ss\printing\providers\localspl\forms.c:234) InitializeFormList
[   31.579219] (\base\system\services\database.c:753) ScmRemoveServiceImage() called
[   31.587874] fixme:(\win32ss\printing\providers\localspl\printerdrivers.c:788) LocalGetPrinterDriverDirectory((null), Windows ARM64, 1, 00000000419FF168, 520, 00000000419FF164)
[   31.595898] err:(\base\services\browser\rpcserver.c:42) RpcServerListen() failed (Status 6b1)
[   32.008966] fixme:(\win32ss\printing\providers\localspl\printerdrivers.c:832) => L"C:\\ReactOS\\System32\\spool\\drivers\\arm64"
[   32.017649] fixme:(\win32ss\printing\providers\localspl\printerdrivers.c:114) DriverPath : C:\ReactOS\System32\spool\drivers\arm64\3\UniDrv.dll
[   32.018457] (\dll\win32\syssetup\wizard.c:1482) Applying visual theme '(Classic)'
[   32.031684] err:(\base\services\srvsvc\rpcserver.c:64) RpcServerListen() failed (Status 6b1)
[   32.704792] (\base\services\wuauserv\wuauserv.c:44) WU UpdateServiceStatus(4) called
[   33.001563] (\win32ss\user\ntuser\winpos.c:796) err: FIXME: Parent is Desktop, Min off screen!
[   33.007629] err:(\dll\win32\combase\combase.c:1796) class {56fdf344-fd6d-11d0-958a-006097c9a090} not registered
[   33.017363] err:(\dll\win32\combase\combase.c:1874) no class object {56fdf344-fd6d-11d0-958a-006097c9a090} could be created for context 0x1
[   33.532853] RPI5VC4: present #320 moves=0 dirty=1 flip=3 idx=2 scan=48305000
[   33.537234] RPI5VC4: present #384 moves=0 dirty=1 flip=3 idx=2 scan=48305000
[   33.553703] RPI5VC4: present #448 moves=0 dirty=1 flip=3 idx=0 scan=47333000
[   33.558078] RPI5VC4: present #512 moves=0 dirty=1 flip=3 idx=0 scan=47333000
[   33.573762] RPI5VC4: present #576 moves=0 dirty=1 flip=3 idx=1 scan=47b1c000
[   34.234365] RPI5VC4: present #640 moves=0 dirty=1 flip=3 idx=0 scan=47333000
[   34.378234] (\base\services\umpnpmgr\event.c:103) Removal pending: Root\SOFTGPU\0000
[   34.379183] (\base\services\umpnpmgr\install.c:931) Boot device install: 38 candidate(s), 36 need install
[   34.383102] (\base\services\umpnpmgr\event.c:99) Removal vetoed: Root\SOFTGPU\0000
[   34.392653] (\base\services\umpnpmgr\install.c:392) Installing: batch[36 devices]
[   34.400427] (\base\services\umpnpmgr\event.c:103) Removal pending: Root\SOFTGPU\0000
[   34.415378] (\base\services\umpnpmgr\event.c:99) Removal vetoed: Root\SOFTGPU\0000
[   34.812074] (\base\services\umpnpmgr\install.c:526) Installing: ACPI\ACPI0004\0
[   34.816523] (\base\services\umpnpmgr\install.c:526) Installing: ACPI\ACPI0004\1
[   34.823803] (\base\services\umpnpmgr\install.c:526) Installing: ACPI\ACPI0007\0
[   34.831087] (\base\services\umpnpmgr\install.c:526) Installing: ACPI\ACPI0007\1
[   34.838377] (\base\services\umpnpmgr\install.c:526) Installing: ACPI\ACPI0007\2
[   34.845667] (\base\services\umpnpmgr\install.c:526) Installing: ACPI\ACPI0007\3
[   34.852953] (\base\services\umpnpmgr\install.c:526) Installing: ACPI\AMZN0001\1
[   34.860238] (\base\services\umpnpmgr\install.c:526) Installing: ACPI\ARMH0011\0
[   34.867528] (\base\services\umpnpmgr\install.c:526) Installing: ACPI\BRCM5D12\0
[   34.874815] (\base\services\umpnpmgr\install.c:526) Installing: ACPI\BRCM5D12\1
[   34.882105] (\base\services\umpnpmgr\install.c:526) Installing: ACPI\FixedButton\2&ccb86d17&FFB0
[   34.890869] (\base\services\umpnpmgr\install.c:526) Installing: ACPI\PNP0A08\1
[   34.898069] (\base\services\umpnpmgr\install.c:526) Installing: ACPI\PNP0D10\0
[   34.905269] (\base\services\umpnpmgr\install.c:526) Installing: ACPI\PNP0D10\1
[   34.912474] (\base\services\umpnpmgr\install.c:526) Installing: ACPI\PRP0001\0
[   34.919672] (\base\services\umpnpmgr\install.c:526) Installing: ACPI_HAL\PNP0C08\0
[   34.927225] (\base\services\umpnpmgr\install.c:526) Installing: DISPLAY\Default_Monitor\4&00000000&0&00
[   34.936593] (\base\services\umpnpmgr\install.c:526) Installing: DISPLAY\Default_Monitor\4&00000001&0&01
[   34.945964] (\base\services\umpnpmgr\install.c:526) Installing: HID\Vid_413c&Pid_301a\5&68ef529e&2&Col0001
[   34.955592] (\base\services\umpnpmgr\install.c:526) Installing: HTREE\ROOT\0
[   34.962623] (\base\services\umpnpmgr\install.c:526) Installing: Root\ACPI_HAL\0000
[   34.970170] (\base\services\umpnpmgr\install.c:526) Installing: SD\VID_0003&PID_FF00\00000000_00000000_B0FEFF00
[   34.980236] (\base\services\umpnpmgr\install.c:526) Installing: SDIO\VEN_02D0&DEV_4345&FUNC_1\00000000_00000000_02D0_4345_FUNC_1
[   34.991775] (\base\services\umpnpmgr\install.c:526) Installing: SDIO\VEN_02D0&DEV_4345&FUNC_2\00000000_00000000_02D0_4345_FUNC_2
[   35.003314] (\base\services\umpnpmgr\install.c:526) Installing: SDIO\VEN_02D0&DEV_4345&FUNC_3\00000000_00000000_02D0_4345_FUNC_3
[   35.014855] (\base\services\umpnpmgr\install.c:526) Installing: STORAGE\Partition\6&3c4bbb55&S00000000_O100000_L2ff00000
[   35.025700] (\base\services\umpnpmgr\install.c:526) Installing: STORAGE\Partition\6&87aea797&S9df3f58f-f8ad-4f63-9de5-0e0a91c4e2a0S_O100000_L10400000
[   35.039061] (\base\services\umpnpmgr\install.c:526) Installing: STORAGE\Partition\6&87aea797&S9df3f58f-f8ad-4f63-9de5-0e0a91c4e2a0S_O10500000_L1000000
[   35.052511] (\base\services\umpnpmgr\install.c:526) Installing: STORAGE\Partition\6&87aea797&S9df3f58f-f8ad-4f63-9de5-0e0a91c4e2a0S_O11500000_L7c0000000
[   35.066129] (\base\services\umpnpmgr\install.c:526) Installing: USB\ROOT_HUB\3&cc8c31f5
[   35.074110] (\base\services\umpnpmgr\install.c:526) Installing: USB\ROOT_HUB\3&d59700b4
[   35.082098] (\base\services\umpnpmgr\install.c:526) Installing: USB\Vid_0781&Pid_5581\0901da96cc5f2a6e98145c166ee0bf8579199debc6f1126c17dcbe55724e3388e11a00000000000000000000897c8cadff082920815581076e327e7a
[   35.100406] (\base\services\umpnpmgr\install.c:526) Installing: USB\Vid_0781&Pid_5591\01016e01ffd6f47ad7a9a904dc54438de8ee4ed362c463e23b37a4d9b83f12b6b3e3000000000000000000004ca60268000d5400915581077b32dc12
[   35.118711] (\base\services\umpnpmgr\install.c:526) Installing: USB\Vid_413c&Pid_301a\4&83bb0d7e&2
[   35.127649] (\base\services\umpnpmgr\install.c:526) Installing: USBSTOR\Disk&Ven__USB____&Prod__SanDisk_3.2Gen1&Rev_1.00\5&955e2bc9&01016e01ffd6f47ad7a9a904dc54438de8ee4ed362c463e23b37a4d9b83f12b6b3e3000000000000000000004ca60268000d5400915581077b32dc12&0
[   35.150123] (\base\services\umpnpmgr\install.c:526) Installing: USBSTOR\Disk&Ven__USB____&Prod__SanDisk_3.2Gen1&Rev_1.00\5&bb7f1351&0901da96cc5f2a6e98145c166ee0bf8579199debc6f1126c17dcbe55724e3388e11a00000000000000000000897c8cadff082920815581076e327e7a&0
[   35.284557] (\base\services\umpnpmgr\rpcserver.c:3673) PNP_SetDeviceProblem(000000004012B210 ACPI\ACPI0004\0 28 0x00000001)
[   35.292836] (\base\services\umpnpmgr\rpcserver.c:277) SetDeviceStatus(ACPI\ACPI0004\0 0x400 0x1c)
[   35.301657] (\ntoskrnl\io\pnpmgr\plugplay.c:983) Set status data is NOT SUPPORTED
[   35.312517] (\base\services\umpnpmgr\rpcserver.c:3673) PNP_SetDeviceProblem(000000004012B210 ACPI\ACPI0004\1 28 0x00000001)
[   35.320794] (\base\services\umpnpmgr\rpcserver.c:277) SetDeviceStatus(ACPI\ACPI0004\1 0x400 0x1c)
[   35.329630] (\ntoskrnl\io\pnpmgr\plugplay.c:983) Set status data is NOT SUPPORTED
[   35.919404] (\base\services\umpnpmgr\rpcserver.c:3673) PNP_SetDeviceProblem(000000004012B210 ACPI\BRCM5D12\0 28 0x00000001)
[   35.927686] (\base\services\umpnpmgr\rpcserver.c:277) SetDeviceStatus(ACPI\BRCM5D12\0 0x400 0x1c)
[   35.936618] (\ntoskrnl\io\pnpmgr\plugplay.c:983) Set status data is NOT SUPPORTED
[   35.945305] (\base\services\umpnpmgr\rpcserver.c:3673) PNP_SetDeviceProblem(000000004012B210 ACPI\BRCM5D12\1 28 0x00000001)
[   35.955092] (\base\services\umpnpmgr\rpcserver.c:277) SetDeviceStatus(ACPI\BRCM5D12\1 0x400 0x1c)
[   35.963936] (\ntoskrnl\io\pnpmgr\plugplay.c:983) Set status data is NOT SUPPORTED
[   36.251066] (\ntoskrnl\io\pnpmgr\devaction.c:2657) NOTE: attempt to start an already started/uninitialized device ACPI\PNP0A08\1
[   36.397146] (\ntoskrnl\io\pnpmgr\devaction.c:2657) NOTE: attempt to start an already started/uninitialized device ACPI\PNP0D10\0
[   36.472370] (\ntoskrnl\io\pnpmgr\devaction.c:2657) NOTE: attempt to start an already started/uninitialized device ACPI\PNP0D10\1
[   36.594085] (\ntoskrnl\mm\ARM3\sysldr.c:170) Loading: \SystemRoot\System32\drivers\rp1gem.sys at FFFF8302F3050000 with c pages
[   36.617489] NDIS6-INIT: NdisAllocateBufferPool -> 0x00000000, handle=0000000000000000
[   36.622436] NDIS6-INIT: NdisAllocatePacketPool -> 0x00000000, handle=FFFFABDCCD30E000
[   36.630895] NDIS6: InitializeEx → driver (adapter=FFFFABDCCD3131C0 pdo=FFFFABDCCE09D070 fdo=FFFFABDCCD313070 next=FFFFABDCCE09D070)
[   36.648063] NDIS6: NdisMRegisterInterruptEx vec=261 irql=12 affinity=0x1 mode=Level share=1
[   36.653537] NDIS6: IoConnectInterrupt -> 0x00000000, KINTERRUPT=FFFFABDCCE243690
[   36.661032] NDIS6: adapter FFFFABDCCD3131C0 MAC 2c:cf:67:dd:90:9a connect=2
[   36.667983] NDIS6: InitializeEx returned 0x00000000 (ctx=FFFFABDCCD309000)
[   36.674703] (\drivers\network\nwifi\protocol.c:248) NWIFI: BindAdapterEx '\Device\{2e9d78ec-c852-4daa-8964-20bb38f112b3}'
[   36.685632] (\drivers\network\nwifi\protocol.c:253) NWIFI: skipping non-dot11 medium 0
[   36.829989] (\ntoskrnl\io\pnpmgr\devaction.c:2657) NOTE: attempt to start an already started/uninitialized device ACPI_HAL\PNP0C08\0
[   36.872511] RPI5VC4: present #704 moves=0 dirty=1 flip=3 idx=0 scan=47333000
[   37.123764] (\ntoskrnl\io\pnpmgr\devaction.c:2657) NOTE: attempt to start an already started/uninitialized device HID\Vid_413c&Pid_301a\5&68ef529e&2&Col0001
[   37.270710] (\ntoskrnl\io\pnpmgr\devaction.c:2657) NOTE: attempt to start an already started/uninitialized device Root\ACPI_HAL\0000
[   37.411238] (\base\services\umpnpmgr\rpcserver.c:3673) PNP_SetDeviceProblem(000000004012B210 SD\VID_0003&PID_FF00\00000000_00000000_B0FEFF00 28 0x00000001)
[   37.422298] (\base\services\umpnpmgr\rpcserver.c:277) SetDeviceStatus(SD\VID_0003&PID_FF00\00000000_00000000_B0FEFF00 0x400 0x1c)
[   37.433895] (\ntoskrnl\io\pnpmgr\plugplay.c:983) Set status data is NOT SUPPORTED
[   37.510491] (\ntoskrnl\mm\ARM3\sysldr.c:170) Loading: \SystemRoot\System32\drivers\cyw43455.sys at FFFF8302F3042000 with e pages
[   37.533150] NDIS6-INIT: NdisAllocateBufferPool -> 0x00000000, handle=0000000000000000
[   37.538099] NDIS6-INIT: NdisAllocatePacketPool -> 0x00000000, handle=FFFFABDCCE3A0000
[   37.545937] NDIS6: InitializeEx → driver (adapter=FFFFABDCCE39F1C0 pdo=FFFFABDCCDFCE070 fdo=FFFFABDCCE39F070 next=FFFFABDCCDFCE070)
[   37.779519] NDIS6: adapter FFFFABDCCE39F1C0 MAC b8:27:eb:74:f2:6c connect=2
[   37.783645] NDIS6: InitializeEx returned 0x00000000 (ctx=FFFFABDCCE3A5000)
[   37.790457] (\drivers\network\nwifi\protocol.c:248) NWIFI: BindAdapterEx '\Device\{e53b07cb-45f5-4f36-a0f8-26aaed11b999}'
[   37.801767] NDIS6: seeded TCPIP registry for \Device\{B1D2C3E4-5F6A-4B8C-9D0E-02524F535731}
[   37.809712] NDIS6: InitializeEx → driver (adapter=FFFFABDCCE6071C0 pdo=FFFFABDCCE607070 fdo=FFFFABDCCE607070 next=0000000000000000)
[   37.821688] (\drivers\network\nwifi\miniport.c:117) NWIFI: MiniportInitializeEx interface 0
[   37.830015] NDIS6: adapter FFFFABDCCE6071C0 MAC b8:27:eb:74:f2:6c connect=2
[   37.836956] NDIS6: InitializeEx returned 0x00000000 (ctx=FFFFABDCCE438BA0)
[   37.843808] NDIS6: Restart → driver
[   37.847455] (\drivers\network\nwifi\miniport.c:210) NWIFI: MiniportRestartEx interface 0
[   37.855524] NDIS6: LINK_STATE adapter=FFFFABDCCE6071C0 connect=2 rx=18446744073709551615 tx=18446744073709551615
[   37.865675] NDIS6: RestartHandler returned 0x00000000
[   37.870707] (\drivers\network\nwifi\protocol.c:248) NWIFI: BindAdapterEx '\Device\{B1D2C3E4-5F6A-4B8C-9D0E-02524F535731}'
[   37.881640] (\drivers\network\nwifi\protocol.c:253) NWIFI: skipping non-dot11 medium 0
[   37.889534] (\drivers\network\nwifi\protocol.c:383) NWIFI: bound interface 0 MAC b8:27:eb:74:f2:6c
[   38.036651] (\base\services\umpnpmgr\rpcserver.c:3673) PNP_SetDeviceProblem(000000004012B210 SDIO\VEN_02D0&DEV_4345&FUNC_2\00000000_00000000_02D0_4345_FUNC_2 28 0x00000001)
[   38.049195] (\base\services\umpnpmgr\rpcserver.c:277) SetDeviceStatus(SDIO\VEN_02D0&DEV_4345&FUNC_2\00000000_00000000_02D0_4345_FUNC_2 0x400 0x1c)
[   38.062278] (\ntoskrnl\io\pnpmgr\plugplay.c:983) Set status data is NOT SUPPORTED
[   38.202388] (\base\services\umpnpmgr\rpcserver.c:3673) PNP_SetDeviceProblem(000000004012B210 SDIO\VEN_02D0&DEV_4345&FUNC_3\00000000_00000000_02D0_4345_FUNC_3 28 0x00000001)
[   38.214928] (\base\services\umpnpmgr\rpcserver.c:277) SetDeviceStatus(SDIO\VEN_02D0&DEV_4345&FUNC_3\00000000_00000000_02D0_4345_FUNC_3 0x400 0x1c)
[   38.228013] (\ntoskrnl\io\pnpmgr\plugplay.c:983) Set status data is NOT SUPPORTED
[   38.513280] (\ntoskrnl\io\pnpmgr\devaction.c:2657) NOTE: attempt to start an already started/uninitialized device USB\ROOT_HUB\3&cc8c31f5
[   38.660456] (\ntoskrnl\io\pnpmgr\devaction.c:2657) NOTE: attempt to start an already started/uninitialized device USB\ROOT_HUB\3&d59700b4
[   38.806292] (\ntoskrnl\io\pnpmgr\devaction.c:2657) NOTE: attempt to start an already started/uninitialized device USB\Vid_0781&Pid_5581\0901da96cc5f2a6e98145c166ee0bf8579199debc6f1126c17dcbe55724e3388e11a00000000000000000000897c8cadff082920815581076e327e7a
[   38.962762] (\ntoskrnl\io\pnpmgr\devaction.c:2657) NOTE: attempt to start an already started/uninitialized device USB\Vid_0781&Pid_5591\01016e01ffd6f47ad7a9a904dc54438de8ee4ed362c463e23b37a4d9b83f12b6b3e3000000000000000000004ca60268000d5400915581077b32dc12
[   39.120505] (\ntoskrnl\io\pnpmgr\devaction.c:2657) NOTE: attempt to start an already started/uninitialized device USB\Vid_413c&Pid_301a\4&83bb0d7e&2
[   39.281358] (\dll\win32\storprop\disk.c:63) DiskClassInstaller(23 00000000401335F0 0000000040136780)
[   39.287847] (\dll\win32\storprop\disk.c:63) DiskClassInstaller(24 00000000401335F0 0000000040136780)
[   39.296889] (\dll\win32\storprop\disk.c:63) DiskClassInstaller(28 00000000401335F0 0000000040136780)
[   39.305993] (\dll\win32\storprop\disk.c:63) DiskClassInstaller(29 00000000401335F0 0000000040136780)
[   39.315103] (\dll\win32\storprop\disk.c:63) DiskClassInstaller(21 00000000401335F0 0000000040136780)
[   39.324651] (\dll\win32\storprop\disk.c:63) DiskClassInstaller(34 00000000401335F0 0000000040136780)
[   39.333726] (\dll\win32\storprop\disk.c:63) DiskClassInstaller(32 00000000401335F0 0000000040136780)
[   39.343219] (\dll\win32\storprop\disk.c:63) DiskClassInstaller(2 00000000401335F0 0000000040136780)
[   39.354895] (\ntoskrnl\io\pnpmgr\devaction.c:2657) NOTE: attempt to start an already started/uninitialized device USBSTOR\Disk&Ven__USB____&Prod__SanDisk_3.2Gen1&Rev_1.00\5&955e2bc9&01016e01ffd6f47ad7a9a904dc54438de8ee4ed362c463e23b37a4d9b83f12b6b3e3000000000000000000004ca60268000d5400915581077b32dc12&0
[   39.379680] (\dll\win32\storprop\disk.c:63) DiskClassInstaller(30 00000000401335F0 0000000040136780)
[   39.388027] (\dll\win32\storprop\disk.c:63) DiskClassInstaller(12 00000000401335F0 0000000040136780)
[   39.400419] (\dll\win32\storprop\disk.c:63) DiskClassInstaller(23 00000000401335F0 0000000040136780)
[   39.406821] (\dll\win32\storprop\disk.c:63) DiskClassInstaller(24 00000000401335F0 0000000040136780)
[   39.415915] (\dll\win32\storprop\disk.c:63) DiskClassInstaller(28 00000000401335F0 0000000040136780)
[   39.425021] (\dll\win32\storprop\disk.c:63) DiskClassInstaller(29 00000000401335F0 0000000040136780)
[   39.434134] (\dll\win32\storprop\disk.c:63) DiskClassInstaller(21 00000000401335F0 0000000040136780)
[   39.443639] (\dll\win32\storprop\disk.c:63) DiskClassInstaller(34 00000000401335F0 0000000040136780)
[   39.452743] (\dll\win32\storprop\disk.c:63) DiskClassInstaller(32 00000000401335F0 0000000040136780)
[   39.462165] (\dll\win32\storprop\disk.c:63) DiskClassInstaller(2 00000000401335F0 0000000040136780)
[   39.473733] (\ntoskrnl\io\pnpmgr\devaction.c:2657) NOTE: attempt to start an already started/uninitialized device USBSTOR\Disk&Ven__USB____&Prod__SanDisk_3.2Gen1&Rev_1.00\5&bb7f1351&0901da96cc5f2a6e98145c166ee0bf8579199debc6f1126c17dcbe55724e3388e11a00000000000000000000897c8cadff082920815581076e327e7a&0
[   39.498506] (\dll\win32\storprop\disk.c:63) DiskClassInstaller(30 00000000401335F0 0000000040136780)
[   39.506864] (\dll\win32\storprop\disk.c:63) DiskClassInstaller(12 00000000401335F0 0000000040136780)
[   39.524166] RPI5VC4: present #768 moves=0 dirty=1 flip=3 idx=0 scan=47333000
[   39.539812] (\win32ss\user\ntuser\desktop.c:1370) err: ptiLastInput is CLEARED!!
[   39.612028] (\ntoskrnl\mm\ARM3\sysldr.c:170) Loading: \SystemRoot\System32\drivers\tcpip.sys at FFFF8302F2FF9000 with 40 pages
[   39.639660] NDIS6: Restart → driver
[   39.640439] NDIS6: RestartHandler returned 0x00000000
[   39.645734] NDIS6: Restart → driver
[   39.649114] NDIS6: RestartHandler returned 0x00000000
[   39.679347] (\base\services\dhcpcsvc\dhcp\api.c:58) RpcServerListen() failed (Status 6b1)
[   39.703916] fixme:(\dll\win32\rpcrt4\rpc_server.c:1736) (0x1000): stub
[   40.724056] fixme:(\dll\win32\wintrust\register.c:1227) stub
[   40.740577] (\win32ss\user\winsrv\usersrv\init.c:152) GetThreadConsoleDesktop(448) failed with Status 0xc0000008
[   40.772424] NDIS6: LINK_STATE adapter=FFFFABDCCD3131C0 connect=1 rx=1000000000 tx=1000000000
[   42.730052] (\base\services\dhcpcsvc\dhcp\adapter.c:170) There is no active configuration!
[   42.735443] DHCPCSVC: Adapter Name: [{2e9d78ec-c852-4daa-8964-20bb38f112b3}] (dynamic)
[   42.745611] TCPIP-UDP: UDPReceive #1 dst=0x67dfa8c0:68 src=0x01dfa8c0:67 len=300
[   42.750705] TCPIP-UDP: matched AddrFile=FFFFABDCCE69F950 — delivering
[   42.757303] AFD-RX: PacketSocketRecvComplete #1 FCB=FFFFABDCCE69FCA0 Status=0x00000000 Info=300
[   42.993737] Could not load wine-gecko. HTML rendering will be disabled.
[   42.997560] fixme:(\dll\win32\mshtml\main.c:363) stub 1 (null): returning S_OK
[   43.531230] fixme:(\dll\win32\olepro32\olepro32stubs.c:47) stub
[   43.546397] fixme:(\dll\win32\pstorec\pstorec.c:377) 
[   43.731971] fixme:(\dll\win32\shdocvw\shdocvw_main.c:222) (TRUE, (null)): stub!
[   43.772529] TCPIP-UDP: UDPReceive #2 dst=0x67dfa8c0:68 src=0x01dfa8c0:67 len=300
[   43.777043] TCPIP-UDP: matched AddrFile=FFFFABDCCE69F950 — delivering
[   43.783641] AFD-RX: PacketSocketRecvComplete #2 FCB=FFFFABDCCE69FCA0 Status=0x00000000 Info=300
[   44.567063] fixme:(\dll\win32\shell32\shell32.cpp:512) TRUE (null): stub
[   44.817090] fixme:(\dll\win32\urlmon\urlmon_main.c:243) (TRUE, (null)): stub
[   44.861431] (\base\services\w32time\register.c:54) RegisterService()
[   44.989504] fixme:(\dll\win32\wininet\internet.c:350) (1 (null)): stub
[   45.139596] (\dll\ntdll\rtl\libsupp.c:1173) ApiSetResolveToHost redirected api-ms-win-core-synch-l1-2-0 to C:\ReactOS\System32\kernel32.dll
[   45.158185] (\dll\ntdll\rtl\libsupp.c:1173) ApiSetResolveToHost redirected api-ms-win-core-localization-l1-2-1 to C:\ReactOS\System32\kernel32.dll
[   45.366130] (\win32ss\user\ntuser\msgqueue.c:2248) err: Thread Cleanup Post Messages FFFF91396849A780
[   45.429883] RPI5VC4: present #832 moves=0 dirty=1 flip=3 idx=2 scan=48305000
[   45.434591] RPI5VC4: present #896 moves=0 dirty=1 flip=3 idx=2 scan=48305000
[   45.457320] RPI5VC4: present #960 moves=0 dirty=1 flip=3 idx=0 scan=47333000
[   45.462014] RPI5VC4: present #1024 moves=0 dirty=1 flip=3 idx=0 scan=47333000
[   45.484945] RPI5VC4: present #1088 moves=0 dirty=1 flip=3 idx=1 scan=47b1c000
[   45.489725] RPI5VC4: present #1152 moves=0 dirty=1 flip=3 idx=1 scan=47b1c000
[   45.512720] RPI5VC4: present #1216 moves=0 dirty=1 flip=3 idx=2 scan=48305000
[   45.517502] RPI5VC4: present #1280 moves=0 dirty=1 flip=3 idx=2 scan=48305000
[   45.540273] RPI5VC4: present #1344 moves=0 dirty=1 flip=3 idx=0 scan=47333000
[   45.545062] RPI5VC4: present #1408 moves=0 dirty=1 flip=3 idx=0 scan=47333000
[   45.567938] RPI5VC4: present #1472 moves=0 dirty=1 flip=3 idx=1 scan=47b1c000
[   45.577009] RPI5VC4: present #1536 moves=0 dirty=1 flip=3 idx=1 scan=47b1c000
[   45.593397] RPI5VC4: present #1600 moves=0 dirty=1 flip=3 idx=2 scan=48305000
[   45.613897] RPI5VC4: present #1664 moves=0 dirty=1 flip=3 idx=0 scan=47333000
[   45.618697] RPI5VC4: present #1728 moves=0 dirty=1 flip=3 idx=0 scan=47333000
[   45.641771] RPI5VC4: present #1792 moves=0 dirty=1 flip=3 idx=1 scan=47b1c000
[   45.646616] RPI5VC4: present #1856 moves=0 dirty=1 flip=3 idx=1 scan=47b1c000
[   45.669318] RPI5VC4: present #1920 moves=0 dirty=1 flip=3 idx=2 scan=48305000
[   45.674111] RPI5VC4: present #1984 moves=0 dirty=1 flip=3 idx=2 scan=48305000
[   45.696670] RPI5VC4: present #2048 moves=0 dirty=1 flip=3 idx=0 scan=47333000
[   45.701468] RPI5VC4: present #2112 moves=0 dirty=1 flip=3 idx=0 scan=47333000
[   45.724310] RPI5VC4: present #2176 moves=0 dirty=1 flip=3 idx=1 scan=47b1c000
[   45.729131] RPI5VC4: present #2240 moves=0 dirty=1 flip=3 idx=1 scan=47b1c000
[   45.752015] RPI5VC4: present #2304 moves=0 dirty=1 flip=3 idx=2 scan=48305000
[   45.756829] RPI5VC4: present #2368 moves=0 dirty=1 flip=3 idx=2 scan=48305000
[   45.779372] RPI5VC4: present #2432 moves=0 dirty=1 flip=3 idx=0 scan=47333000
[   45.784186] RPI5VC4: present #2496 moves=0 dirty=1 flip=3 idx=0 scan=47333000
[   45.806843] RPI5VC4: present #2560 moves=0 dirty=1 flip=3 idx=1 scan=47b1c000
[   45.811655] RPI5VC4: present #2624 moves=0 dirty=1 flip=3 idx=1 scan=47b1c000
[   45.834390] RPI5VC4: present #2688 moves=0 dirty=1 flip=3 idx=2 scan=48305000
[   45.839166] RPI5VC4: present #2752 moves=0 dirty=1 flip=3 idx=2 scan=48305000
[   45.861797] RPI5VC4: present #2816 moves=0 dirty=1 flip=3 idx=0 scan=47333000
[   45.866573] RPI5VC4: present #2880 moves=0 dirty=1 flip=3 idx=0 scan=47333000
[   45.889252] RPI5VC4: present #2944 moves=0 dirty=1 flip=3 idx=1 scan=47b1c000
[   45.894027] RPI5VC4: present #3008 moves=0 dirty=1 flip=3 idx=1 scan=47b1c000
[   45.916766] RPI5VC4: present #3072 moves=0 dirty=1 flip=3 idx=2 scan=48305000
[   45.921540] RPI5VC4: present #3136 moves=0 dirty=1 flip=3 idx=2 scan=48305000
[   45.944094] RPI5VC4: present #3200 moves=0 dirty=1 flip=3 idx=0 scan=47333000
[   45.948880] RPI5VC4: present #3264 moves=0 dirty=1 flip=3 idx=0 scan=47333000
[   45.971513] RPI5VC4: present #3328 moves=0 dirty=1 flip=3 idx=1 scan=47b1c000
[   45.976303] RPI5VC4: present #3392 moves=0 dirty=1 flip=3 idx=1 scan=47b1c000
[   45.999022] RPI5VC4: present #3456 moves=0 dirty=1 flip=3 idx=2 scan=48305000
[   46.008063] RPI5VC4: present #3520 moves=0 dirty=1 flip=3 idx=2 scan=48305000
[   46.024177] RPI5VC4: present #3584 moves=0 dirty=1 flip=3 idx=0 scan=47333000
[   46.044489] RPI5VC4: present #3648 moves=0 dirty=1 flip=3 idx=1 scan=47b1c000
[   46.049282] RPI5VC4: present #3712 moves=0 dirty=1 flip=3 idx=1 scan=47b1c000
[   46.071980] RPI5VC4: present #3776 moves=0 dirty=1 flip=3 idx=2 scan=48305000
[   46.076775] RPI5VC4: present #3840 moves=0 dirty=1 flip=3 idx=2 scan=48305000
[   46.099297] RPI5VC4: present #3904 moves=0 dirty=1 flip=3 idx=0 scan=47333000
[   46.104089] RPI5VC4: present #3968 moves=0 dirty=1 flip=3 idx=0 scan=47333000
[   46.126735] RPI5VC4: present #4032 moves=0 dirty=1 flip=3 idx=1 scan=47b1c000
[   46.131528] RPI5VC4: present #4096 moves=0 dirty=1 flip=3 idx=1 scan=47b1c000
[   46.154206] RPI5VC4: present #4160 moves=0 dirty=1 flip=3 idx=2 scan=48305000
[   46.159017] RPI5VC4: present #4224 moves=0 dirty=1 flip=3 idx=2 scan=48305000
[   46.181514] RPI5VC4: present #4288 moves=0 dirty=1 flip=3 idx=0 scan=47333000
[   46.186329] RPI5VC4: present #4352 moves=0 dirty=1 flip=3 idx=0 scan=47333000
[   46.208935] RPI5VC4: present #4416 moves=0 dirty=1 flip=3 idx=1 scan=47b1c000
[   46.213746] RPI5VC4: present #4480 moves=0 dirty=1 flip=3 idx=1 scan=47b1c000
[   46.236469] RPI5VC4: present #4544 moves=0 dirty=1 flip=3 idx=2 scan=48305000
[   46.241284] RPI5VC4: present #4608 moves=0 dirty=1 flip=3 idx=2 scan=48305000
[   46.264283] RPI5VC4: present #4672 moves=0 dirty=1 flip=3 idx=0 scan=47333000
[   46.269057] RPI5VC4: present #4736 moves=0 dirty=1 flip=3 idx=0 scan=47333000
[   46.291635] (\dll\ntdll\ldr\ldrinit.c:2244) WARN: Accepting different LOAD_CONFIG size!
[   46.309259] err:(\base\system\userinit\userinit.c:752) UserinitRun spawned 'C:\ReactOS\system32\cmd.exe /c C:\ReactOS\bin\gears.exe -info'
[   46.459757] (\dll\ntdll\ldr\ldrinit.c:2244) WARN: Accepting different LOAD_CONFIG size!
[   46.476857] (\dll\ntdll\rtl\libsupp.c:1173) ApiSetResolveToHost redirected api-ms-win-crt-private-l1-1-0.dll to C:\ReactOS\System32\ucrtbase.dll
[   46.490161] (\dll\ntdll\rtl\libsupp.c:1173) ApiSetResolveToHost redirected api-ms-win-crt-stdio-l1-1-0.dll to C:\ReactOS\System32\ucrtbase.dll
[   46.500099] (\dll\ntdll\rtl\libsupp.c:1173) ApiSetResolveToHost redirected api-ms-win-crt-string-l1-1-0.dll to C:\ReactOS\System32\ucrtbase.dll
[   46.501484] fixme:(\dll\win32\shdocvw\winlist.cpp:81) ()
[   46.512926] (\dll\ntdll\rtl\libsupp.c:1173) ApiSetResolveToHost redirected api-ms-win-crt-runtime-l1-1-0.dll to C:\ReactOS\System32\ucrtbase.dll
[   46.531152] (\dll\ntdll\rtl\libsupp.c:1173) ApiSetResolveToHost redirected api-ms-win-crt-locale-l1-1-0.dll to C:\ReactOS\System32\ucrtbase.dll
[   46.543982] (\dll\ntdll\rtl\libsupp.c:1173) ApiSetResolveToHost redirected api-ms-win-crt-math-l1-1-0.dll to C:\ReactOS\System32\ucrtbase.dll
[   46.556665] (\dll\ntdll\rtl\libsupp.c:1173) ApiSetResolveToHost redirected api-ms-win-crt-heap-l1-1-0.dll to C:\ReactOS\System32\ucrtbase.dll
[   46.560033] fixme:(\dll\win32\comctl32\toolbar.c:403) [00000000000200D0] TBSTYLE_REGISTERDROP not implemented
[   46.569319] (\dll\ntdll\rtl\libsupp.c:1173) ApiSetResolveToHost redirected api-ms-win-crt-convert-l1-1-0.dll to C:\ReactOS\System32\ucrtbase.dll
[   46.592185] (\dll\ntdll\rtl\libsupp.c:1173) ApiSetResolveToHost redirected api-ms-win-crt-environment-l1-1-0.dll to C:\ReactOS\System32\ucrtbase.dll
[   46.616384] (\dll\ntdll\rtl\libsupp.c:1173) ApiSetResolveToHost redirected api-ms-win-core-localization-l1-2-1 to C:\ReactOS\System32\kernel32.dll
[   46.640772] err:(\dll\opengl\opengl32\icdload.c:122) Overriding the default OGL ICD with MesaV3D
[   46.672421] WARNING:  NtNotifyChangeMultipleKeys at \ntoskrnl\config\ntapi.c:1470 is UNIMPLEMENTED!
[   46.672602] (\win32ss\user\ntuser\desktop.c:1551) err: UMWP calling IDWP
[   46.678587] err:(\dll\win32\mmdevapi\devenum.c:1309) RegNotifyChangeKeyValue failed: 1
[   46.685264] (\win32ss\user\ntuser\desktop.c:1551) err: UMWP calling IDWP

[*] Sending serial break for KDBG stall dump
