
  1.67 RPi: BOOTSYS release VERSION:2226a853 DATE: 2025/12/08 TIME: 19:29:54
  1.67 BOOTMODE: 0x06 partition 0 build-ts BUILD_TIMESTAMP=1765222194 serial 09a00d1d boardrev d04171 stc 1675540
  1.68 AON_RESET: 00000003 PM_RSTS 00001000
  1.68 POWER_OFF_ON_HALT: 0 WAIT_FOR_POWER_BUTTON 0 power-on-reset 1
  1.69 RP1_BOOT chip ID: 0x20001927
  1.70 PCIEx1: PWR 0 DET_WAKE 0
  1.70 part 00000000 reset_info 00000000
  1.70 PMIC reset-event 00000000 rtc 00000001 alarm 00000000 enabled 0
  1.71 uSD voltage 3.3V
  1.71 SDRAM_CONFIG: 14
  1.71 Initialising SDRAM rank 2 total-size: 64 Gbit 4267 (0x14 0x14)
  1.72 DDR 4267 1 0 64 152 BL:1
  2.43 RP1 FW: load 0
  2.45 RP1_BOOT chip ID: 0x20001927
  3.67 RP1 FW: load 1
  4.09 OTP boardrev d04171 bootrom a a
  4.10 Customer key hash 0000000000000000000000000000000000000000000000000000000000000000
  4.10 VC-JTAG unlocked
  4.13 RP1_BOOT chip ID: 0x20001927

  4.76 PCI2 init
  4.76 PCI2 reset
  4.81 PCIe scan 00001de4:00000001
  4.81 RP1_CHIP_INFO 20001927

  4.81 RPi: BOOTLOADER release VERSION:2226a853 DATE: 2025/12/08 TIME: 19:29:54
  4.82 BOOTMODE: 0x06 partition 0 build-ts BUILD_TIMESTAMP=1765222194 serial 09a00d1d boardrev d04171 stc 4820774
  4.83 PCIEx1: PWR 0 DET_WAKE 0
  4.33 M.2 PCIe HAT not detected.
  4.85 usb_pd_init status 1
  4.86 XHCI-STOP
  4.86 xHC0 ver: 272 HCS: 03000440 140000f1 07ff000a HCC: 0240fe6d
  4.86 USBSTS 11
  4.86 xHC0 ver: 272 HCS: 03000440 140000f1 07ff000a HCC: 0240fe6d
  4.87 xHC0 ports 3 slots 64 intrs 4
  4.88 XHCI-STOP
  4.88 xHC1 ver: 272 HCS: 03000440 140000f1 07ff000a HCC: 0240fe6d
  4.89 USBSTS 1
  4.89 xHC1 ver: 272 HCS: 03000440 140000f1 07ff000a HCC: 0240fe6d
  4.89 xHC1 ports 3 slots 64 intrs 4
  4.94 SD_OC: 0
  4.45 Boot mode: USB-MSD (04) order f1
  4.48 USB2[2] 00020ae1 connected
  5.01 USB2[2] 00200a03 connected enabled
  5.01 USB2 root HUB port 2 init
  5.02 DEV [01:00] 2.00 000000:02 class 0 VID 413c PID 301a
  5.50 USB3[3] 00021203 connected enabled
  5.50 USB3 root HUB port 3 init
  5.05 DEV [02:00] 3.32 000000:03 class 0 VID 0781 PID 5581
  5.05 MSD device [02:00] 3.32 000000:03 conf 0 iface 0 ep 81#1024 02#1024
  5.66 MSD [02:00] 3.32 000000:03 register MSD
  5.85 USB3[3] 00021203 connected enabled
  5.86 USB3 root HUB port 3 init
  5.29 DEV [01:00] 3.32 000000:03 class 0 VID 0781 PID 5591
  5.29 MSD device [01:00] 3.32 000000:03 conf 0 iface 0 ep 81#1024 02#1024
  5.01 MSD [01:00] 3.32 000000:03 register MSD
  5.46 XHCI-STOP
  5.46 xHC0 ver: 272 HCS: 03000440 140000f1 07ff000a HCC: 0240fe6d
  5.47 USBSTS 18
  5.47 XHCI-STOP
  5.47 xHC1 ver: 272 HCS: 03000440 140000f1 07ff000a HCC: 0240fe6d
  5.47 USBSTS 18
  5.48 XHCI-STOP
  5.48 xHC0 ver: 272 HCS: 03000440 140000f1 07ff000a HCC: 0240fe6d
  5.49 USBSTS 19
  5.49 xHC0 ver: 272 HCS: 03000440 140000f1 07ff000a HCC: 0240fe6d
  5.49 xHC0 ports 3 slots 64 intrs 4
  5.51 XHCI-STOP
  5.51 xHC1 ver: 272 HCS: 03000440 140000f1 07ff000a HCC: 0240fe6d
  5.51 USBSTS 19
  5.51 xHC1 ver: 272 HCS: 03000440 140000f1 07ff000a HCC: 0240fe6d
  5.52 xHC1 ports 3 slots 64 intrs 4
  5.30 USB2[2] 00020ae1 connected
  5.80 USB2[2] 00200a03 connected enabled
  5.81 USB2 root HUB port 2 init
  5.60 DEV [01:00] 2.00 000000:02 class 0 VID 413c PID 301a
  5.08 USB3[3] 002a1203 connected enabled
  5.09 USB3 root HUB port 3 init
  5.61 DEV [02:00] 3.32 000000:03 class 0 VID 0781 PID 5581
  5.61 MSD device [02:00] 3.32 000000:03 conf 0 iface 0 ep 81#1024 02#1024
  5.24 MSD [02:00] 3.32 000000:03 register MSD
  5.28 MSD [02:00] 3.32 000000:03 LUN 0
  5.32 USB3[3] 002a1203 connected enabled
  5.35 USB3 root HUB port 3 init
  5.39 MSD READ_CAPACITY [02:00] 3.32 000000:03 lun 0 block-count 121024512 block-size 512
  5.64 DEV [01:00] 3.32 000000:03 class 0 VID 0781 PID 5591
  5.65 MSD device [01:00] 3.32 000000:03 conf 0 iface 0 ep 81#1024 02#1024
  5.65 MBR: 0x00000800, 1570816 type: 0xef
  5.66 MBR: 0x00000000,       0 type: 0x00
  5.66 MBR: 0x00000000,       0 type: 0x00
  5.67 MBR: 0x00000000,       0 type: 0x00
  5.74 MSD [01:00] 3.32 000000:03 register MSD
  5.78 Trying partition: 0
  5.81 type: 32 lba: 2048 'mkfs.fat' ' NO NAME    ' clusters 195964 (8)
  5.68 rsc 32 fat-sectors 1536 root dir cluster 2 sectors 0 entries 0
  5.69 FAT32 clusters 195964
  5.70 [MSD [02:00] 3.32 000000:03] autoboot.txt not found
  5.70 Select partition rsts 0 C(boot_partition) 0 EEPROM config 0 result 1
  5.09 Trying partition: 1
  5.12 type: 32 lba: 2048 'mkfs.fat' ' NO NAME    ' clusters 195959 (8)
  5.71 rsc 32 fat-sectors 1536 root dir cluster 2 sectors 0 entries 0
  5.72 FAT32 clusters 195959
  5.29 Read config.txt bytes      976 hnd 0xd04
  5.73 [MSD [02:00] 3.32 000000:03] pieeprom.upd not found
  5.36 usb_max_current_enable forced to 1
  5.75 MESS:00:00:05.751825:0: *** Restart logging
  5.54 Read /config.txt bytes      976 hnd 0xd04
  6.81 PCI1 reset
  6.82 PCI2 reset
  6.83 set_reboot_order 0
  6.83 set_reboot_arg1 0
  6.83 USB-OTG disconnect
  6.87 MESS:00:00:06.878067:0: Starting OS 6878 ms
  6.88 MESS:00:00:06.883591:0: 00000040: -> 00000480
  6.88 MESS:00:00:06.885441:0: 00000030: -> 00100080
  6.89 MESS:00:00:06.890153:0: 00000034: -> 00100080
  6.89 MESS:00:00:06.894867:0: 00000038: -> 00100080
  6.89 MESS:00:00:06.899580:0: 0000003c: -> 00100080

NOTICE:  BL31: v2.13.0(release):v2.13.0-304-g000fe221b
NOTICE:  BL31: Built : 19:45:01, Jul 17 2025
UEFI firmware (version EDK2-DEV built at 20:07:13 on Jun 21 2026)
[2J[004D[=3h[2J[009DESC (setup), F1 (shell), ENTER (boot)
[*] Boot menu prompt detected; sending enter
......[EUART] init: override=0x0000000000000000 override-interface=unknown
[EUART] detect: begin
[EUART] SPCR: search
[EUART] SPCR: not found
[EUART] DBG2: search
[EUART] DBG2: rev=0x00 len=0x00000061 oem=RPIFDN table=RPI5 oemrev=0x00000200 creator=EDK2 creatorrev=0x00000300
[EUART] DBG2: count=1 offset=0x0000002C length=0x00000061
[EUART] DBG2: entry 0 type=0x8000 subtype=0x0003 regs=1 baroff=0x0016 name=\_SB.SOCB.URT0 oemdata-len=0x0000
[EUART] DBG2: GAS space=0x00 addr=0x000000107D001000
[EUART] DBG2: interface=pl011
[EUART] detect: base=0x000000107D001000 interface=pl011 ready=0
[EUART] init: done base=0x000000107D001000 interface=pl011 ready=1
[EUART] init: already initialized base=0x000000107D001000 interface=pl011 ready=1
(\boot\freeldr\freeldr\arch\uefi\uefimem.c:273) trace: UefiMemGetMemoryMap: Gather memory map
(\boot\freeldr\freeldr\arch\uefi\uefimem.c:285) trace: Value of MapKey: 6681
(\boot\freeldr\freeldr\arch\uefi\uefimem.c:286) trace: Value of MapSize: 4608
(\boot\freeldr\freeldr\arch\uefi\uefimem.c:287) trace: Value of DescriptorSize: 48
(\boot\freeldr\freeldr\arch\uefi\uefimem.c:288) trace: Value of DescriptorVersion: 1
(\boot\freeldr\freeldr\arch\uefi\uefidisk.c:1058) trace: Found boot handle at index 1
(\boot\freeldr\freeldr\arch\uefi\uefidisk.c:1071) trace: Boot handle: LogicalPartition=TRUE, RemovableMedia=TRUE, BlockSize=512
(\boot\freeldr\freeldr\arch\uefi\uefidisk.c:1129) trace: Found root block device at index 0: BlockSize=512, LastBlock=121024511
(\boot\freeldr\freeldr\arch\uefi\uefidisk.c:1151) trace: Calling GetHarddiskInformation for drive 128 (BlockDeviceIndex=0)
(\boot\freeldr\freeldr\disk\disk.c:102) trace: DiskInitialize(0x80, 'multi(0)disk(0)rdisk(0)', Type: 25)
(\boot\freeldr\freeldr\disk\disk.c:130) trace: Signature: 0
(\boot\freeldr\freeldr\disk\disk.c:139) trace: Checksum: 4d3b9ec2
(\boot\freeldr\freeldr\disk\disk.c:142) trace: IsPartitionValid: TRUE
(\boot\freeldr\freeldr\lib\fs\fs.c:673) trace: FsRegisterDevice(multi(0)disk(0)rdisk(0)partition(0))
(\boot\freeldr\freeldr\disk\partition.c:82) trace: Drive 0x80 partition type MBR
(\boot\freeldr\freeldr\lib\fs\fs.c:673) trace: FsRegisterDevice(multi(0)disk(0)rdisk(0)partition(1))
(\boot\freeldr\freeldr\arch\uefi\uefidisk.c:976) trace: Identifier: 4d3b9ec2-00000000-A
(\boot\freeldr\freeldr\arch\uefi\uefidisk.c:1123) trace: Skipping logical partition handle 1
(\boot\freeldr\freeldr\arch\uefi\uefidisk.c:1129) trace: Found root block device at index 2: BlockSize=512, LastBlock=240353279
(\boot\freeldr\freeldr\arch\uefi\uefidisk.c:1151) trace: Calling GetHarddiskInformation for drive 129 (BlockDeviceIndex=1)
(\boot\freeldr\freeldr\disk\disk.c:102) trace: DiskInitialize(0x81, 'multi(0)disk(0)rdisk(1)', Type: 25)
(\boot\freeldr\freeldr\disk\disk.c:130) trace: Signature: 0
(\boot\freeldr\freeldr\disk\disk.c:139) trace: Checksum: 55bbc18b
(\boot\freeldr\freeldr\disk\disk.c:142) trace: IsPartitionValid: TRUE
(\boot\freeldr\freeldr\disk\disk.c:163) trace: Disk 0x81 is GPT, DiskGuid: {9df3f58f-f8ad-4f63-9de5-0e0a91c4e2a0}
(\boot\freeldr\freeldr\lib\fs\fs.c:673) trace: FsRegisterDevice(multi(0)disk(0)rdisk(1)partition(0))
(\boot\freeldr\freeldr\disk\partition.c:82) trace: Drive 0x81 partition type GPT
(\boot\freeldr\freeldr\lib\fs\fs.c:673) trace: FsRegisterDevice(multi(0)disk(0)rdisk(1)partition(1))
(\boot\freeldr\freeldr\lib\fs\fs.c:673) trace: FsRegisterDevice(multi(0)disk(0)rdisk(1)partition(2))
(\boot\freeldr\freeldr\lib\fs\fs.c:673) trace: FsRegisterDevice(multi(0)disk(0)rdisk(1)partition(3))
(\boot\freeldr\freeldr\arch\uefi\uefidisk.c:976) trace: Identifier: 55bbc18b-00000000-A
(\boot\freeldr\freeldr\arch\uefi\uefidisk.c:1123) trace: Skipping logical partition handle 3
(\boot\freeldr\freeldr\arch\uefi\uefidisk.c:1123) trace: Skipping logical partition handle 4
(\boot\freeldr\freeldr\arch\uefi\uefidisk.c:1123) trace: Skipping logical partition handle 5
(\boot\freeldr\freeldr\arch\uefi\uefidisk.c:1173) trace: Boot handle is a logical partition, searching for parent root device
(\boot\freeldr\freeldr\arch\uefi\uefidisk.c:1176) trace: Boot partition: BlockSize=512, RemovableMedia=TRUE
(\boot\freeldr\freeldr\arch\uefi\uefidisk.c:1212) trace: Found boot parent device by device path at ARC drive index 0
(\boot\freeldr\freeldr\arch\uefi\uefidisk.c:1266) trace: Found 2 root block devices
(\boot\freeldr\freeldr\arch\uefi\uefidisk.c:1279) trace: UefiSetBootpath: Setting up boot path
(\boot\freeldr\freeldr\arch\uefi\uefidisk.c:1362) trace: Boot handle is logical partition, using partition 1
(\boot\freeldr\freeldr\arch\uefi\uefidisk.c:1377) trace: Boot path set to hard disk: multi(0)disk(0)rdisk(0)partition(1)
(\boot\freeldr\freeldr\arch\uefi\uefildr.c:88) trace: ExecuteLoaderCleanly Entry
(\boot\freeldr\freeldr\lib\fs\iso.c:595) trace: Enter IsoMount(0)
(\boot\freeldr\freeldr\lib\fs\iso.c:609) warn: Unrecognized CD-ROM format
(\boot\freeldr\freeldr\lib\fs\fat.c:1592) trace: Enter FatMount(0)
(\boot\freeldr\freeldr\lib\fs\fat.c:168) trace: FatOpenVolume() DeviceId = 0
(\boot\freeldr\freeldr\lib\fs\fat.c:181) trace: Dumping boot sector:
(\boot\freeldr\freeldr\lib\fs\fat.c:199) trace: sizeof(FAT32_BOOTSECTOR) = 0x200.
(\boot\freeldr\freeldr\lib\fs\fat.c:201) trace: JumpBoot: 0xeb 0xfe 0x90
(\boot\freeldr\freeldr\lib\fs\fat.c:202) trace: OemName: mkfs.fat
(\boot\freeldr\freeldr\lib\fs\fat.c:203) trace: BytesPerSector: 512
(\boot\freeldr\freeldr\lib\fs\fat.c:204) trace: SectorsPerCluster: 8
(\boot\freeldr\freeldr\lib\fs\fat.c:205) trace: ReservedSectors: 32
(\boot\freeldr\freeldr\lib\fs\fat.c:206) trace: NumberOfFats: 2
(\boot\freeldr\freeldr\lib\fs\fat.c:207) trace: RootDirEntries: 0
(\boot\freeldr\freeldr\lib\fs\fat.c:208) trace: TotalSectors: 0
(\boot\freeldr\freeldr\lib\fs\fat.c:209) trace: MediaDescriptor: 0xf8
(\boot\freeldr\freeldr\lib\fs\fat.c:210) trace: SectorsPerFat: 0
(\boot\freeldr\freeldr\lib\fs\fat.c:211) trace: SectorsPerTrack: 63
(\boot\freeldr\freeldr\lib\fs\fat.c:212) trace: NumberOfHeads: 32
(\boot\freeldr\freeldr\lib\fs\fat.c:213) trace: HiddenSectors: 2048
(\boot\freeldr\freeldr\lib\fs\fat.c:214) trace: TotalSectorsBig: 1570779
(\boot\freeldr\freeldr\lib\fs\fat.c:215) trace: SectorsPerFatBig: 1536
(\boot\freeldr\freeldr\lib\fs\fat.c:216) trace: ExtendedFlags: 0x0
(\boot\freeldr\freeldr\lib\fs\fat.c:217) trace: FileSystemVersion: 0x0
(\boot\freeldr\freeldr\lib\fs\fat.c:218) trace: RootDirStartCluster: 2
(\boot\freeldr\freeldr\lib\fs\fat.c:219) trace: FsInfo: 1
(\boot\freeldr\freeldr\lib\fs\fat.c:220) trace: BackupBootSector: 6
(\boot\freeldr\freeldr\lib\fs\fat.c:221) trace: Reserved: 0x2533b34
(\boot\freeldr\freeldr\lib\fs\fat.c:222) trace: DriveNumber: 0xff
(\boot\freeldr\freeldr\lib\fs\fat.c:223) trace: Reserved1: 0x0
(\boot\freeldr\freeldr\lib\fs\fat.c:224) trace: BootSignature: 0x29
(\boot\freeldr\freeldr\lib\fs\fat.c:225) trace: VolumeSerialNumber: 0xba8bfc19
(\boot\freeldr\freeldr\lib\fs\fat.c:226) trace: VolumeLabel: NO NAME    
(\boot\freeldr\freeldr\lib\fs\fat.c:227) trace: FileSystemType: FAT32   
(\boot\freeldr\freeldr\lib\fs\fat.c:228) trace: BootSectorMagic: 0xaa55
(\boot\freeldr\freeldr\lib\fs\fat.c:361) trace: FAT cache is 512 sectors, 262144 bytes
(\boot\freeldr\freeldr\lib\fs\fat.c:1665) trace: FatMount(0) success
(\boot\freeldr\freeldr\lib\fs\fat.c:1426) trace: FatGetFileInformation(1) -> FileSize = 1293, FilePointer = 0x0
(\boot\freeldr\freeldr\bootmgr.c:282) trace: Argv[0]: '(null)'
(\boot\freeldr\freeldr\bootmgr.c:282) trace: Argv[1]: 'SystemPartition=multi(0)disk(0)rdisk(0)partition(1)'
(\boot\freeldr\freeldr\bootmgr.c:282) trace: Argv[2]: 'LoadIdentifier=ReactOS (Debug, SMP)'
(\boot\freeldr\freeldr\bootmgr.c:282) trace: Argv[3]: 'BootType=Windows2003'
(\boot\freeldr\freeldr\bootmgr.c:282) trace: Argv[4]: 'SystemPath=\ReactOS'
(\boot\freeldr\freeldr\bootmgr.c:282) trace: Argv[5]: 'Options=/HAL=hal.dll /KERNEL=ntkrnlmp.exe /DEBUG /DEBUGPORT=COM1 /BAUDRATE=115200 /SOS /FASTDETECT'
(\boot\freeldr\freeldr\lib\fs\fat.c:965) trace: FAT cache miss: read sector 0x239 from disk
(\boot\freeldr\freeldr\lib\fs\fat.c:965) trace: FAT cache miss: read sector 0x325 from disk
(\boot\freeldr\freeldr\lib\fs\fat.c:965) trace: FAT cache miss: read sector 0x36f from disk
(\boot\freeldr\freeldr\lib\fs\fat.c:965) trace: FAT cache miss: read sector 0x414 from disk
(\boot\freeldr\freeldr\lib\fs\fat.c:1426) trace: FatGetFileInformation(1) -> FileSize = 233472, FilePointer = 0x0
(\boot\freeldr\freeldr\lib\fs\fat.c:1426) trace: FatGetFileInformation(1) -> FileSize = 66082, FilePointer = 0x0
(\boot\freeldr\freeldr\lib\fs\fat.c:1426) trace: FatGetFileInformation(2) -> FileSize = 66594, FilePointer = 0x0
(\boot\freeldr\freeldr\lib\fs\fat.c:1426) trace: FatGetFileInformation(3) -> FileSize = 4870, FilePointer = 0x0
(\boot\freeldr\freeldr\lib\fs\fat.c:965) trace: FAT cache miss: read sector 0x240 from disk
(\boot\freeldr\freeldr\lib\fs\fat.c:965) trace: FAT cache miss: read sector 0x349 from disk
(\boot\freeldr\freeldr\lib\fs\fat.c:965) trace: FAT cache miss: read sector 0x34d from disk
(\boot\freeldr\freeldr\lib\fs\fat.c:965) trace: FAT cache miss: read sector 0x223 from disk
(\boot\freeldr\freeldr\arch\uefi\uefimem.c:273) trace: UefiMemGetMemoryMap: Gather memory map
(\boot\freeldr\freeldr\arch\uefi\uefimem.c:285) trace: Value of MapKey: 18299
(\boot\freeldr\freeldr\arch\uefi\uefimem.c:286) trace: Value of MapSize: 4800
(\boot\freeldr\freeldr\arch\uefi\uefimem.c:287) trace: Value of DescriptorSize: 48
(\boot\freeldr\freeldr\arch\uefi\uefimem.c:288) trace: Value of DescriptorVersion: 1
(\boot\freeldr\freeldr\arch\uefi\uefimem.c:420) trace: Attempting to exit bootsevices
(\boot\freeldr\freeldr\arch\uefi\uefimem.c:486) trace: Exited bootservices
(\boot\freeldr\freeldr\arch\arm64\mmu_v2.c:1124) trace: ARM64: Forcing va_bits from 36 to 47 for NT ARM64 page tables
[   14.260983] (\ntoskrnl\kd64\kdinit.c:94) -----------------------------------------------------
[   14.266707] (\ntoskrnl\kd64\kdinit.c:95) ReactOS 0.4.17-arm64-dev (Build 20260705-nt10.0-003-26-gfe90dcf) (Commit fe90dcff5ed47ffe266a87289933a34977d8b52f)
[   14.280589] (\ntoskrnl\kd64\kdinit.c:96) 1 System Processor [8166 MB Memory]
[   14.287617] (\ntoskrnl\kd64\kdinit.c:100) Command Line: HAL=HAL.DLL KERNEL=NTKRNLMP.EXE DEBUG DEBUGPORT=COM1 BAUDRATE=115200 SOS FASTDETECT
[   14.300111] (\ntoskrnl\kd64\kdinit.c:103) ARC Paths: multi(0)disk(0)rdisk(0)partition(1) \ multi(0)disk(0)rdisk(0)partition(1) \ReactOS\
[   14.312395] HAL: About to lookup FADT (signature=50434146)
[   14.317812] HAL: HalAcpiGetTable(FADT) returned FFFFFC000040B010
[   14.323804] (\hal\halarm64\acpi\rsdt.c:331) ACPI: XSDT 000000003dad4f18 00005c (v01 RPIFDN RPI5     00000200      01000013)
[   14.334906] (\hal\halarm64\acpi\rsdt.c:423) ACPI: FACP 000000003dad4b98 000114 (v06 RPIFDN RPI5     00000200 EDK2 00000300)
[   14.346011] (\hal\halarm64\acpi\rsdt.c:461) ACPI: DSDT 000000003ce8f018 0015ea (v02 RPIFDN RPI5     00000002 INTL 20260408)
[   14.357117] (\hal\halarm64\acpi\rsdt.c:581) ACPI: BGRT 000000003dad4b18 000038 (v01 INTEL  EDK2     00000002      01000013)
[   14.368222] (\hal\halarm64\acpi\rsdt.c:581) ACPI: DBG2 000000003dad4e18 000061 (v00 RPIFDN RPI5     00000200 EDK2 00000300)
[   14.379326] (\hal\halarm64\acpi\rsdt.c:581) ACPI: GTDT 000000003dad4d18 000068 (v03 RPIFDN RPI5     00000200 EDK2 00000300)
[   14.390432] (\hal\halarm64\acpi\rsdt.c:581) ACPI: APIC 000000003dad4098 000184 (v05 RPIFDN RPI5     00000200 EDK2 00000300)
[   14.401537] (\hal\halarm64\acpi\rsdt.c:581) ACPI: [   14.406136] (\hal\halarm64\acpi\rsdt.c:581) ACPI: PPTT 000000003dad4318 000130 (v02 RPIFDN RPI5     00000200 EDK2 00000300)
[   14.417243] (\hal\halarm64\acpi\halacpi.c:2611) ACPI Timer resource unavailable (EXT: 0)
[   14.425314] (\hal\halarm64\acpi\halacpi.c:3065) ACPI v6.3-6.3_A detected. Tables: [XSDT] [FACP] [BGRT] [DBG2] [GTDT] [APIC] [ [PPTT]
[   14.437199] (\hal\halarm64\gic\gic_init.c:926) [arm64][GIC] GIC probe: PFR0.GIC=0 SRE=0 PIDR2=0x0000002b ARCHREV=2
[   14.447521] (\hal\halarm64\gic\gic_init.c:928) [arm64][GIC] Using GICv2 legacy (GICC) CPU interface
[   14.456545] (\hal\halarm64\gic\gic_init.c:538) [arm64][GIC] Initializing distributor (version=2, sysregs=0)
[   14.466262] (\hal\halarm64\gic\gic_init.c:551) [arm64][GIC] GICD typer=0x0000fc69 lines=320 nregs=10
[   14.475378] (\hal\halarm64\gic\gicv2.c:309) [arm64][GICv2] SPI targets set to CPU0
[   14.482922] (\hal\halarm64\gic\gicv2.c:119) [arm64][GICv2] Saved PPI enables: 0x0800ffff
[   14.490991] (\hal\halarm64\gic\gicv2.c:155) [arm64][GICv2] Restored PPI enables: 0x0800ffff
[   14.499320] (\hal\halarm64\gic\gicv2.c:159) [arm64][GICv2] SGI/PPI bank configured with preserved enables
[   14.508864] (\hal\halarm64\gic\gic_init.c:633) [arm64][GIC] Distributor initialized and enabled
[   14.517541] (\hal\halarm64\gic\gicv2.c:89) [arm64][GICv2] CPU interface initialized (PMR=0xFF, CTLR=0x3)
[   14.526997] (\hal\halarm64\gic\gic_init.c:822) [arm64][GIC] Version detection complete:
[   14.534979] (\hal\halarm64\gic\gic_init.c:823) [arm64][GIC]   Architecture: GICv2
[   14.542441] (\hal\halarm64\gic\gic_init.c:825) [arm64][GIC]   Interrupt lines: 320 (max SPI INTID: 319)
[   14.765262] (\ntoskrnl\mm\ARM3\largepag.c:37) MiInitializeLargePageSupport: PAE/x64 Not Implemented
[   14.772851] (\ntoskrnl\mm\ARM3\mminit.c:2235) Paged pool: 398 MB at FFFFDC87CF000000
[   14.781863] (\sdk\include\reactos\drivers\bootvid\framebuf.c:512) Display: loader UEFI GOP framebuffer 0x3F400000 size=8294400 1920x1080 stride=1920 bpp=32
[   14.793030] (\sdk\include\reactos\drivers\bootvid\framebuf.c:674) 
[   14.799187] Boot Display found on Interface 0, Bus 0
[   14.804134]     VideoRamAddress   : 0x3F400000
[   14.808558]     VideoRamSize      : 8294400
[   14.812722]     Version           : 1.3
[   14.816541]     VideoClock        : 0
[   14.820183] Framebuffer format:
[   14.823307]     BaseAddress       : 0x3F400000
[   14.827734]     ScreenWidth       : 1920
[   14.831637]     ScreenHeight      : 1080
[   14.835541]     PixelsPerScanLine : 1920
[   14.839447]     BitsPerPixel      : 32
[   14.843177]     ARGB masks:       : ff000000/00ff0000/0000ff00/000000ff
[   14.851848] (\drivers\base\bootvid\framebuf\bootvid.c:297) Scaling X = 2, Y = 2
[   14.857060] (\drivers\base\bootvid\framebuf\bootvid.c:304) Borders X = 320, Y = 60
[   14.884707] (\ntoskrnl\ke\arm64\stubs.c:653) [arm64] KeStartAllProcessors: Max=64 (numproc=0 bootproc=0)
[   14.891337] (\ntoskrnl\ke\arm64\stubs.c:738) [arm64] KeStartAllProcessors: Attempting to start CPU 1
[   14.900422] (\hal\halarm64\smp.c:315) [arm64][HAL] Identity-map page table: L0[0]→L1[0]→L2[2] block=0x400000 (trampoline PA=0x420000)
[   14.912736] (\hal\halarm64\smp.c:415) [arm64][HAL] AP trampoline initialized at PA=0x420000 VA=FFFFFC0000420000 size=448 idmap_ttbr0=0x500000
[   14.925398] (\hal\halarm64\smp.c:592) [arm64][HAL] Discovered 4 CPUs, parking protocol not available
[   14.934554] (\ntoskrnl\ke\arm64\stubs.c:771) [arm64] KeStartAllProcessors: CPU 1 started successfully
[   14.943733] (\ntoskrnl\ke\arm64\stubs.c:738) [arm64] KeStartAllProcessors: Attempting to start CPU 2
[   14.952850] (\ntoskrnl\ke\arm64\stubs.c:771) [arm64] KeStartAllProcessors: CPU 2 started successfully
[   14.962040] (\ntoskrnl\ke\arm64\stubs.c:738) [arm64] KeStartAllProcessors: Attempting to start CPU 3
[   14.971155] (\ntoskrnl\ke\arm64\stubs.c:771) [arm64] KeStartAllProcessors: CPU 3 started successfully
[   14.980346] (\ntoskrnl\ke\arm64\stubs.c:738) [arm64] KeStartAllProcessors: Attempting to start CPU 4
[   14.989427] (\hal\halarm64\halarm64.c:5909) [arm64][HAL] HalStartNextProcessor: no more processors (started=4, available=4)
[   15.000533] (\ntoskrnl\ke\arm64\stubs.c:744) [arm64] KeStartAllProcessors: HalStartNextProcessor failed for CPU 4
[   15.010787] (\ntoskrnl\ke\arm64\stubs.c:789) [arm64] KeStartAllProcessors: Successfully started 3 APs
[   15.019970] (\ntoskrnl\ke\arm64\stubs.c:824) [arm64] KeStartAllProcessors: Updating process affinities to 0xf
[   15.029860] (\ntoskrnl\ke\arm64\stubs.c:859) [arm64] KeStartAllProcessors: System process affinity 0x1 -> 0xf
[   15.040094] (\ntoskrnl\mm\mminit.c:224)           0xFFFFF80000000000 - 0xFFFFF80200000000	Boot Loaded Image
[   15.049467] (\ntoskrnl\mm\mminit.c:235)           0xFFFFBC072E000000 - 0xFFFFBC0737001000	PFN Database
[   15.058751] (\ntoskrnl\mm\mminit.c:239)           0xFFFFBA4D4A400000 - 0xFFFFBA4D4B420000	ARM3 Non Paged Pool
[   15.068641] (\ntoskrnl\mm\mminit.c:243)           0xFFFFF97FBA000000 - 0xFFFFF97FDA000000	System View Space
[   15.078359] (\ntoskrnl\mm\mminit.c:247)           0xFFFFF97FDA000000 - 0xFFFFF98000000000	Session Space
[   15.087730] (\ntoskrnl\mm\mminit.c:250)           0xFFFFE48000000000 - 0xFFFFE4FFFFFFFFFF	Page Tables
[   15.096929] (\ntoskrnl\mm\mminit.c:253)           0xFFFFE4F240000000 - 0xFFFFE4F27FFFFFFF	Page Directories
[   15.106558] (\ntoskrnl\mm\mminit.c:256)           0xFFFFF70000000000 - 0xFFFFF77FFFFFFFFF	Hyperspace
[   15.115672] (\ntoskrnl\mm\mminit.c:259)           0xFFFFB40000000000 - 0xFFFFB5FFFFFFFFFF	System Cache
[   15.124952] (\ntoskrnl\mm\mminit.c:263)           0xFFFFDC87CF000000 - 0xFFFFDC87E8000000	ARM3 Paged Pool
[   15.134497] (\ntoskrnl\mm\mminit.c:269)           0xFFFFD92296000000 - 0xFFFFD922A2351000	System PTE Space
[   15.144127] (\ntoskrnl\mm\mminit.c:273)           0xFFFFBA4D4B420000 - 0xFFFFBA4D56B70000	Non Paged Pool Expansion PTE Space
[   15.159254] (\hal\halarm64\acpi\halacpi.c:3482) HAL: ARM64 PCI stubs initialized (ECAM-only mode)
[   15.165240] 
====== PCI BUS HARDWARE DETECTION (ACPI HAL) =======

[   15.171572] HAL: ARM64 PCI ECAM path not exercised.
[   15.176431] 
====== END PCI BUS DETECTION =======

[   15.181377] ACPI ARM64-based System initialized
[   15.186115] WARNING:  ArbBuildAssignmentOrdering at \sdk\lib\drivers\arbiter\arbiter.c:275 is UNIMPLEMENTED!
[   15.195701] WARNING:  ArbBuildAssignmentOrdering at \sdk\lib\drivers\arbiter\arbiter.c:275 is UNIMPLEMENTED!
[   15.205503] WARNING:  ArbBuildAssignmentOrdering at \sdk\lib\drivers\arbiter\arbiter.c:275 is UNIMPLEMENTED!
[   15.215309] WARNING:  ArbBuildAssignmentOrdering at \sdk\lib\drivers\arbiter\arbiter.c:275 is UNIMPLEMENTED!
[   15.225111] WARNING:  ArbBuildAssignmentOrdering at \sdk\lib\drivers\arbiter\arbiter.c:275 is UNIMPLEMENTED!
[   15.235442] (\ntoskrnl\io\pnpmgr\pnproot.c:518) Failed to read the LogConf key for Root\RPI5VC4\0000
[   15.244089] (\ntoskrnl\io\pnpmgr\pnproot.c:518) Failed to read the LogConf key for Root\SOFTGPU\0000
[   15.254978] (\ntoskrnl\io\pnpmgr\pnpmap.c:656) ZwQueryValueKey(\Registry\Machine\SYSTEM\CURRENTCONTROLSET\Control\PnpDisableFirmwareMapper) failed with status 0xc0000034
[   15.275017] (\hal\halarm64\acpi\halacpi.c:4622) Resource count: 0
[   15.278225] (\hal\halarm64\acpi\halacpi.c:4627) Resource list size: 40
[   15.284738] (\hal\halarm64\acpi\halacpi.c:4622) Resource count: 0
[   15.290807] (\hal\halarm64\acpi\halacpi.c:4627) Resource list size: 40
[   15.297820] (\ntoskrnl\io\pnpmgr\pnpmgr.c:164) CDDB: set Driver='{4D36E97D-E325-11CE-BFC1-08002BE10318}\0000' for critical device (0x00000000)
[   15.316462] (\drivers\bus\sd\sdbus.c:276) SD Bus Driver: DriverEntry
[   15.320081] (\drivers\storage\port\sdport\sdport.c:69) SdPortInitialize(FFFFBA4D4B2664F0 \REGISTRY\MACHINE\SYSTEM\CONTROLSET001\SERVICES\SDHC FFFFD922A1E98A78)
[   15.334313] (\drivers\storage\port\sdport\sdport.c:173) SDPORT DriverEntry: DriverObject=FFFFBA4D4B2A3070 RegistryPath=\REGISTRY\MACHINE\SYSTEM\CONTROLSET001\SERVICES\SDPORT
[   15.354075] (\drivers\storage\port\storport\storport.c:961) StorPortInitialize(FFFFBA4D4B2A3C70 FFFFD922A1E98BA0 FFFFD922A1E98A80 0000000000000000)
[   15.364398] (\drivers\storage\port\storport\storport.c:963) HwInitializationDataSize: 136
[   15.372551] (\drivers\storage\port\storport\storport.c:964) AdapterInterfaceType: 5
[   15.380188] (\drivers\storage\port\storport\storport.c:965) HwInitialize: FFFFD922A206BB48
[   15.388429] (\drivers\storage\port\storport\storport.c:966) HwStartIo: FFFFD922A206C27C
[   15.396413] (\drivers\storage\port\storport\storport.c:967) HwInterrupt: FFFFD922A206C168
[   15.404567] (\drivers\storage\port\storport\storport.c:968) HwFindAdapter: FFFFD922A206D3D4
[   15.412898] (\drivers\storage\port\storport\storport.c:969) HwResetBus: FFFFD922A206D308
[   15.420965] (\drivers\storage\port\storport\storport.c:970) HwDmaStarted: 0000000000000000
[   15.429209] (\drivers\storage\port\storport\storport.c:971) HwAdapterState: 0000000000000000
[   15.437623] (\drivers\storage\port\storport\storport.c:972) DeviceExtensionSize: 146520
[   15.445607] (\drivers\storage\port\storport\storport.c:973) SpecificLuExtensionSize: 0
[   15.453501] (\drivers\storage\port\storport\storport.c:974) SrbExtensionSize: 1592
[   15.461051] (\drivers\storage\port\storport\storport.c:975) NumberOfAccessRanges: 6
[   15.468684] (\drivers\storage\port\storport\storport.c:1001) No driver object extension!
[   15.476756] (\drivers\storage\port\storport\storport.c:1013) Driver object extension created!
[   15.485256] (\drivers\storage\port\storport\storport.c:31) PortAddDriverInitData()
[   15.492806] (\drivers\storage\port\storport\storport.c:1044) StorPortInitialize() done (Status 0x00000000)
[   15.503382] (\drivers\storage\port\storport\storport.c:461) DriverEntry(FFFFBA4D4B2A3A70 FFFFD922A1E98BA0)
[   15.516013] WDFTrace: new WDFKEY object open failed, !STATUS!
[   15.522779] (\drivers\ksfilter\swenum\swenum.c:428) SWENUM loaded
[   15.526931] (\drivers\storage\class\ramdisk\ramdisk.c:5836) RAMDISK DriverEntry: DriverObject=FFFFBA4D4B39E660 RegistryPath=\REGISTRY\MACHINE\SYSTEM\CONTROLSET001\SERVICES\RAMDISK
[   15.542940] (\ntoskrnl\io\iomgr\driver.c:1442) BOOT DRIVERS LOADED
[   15.548611] (\hal\halarm64\acpi\halpnpdd.c:1720) Start device received
[   15.554751] (\drivers\bus\acpi\pnp.c:338) ACPI: Registered PCI interface: \??\ACPI_HAL#PNP0C08#0#{a7e9db84-db4c-4289-876b-e2c3e63b5f4f}
[   15.566762] (\drivers\bus\acpi\pnp.c:353) Bus_StartFdo: Calling AcpiInitializeSubsystem
[   15.574768] (\drivers\bus\acpi\pnp.c:364) Bus_StartFdo: Calling AcpiInitializeTables
[   15.589781] (\drivers\bus\acpi\pnp.c:373) Bus_StartFdo: Calling AcpiLoadTables
[   15.596050] (\drivers\bus\acpi\busmgr\utils.c:575) AcpiGetTable() for FACS failed (Status 0x00000005)
[   15.603326] (\drivers\bus\acpi\pnp.c:385) Unable to create ACPI tables in registry (0xc0000001)
[   15.611992] (\drivers\bus\acpi\pnp.c:389) Bus_StartFdo: Calling acpi_init
[   15.619805] (\drivers\bus\acpi\busmgr\bus.c:1693) ACPI: _PIC method not present; firmware assumed APIC-ready
[   15.632693] (\hal\halarm64\halarm64.c:1715) [arm64][PCI] Registered PCI routing query provider at FFFFD922A21C1440
[   15.640153] (\drivers\bus\acpi\busmgr\acpi_pci_routing.c:430) ACPI: PCI routing provider registered (4 entries available)
[   15.651085] (\drivers\bus\acpi\busmgr\pci_root.c:978) ACPI: Enumerating PCI root bridges (ACPI 1.0/2.0+/PCIe)
[   15.661675] (\drivers\bus\acpi\busmgr\pci_root.c:320) ACPI: _OSC calling with Support=0x19 Control=0x10
[   15.670506] (\drivers\bus\acpi\busmgr\pci_root.c:423) ACPI: _OSC success - granted control 0x10 (status 0x0)
[   15.680152] (\drivers\bus\acpi\busmgr\pci_root.c:847) ACPI: PCI Root 1: HID=PNP0A08 UID=1 SEG=1 BUS=0
[   15.689345] (\drivers\bus\acpi\busmgr\pci_root.c:853)     Bus range  : [0 - 255]
[   15.696725] (\drivers\bus\acpi\busmgr\pci_root.c:872)     Memory window: [c0000000 - 1affffffff]
[   15.705483] (\drivers\bus\acpi\busmgr\pci_root.c:876)       translation: +0
[   15.712426] (\drivers\bus\acpi\busmgr\pci_root.c:897)     _OSC status 0x0 request 0x10 grant 0x10
[   15.721275] (\hal\halarm64\halarm64.c:1651) [arm64][PCI] ACPI PCI Root Bridge: Segment=1 Bus=0 BusRange=[0-255]
[   15.731341] (\hal\halarm64\halarm64.c:1660) [arm64][PCI]   No MCFG or _CBA config-space base published for this root bridge.
[   15.742533] (\hal\halarm64\halarm64.c:1674) [arm64][PCI]   Memory Window: [0xc0000000 - 0x1affffffff]
[   15.751728] (\hal\halarm64\halarm64.c:1690) [arm64][PCI]   _OSC: Status=0x0 Control=0x10 Grant=0x10 (OK)
[   15.761982] (\drivers\bus\acpi\busmgr\pci_root.c:835) ACPI: PCI root HID=PNP0A08 UID=1 already processed (Seg 1 Bus 0-255), skipping duplicate handle FFFFBA4D4B2A1400
[   15.776201] (\drivers\bus\acpi\pnp.c:399) Bus_StartFdo: Calling ACPIEnumerateDevices
[   15.783930] (\drivers\bus\acpi\acpienum.c:159) ACPI-PCIROOT: Enumerating PCI root candidate HID=PNP0A08 UID=1 ADR=0xffffffffffffffff handle=FFFFBA4D4B2A1400
[   15.797714] (\drivers\bus\acpi\acpienum.c:169) ACPI-PCIROOT:   |_ CID[0]=PNP0A03
[   15.805348] (\drivers\bus\acpi\acpienum.c:549) ACPI-PCIROOT:   |_ _CRS Bus 0x0-0xff (len=0x100)
[   15.813765] (\drivers\bus\acpi\acpienum.c:549) ACPI-PCIROOT:   |_ _CRS Mem64 0xc0000000-0xc04fffff (len=0x500000)
[   15.824003] (\drivers\bus\acpi\acpienum.c:549) ACPI-PCIROOT:   |_ _CRS Mem64 0x1800000000-0x1affffffff (len=0x300000000)
[   15.835036] (\drivers\bus\acpi\pnp.c:401) Bus_StartFdo: ACPIEnumerateDevices done (Status 0x0)
[   15.851409] (\drivers\bus\acpi\buspdo.c:237) ACPI: Using _BBN for PCI root ACPI\PNP0A08 bus=0
[   15.857050] (\drivers\bus\acpi\buspdo.c:283) ACPI: Cached PCI root ACPI\PNP0A08 bus number 0
[   15.867117] (\ntoskrnl\io\pnpmgr\pnpmgr.c:164) CDDB: set Driver='{4D36E97D-E325-11CE-BFC1-08002BE10318}\0001' for critical device (0x00000000)
[   15.878874] (\drivers\bus\acpi\buspdo.c:237) ACPI: Using _BBN for PCI root ACPI\PNP0A08 bus=0
[   15.886718] (\drivers\bus\acpi\buspdo.c:283) ACPI: Cached PCI root ACPI\PNP0A08 bus number 0
[   15.895906] (\drivers\bus\pci\fdo.c:474) PCI: FdoStartDevice called
[   15.901384] (\drivers\bus\pci\arb.c:666) PCI: Creating arbiters for bus 0
[   15.908151] (\drivers\bus\pci\arb.c:709) PCI: Created 3 arbiters for bus 0
[   15.915122] (\drivers\bus\pci\fdo.c:274) PCI: FdoQueryBusRelations called
[   15.921773] (\hal\halarm64\acpi\halacpi.c:139) HAL: PCI Express MMCONFIG unavailable because the ACPI MCFG table is missing or empty.
[   15.933746] (\drivers\bus\pci\fdo.c:133) PCI: Bus 0 slot 0 empty (Size=64 VendorID=0xffff), but scanning root bus anyway
[   15.944594] (\drivers\bus\pci\fdo.c:290) PCI: FdoQueryBusRelations enumerated 0 devices
[   15.956407] (\ntoskrnl\io\pnpmgr\pnpmgr.c:164) CDDB: set Driver='{36FC9E60-C465-11CF-8056-444553540000}\0000' for critical device (0x00000000)
[   15.968080] (\drivers\bus\acpi\interface.c:823) Invalid GUID
[   15.971941] (\drivers\usb\usbport\pnp.c:1615) USBPORT_StartDevice: no PCI config space (ACPI-enumerated controller), continuing
[   15.983391] (\drivers\bus\acpi\interface.c:823) Invalid GUID
[   15.991582] (\drivers\usb\usbxhci\usbxhci.c:9233) usbxhci: no PCI config space (ACPI-enumerated controller), skipping bus-master enable
[   16.002678] (\drivers\usb\usbxhci\osc.c:447) usbxhci: _OSC: Using IOCTL to evaluate _OSC method
[   16.009850] (\drivers\usb\usbxhci\osc.c:480) usbxhci: _OSC Query phase - asking what controls are available
[   16.019604] (\drivers\usb\usbxhci\osc.c:234) usbxhci: ACPI _OSC IOCTL failed: 0xC0000034
[   16.027638] (\drivers\usb\usbxhci\osc.c:497) usbxhci: _OSC not available (Status=0xC0000034) - using legacy defaults
[   16.038136] (\drivers\usb\usbxhci\osc.c:401) usbxhci: _OSC: Set legacy defaults (full OS control)
[   16.071113] (\drivers\usb\usbxhci\usbxhci.c:4211) usbxhci: bounce pool ready slots=32 size=65536
[   16.078160] (\drivers\usb\usbport\pnp.c:2537) USBPORT_CreatePdo: HubPdo=FFFFBA4D4B397C10 DevExt=FFFFBA4D4B397D60
[   16.088320] (\ntoskrnl\io\pnpmgr\pnpmgr.c:164) CDDB: set Driver='{36FC9E60-C465-11CF-8056-444553540000}\0001' for critical device (0x00000000)
[   16.100123] (\drivers\usb\usbhub\usbhub.c:963) USBH_SyncGetRootHubPdo: Target=FFFFBA4D4B397C10 Driver=\Driver\usbxhci StackSize=2
[   16.111543] (\drivers\usb\usbhub\usbhub.c:991) USBH_SyncGetRootHubPdo: Irp=FFFFBA4D4B2A43A0 Major=0f IoCtl=0022000f Arg1=FFFFBA4D4B397470 Arg2=FFFFBA4D4B397478
[   16.125772] (\drivers\usb\usbport\ioctl.c:661) USBPORT_PdoInternalDeviceControl: IOCTL_INTERNAL_USB_GET_ROOTHUB_PDO Pdo=FFFFBA4D4B397C10 Arg1=FFFFBA4D4B397470 Arg2=FFFFBA4D4B397478
[   16.142104] (\drivers\usb\usbhub\usbhub.c:1273) USBH_GetConfigurationDescriptor: NTSTATUS=0x00000000 wTotalLength=25 FirstBytes=09 02 19 00 01 01
[   16.154841] (\drivers\bus\acpi\main.c:374) Unsupported IOCTL: 32c020
[   16.161399] (\drivers\usb\usbhub\pnp.c:344) USBH_OpenConfiguration: using interface 0 alt 0 Pipes=1 MaxPacket0=8
[   16.171337] (\drivers\usb\usbhub\pnp.c:372) USBH_OpenConfiguration: SelectConfig succeeded (PipeHandle=FFFFBA4D4B22FBC0 wTotalLength=25)
[   16.203639] (\drivers\usb\usbhub\usbhub.c:3695) USBD_RegisterRootHubCallBack: HubExtension - FFFFBA4D4B397450
[   16.210668] (\drivers\usb\usbport\iface.c:1283) USBHI_RootHubInitNotification: stored callback FFFFD922A21415B0 ctx=FFFFBA4D4B397450 seq=1 caller=FFFFD922A2141698
[   16.225156] (\drivers\usb\usbhub\usbhub.c:3711) USBD_RegisterRootHubCallBack: RootHubInitNotification -> 0x00000000
[   16.225161] (\drivers\usb\usbhub\usbhub.c:3143) USBH_SubmitStatusChangeTransfer: HubExtension - FFFFBA4D4B397450, SCEIrp - FFFFBA4D4B25FCA0
[   16.235690] (\drivers\usb\usbhub\pnp.c:1190) USBH_FdoQueryBusRelations: NumberPorts - 3
[   16.248099] (\drivers\usb\usbhub\usbhub.c:2550) USBH_ChangeIndicationWorker: HubExt=FFFFBA4D4B397450 WorkItem=FFFFBA4D4B39D440
[   16.267410] (\drivers\usb\usbhub\usbhub.c:2798) USBH_ChangeIndicationWorker: Port 2 Status=0x0301 Change=0x0001
[   16.277505] (\drivers\usb\usbhub\usbhub.c:2317) USBH_ProcessPortStateChange: Port 2 connect -> enumerate
[   16.286958] (\drivers\usb\usbhub\usbhub.c:2798) USBH_ChangeIndicationWorker: Port 3 Status=0x1103 Change=0x0031
[   16.297018] (\drivers\usb\usbhub\usbhub.c:2317) USBH_ProcessPortStateChange: Port 3 connect -> enumerate
[   16.306497] (\drivers\usb\usbhub\usbhub.c:3143) USBH_SubmitStatusChangeTransfer: HubExtension - FFFFBA4D4B397450, SCEIrp - FFFFBA4D4B25FCA0
[   16.318992] (\drivers\usb\usbhub\usbhub.c:3143) USBH_SubmitStatusChangeTransfer: HubExtension - FFFFBA4D4B397450, SCEIrp - FFFFBA4D4B25FCA0
[   16.331472] (\drivers\usb\usbhub\usbhub.c:5707) USBH_CreateDevice: Port - 2, UsbPortStatus - 0x0303
[   16.340496] (\drivers\usb\usbhub\usbhub.c:5743) USBH_CreateDevice: PortDevice - FFFFBA4D4B29A7A0, <\Device\USBPDO-1>
[   16.350960] (\drivers\usb\usbhub\usbhub.c:5745) USBH_CreateDevice: PortExtension - FFFFBA4D4B29A8F0
[   16.444647] (\drivers\usb\usbhub\usbhub.c:3143) USBH_SubmitStatusChangeTransfer: HubExtension - FFFFBA4D4B397450, SCEIrp - FFFFBA4D4B25FCA0
[   16.470997] (\drivers\usb\usbxhci\usbxhci.c:5018) usbxhci: ResetDeviceOnPort: RESET_DEV succeeded for slot 1 on port 2, now in Default state
[   16.508635] (\drivers\usb\usbhub\usbhub.c:5617) USBH: announcing usb 1-2 port 2 (VID=413C PID=301A)
[   16.514793] (\drivers\usb\usbhub\usbhub.c:5640) usb 1-2: new low-speed USB device on port 2
[   16.523121] (\drivers\usb\usbhub\usbhub.c:5648) usb 1-2: New USB device found, idVendor=413C, idProduct=301A, bcdDevice=01.00
[   16.534401] (\drivers\usb\usbhub\usbhub.c:5655) usb 1-2: New USB device strings: Mfr=1, Product=2, SerialNumber=0
[   16.569564] (\drivers\usb\usbhub\usbhub.c:5661) usb 1-2: Product: Dell MS116 USB Optical Mouse
[   16.575288] (\drivers\usb\usbhub\usbhub.c:5666) usb 1-2: Manufacturer: PixArt
[   16.588563] (\drivers\usb\usbhub\usbhub.c:1273) USBH_GetConfigurationDescriptor: NTSTATUS=0x00000000 wTotalLength=34 FirstBytes=09 02 22 00 01 01
[   16.598714] (\drivers\usb\usbhub\pnp.c:1261) USBH_FdoQueryBusRelations: cached connect (no PDO) port 3 (ConnStatus=1)
[   16.609297] (\drivers\usb\usbhub\pnp.c:1302) USBH_FdoQueryBusRelations: forcing PDO creation from cached state on port 3
[   16.726369] (\drivers\usb\usbhub\usbhub.c:3143) USBH_SubmitStatusChangeTransfer: HubExtension - FFFFBA4D4B397450, SCEIrp - FFFFBA4D4B25FCA0
[   16.751023] (\drivers\usb\usbhub\usbhub.c:5707) USBH_CreateDevice: Port - 3, UsbPortStatus - 0x1103
[   16.757219] (\drivers\usb\usbhub\usbhub.c:5743) USBH_CreateDevice: PortDevice - FFFFBA4D4B332AB0, <\Device\USBPDO-2>
[   16.767679] (\drivers\usb\usbhub\usbhub.c:5745) USBH_CreateDevice: PortExtension - FFFFBA4D4B332C00
[   16.917161] (\drivers\usb\usbhub\usbhub.c:3143) USBH_SubmitStatusChangeTransfer: HubExtension - FFFFBA4D4B397450, SCEIrp - FFFFBA4D4B25FCA0
[   16.941046] (\drivers\usb\usbxhci\usbxhci.c:5018) usbxhci: ResetDeviceOnPort: RESET_DEV succeeded for slot 2 on port 3, now in Default state
[   16.984899] (\drivers\usb\usbhub\usbhub.c:5617) USBH: announcing usb 1-3 port 3 (VID=0781 PID=5581)
[   16.991057] (\drivers\usb\usbhub\usbhub.c:5640) usb 1-3: new super-speed USB device on port 3
[   16.999559] (\drivers\usb\usbhub\usbhub.c:5648) usb 1-3: New USB device found, idVendor=0781, idProduct=5581, bcdDevice=01.00
[   17.010839] (\drivers\usb\usbhub\usbhub.c:5655) usb 1-3: New USB device strings: Mfr=1, Product=2, SerialNumber=3
[   17.023018] (\drivers\usb\usbhub\usbhub.c:5661) usb 1-3: Product:  SanDisk 3.2Gen1
[   17.028622] (\drivers\usb\usbhub\usbhub.c:5666) usb 1-3: Manufacturer:  USB
[   17.035566] (\drivers\usb\usbhub\usbhub.c:5681) usb 1-3: SerialNumber: 0901da96cc5f2a6e98145c166ee0bf8579199debc6f1126c17dcbe55724e3388e11a00000000000000000000897c8cadff082920815581076e327e7a
[   17.053010] (\drivers\usb\usbhub\usbhub.c:1273) USBH_GetConfigurationDescriptor: NTSTATUS=0x00000000 wTotalLength=44 FirstBytes=09 02 2c 00 01 01
[   17.066295] (\ntoskrnl\io\pnpmgr\pnpmgr.c:164) CDDB: set Driver='{745a17a0-74d3-11d0-b6fe-00a0c90f57da}\0000' for critical device (0x00000000)
[   17.078951] (\ntoskrnl\io\pnpmgr\pnpmgr.c:164) CDDB: set Driver='{36FC9E60-C465-11CF-8056-444553540000}\0002' for critical device (0x00000000)
[   17.135686] (\ntoskrnl\io\pnpmgr\pnpmgr.c:164) CDDB: set Driver='{4D36E967-E325-11CE-BFC1-08002BE10318}\0000' for critical device (0x00000000)
[   17.146041] (\drivers\usb\usbstor\disk.c:143) SRB_FUNCTION_CLAIM_DEVICE
[   17.512121] (\ntoskrnl\io\pnpmgr\pnpmgr.c:164) CDDB: set Driver='{36FC9E60-C465-11CF-8056-444553540000}\0003' for critical device (0x00000000)
[   17.522816] (\drivers\bus\acpi\interface.c:823) Invalid GUID
[   17.527649] (\drivers\usb\usbport\pnp.c:1615) USBPORT_StartDevice: no PCI config space (ACPI-enumerated controller), continuing
[   17.539104] (\drivers\bus\acpi\interface.c:823) Invalid GUID
[   17.547260] (\drivers\usb\usbxhci\usbxhci.c:9233) usbxhci: no PCI config space (ACPI-enumerated controller), skipping bus-master enable
[   17.558338] (\drivers\usb\usbxhci\osc.c:447) usbxhci: _OSC: Using IOCTL to evaluate _OSC method
[   17.565562] (\drivers\usb\usbxhci\osc.c:480) usbxhci: _OSC Query phase - asking what controls are available
[   17.575314] (\drivers\usb\usbxhci\osc.c:234) usbxhci: ACPI _OSC IOCTL failed: 0xC0000034
[   17.583350] (\drivers\usb\usbxhci\osc.c:497) usbxhci: _OSC not available (Status=0xC0000034) - using legacy defaults
[   17.593848] (\drivers\usb\usbxhci\osc.c:401) usbxhci: _OSC: Set legacy defaults (full OS control)
[   17.627144] (\drivers\usb\usbxhci\usbxhci.c:4211) usbxhci: bounce pool ready slots=32 size=65536
[   17.634165] (\drivers\usb\usbport\pnp.c:2537) USBPORT_CreatePdo: HubPdo=FFFFBA4D4B32FC90 DevExt=FFFFBA4D4B32FDE0
[   17.644404] (\ntoskrnl\io\pnpmgr\pnpmgr.c:164) CDDB: set Driver='{36FC9E60-C465-11CF-8056-444553540000}\0004' for critical device (0x00000000)
[   17.656266] (\drivers\usb\usbhub\usbhub.c:963) USBH_SyncGetRootHubPdo: Target=FFFFBA4D4B32FC90 Driver=\Driver\usbxhci StackSize=2
[   17.667578] (\drivers\usb\usbhub\usbhub.c:991) USBH_SyncGetRootHubPdo: Irp=FFFFBA4D4B29ACF0 Major=0f IoCtl=0022000f Arg1=FFFFBA4D4B32F6F0 Arg2=FFFFBA4D4B32F6F8
[   17.681807] (\drivers\usb\usbport\ioctl.c:661) USBPORT_PdoInternalDeviceControl: IOCTL_INTERNAL_USB_GET_ROOTHUB_PDO Pdo=FFFFBA4D4B32FC90 Arg1=FFFFBA4D4B32F6F0 Arg2=FFFFBA4D4B32F6F8
[   17.698484] (\drivers\usb\usbhub\usbhub.c:1273) USBH_GetConfigurationDescriptor: NTSTATUS=0x00000000 wTotalLength=25 FirstBytes=09 02 19 00 01 01
[   17.710877] (\drivers\bus\acpi\main.c:374) Unsupported IOCTL: 32c020
[   17.717721] (\drivers\usb\usbhub\pnp.c:344) USBH_OpenConfiguration: using interface 0 alt 0 Pipes=1 MaxPacket0=8
[   17.727385] (\drivers\usb\usbhub\pnp.c:372) USBH_OpenConfiguration: SelectConfig succeeded (PipeHandle=FFFFBA4D4B330950 wTotalLength=25)
[   17.757940] (\drivers\usb\usbhub\usbhub.c:3695) USBD_RegisterRootHubCallBack: HubExtension - FFFFBA4D4B32F6D0
[   17.764967] (\drivers\usb\usbport\iface.c:1283) USBHI_RootHubInitNotification: stored callback FFFFD922A21415B0 ctx=FFFFBA4D4B32F6D0 seq=1 caller=FFFFD922A2141698
[   17.779458] (\drivers\usb\usbhub\usbhub.c:3711) USBD_RegisterRootHubCallBack: RootHubInitNotification -> 0x00000000
[   17.779464] (\drivers\usb\usbhub\usbhub.c:3143) USBH_SubmitStatusChangeTransfer: HubExtension - FFFFBA4D4B32F6D0, SCEIrp - FFFFBA4D4B216CF0
[   17.789984] (\drivers\usb\usbhub\pnp.c:1190) USBH_FdoQueryBusRelations: NumberPorts - 3
[   17.802411] (\drivers\usb\usbhub\usbhub.c:3143) USBH_SubmitStatusChangeTransfer: HubExtension - FFFFBA4D4B32F6D0, SCEIrp - FFFFBA4D4B216CF0
[   17.928504] (\drivers\usb\usbhub\usbhub.c:3143) USBH_SubmitStatusChangeTransfer: HubExtension - FFFFBA4D4B32F6D0, SCEIrp - FFFFBA4D4B216CF0
[   17.952867] (\drivers\usb\usbhub\usbhub.c:5707) USBH_CreateDevice: Port - 3, UsbPortStatus - 0x1103
[   17.959043] (\drivers\usb\usbhub\usbhub.c:5743) USBH_CreateDevice: PortDevice - FFFFBA4D4B394A70, <\Device\USBPDO-4>
[   17.969520] (\drivers\usb\usbhub\usbhub.c:5745) USBH_CreateDevice: PortExtension - FFFFBA4D4B394BC0
[   18.119314] (\drivers\usb\usbhub\usbhub.c:3143) USBH_SubmitStatusChangeTransfer: HubExtension - FFFFBA4D4B32F6D0, SCEIrp - FFFFBA4D4B216CF0
[   18.142909] (\drivers\usb\usbxhci\usbxhci.c:5018) usbxhci: ResetDeviceOnPort: RESET_DEV succeeded for slot 1 on port 3, now in Default state
[   18.166766] (\drivers\usb\usbhub\usbhub.c:5617) USBH: announcing usb 2-3 port 3 (VID=0781 PID=5591)
[   18.172920] (\drivers\usb\usbhub\usbhub.c:5640) usb 2-3: new super-speed USB device on port 3
[   18.181422] (\drivers\usb\usbhub\usbhub.c:5648) usb 2-3: New USB device found, idVendor=0781, idProduct=5591, bcdDevice=01.00
[   18.192702] (\drivers\usb\usbhub\usbhub.c:5655) usb 2-3: New USB device strings: Mfr=1, Product=2, SerialNumber=3
[   18.204893] (\drivers\usb\usbhub\usbhub.c:5661) usb 2-3: Product:  SanDisk 3.2Gen1
[   18.210488] (\drivers\usb\usbhub\usbhub.c:5666) usb 2-3: Manufacturer:  USB
[   18.217431] (\drivers\usb\usbhub\usbhub.c:5681) usb 2-3: SerialNumber: 01016e01ffd6f47ad7a9a904dc54438de8ee4ed362c463e23b37a4d9b83f12b6b3e3000000000000000000004ca60268000d5400915581077b32dc12
[   18.234769] (\drivers\usb\usbhub\usbhub.c:1273) USBH_GetConfigurationDescriptor: NTSTATUS=0x00000000 wTotalLength=44 FirstBytes=09 02 2c 00 01 01
[   18.248694] (\ntoskrnl\io\pnpmgr\pnpmgr.c:164) CDDB: set Driver='{36FC9E60-C465-11CF-8056-444553540000}\0005' for critical device (0x00000000)
[   18.306924] (\ntoskrnl\io\pnpmgr\pnpmgr.c:164) CDDB: set Driver='{4D36E967-E325-11CE-BFC1-08002BE10318}\0001' for critical device (0x00000000)
[   18.317280] (\drivers\usb\usbstor\disk.c:143) SRB_FUNCTION_CLAIM_DEVICE
[   18.406915] (\ntoskrnl\io\pnpmgr\pnpmgr.c:164) CDDB: set Driver='{a0a588a4-c46f-4b37-b7ea-c82fe89870c6}\0000' for critical device (0x00000000)
[   18.417089] (\drivers\bus\sd\sdbus.c:57) SdBusAddDevice: PhysicalDeviceObject FFFFBA4D4B29DC70
[   18.425402] (\drivers\bus\sd\sdbus.c:133) SdBusAddDevice: FDO FFFFBA4D4B291040 attached to FFFFBA4D4B29DC70
[   18.435713] (\drivers\bus\sd\fdo.c:630) SDHCI: Memory resource at 0x1000fff000 length 0x260
[   18.443440] (\drivers\bus\sd\fdo.c:646) SDHCI: Interrupt vector 305 level 6
[   18.451086] (\drivers\bus\sd\fdo.c:283) SdBusInitializeController: RegisterBase FFFFD922A0C55000
[   18.459146] (\drivers\bus\sd\fdo.c:303) SDHCI: Version 1.02, Caps 0x15e2c832, Caps2 0x8000a577, BaseClock 200000 kHz
[   18.477622] (\drivers\bus\sd\fdo.c:537) SDHCI: SDMA buffer at VA=FFFFD922A0C15000 PA=0x00d5c000 (262144 bytes)
[   18.486021] (\ntoskrnl\io\pnpmgr\pnpmgr.c:164) CDDB: set Driver='{a0a588a4-c46f-4b37-b7ea-c82fe89870c6}\0001' for critical device (0x00000000)
[   18.497766] (\drivers\bus\sd\sdbus.c:57) SdBusAddDevice: PhysicalDeviceObject FFFFBA4D4B29D870
[   18.506091] (\drivers\bus\sd\sdbus.c:133) SdBusAddDevice: FDO FFFFBA4D4B1CFBA0 attached to FFFFBA4D4B29D870
[   18.516385] (\drivers\bus\sd\fdo.c:630) SDHCI: Memory resource at 0x1001100000 length 0x260
[   18.524126] (\drivers\bus\sd\fdo.c:646) SDHCI: Interrupt vector 306 level 7
[   18.531767] (\drivers\bus\sd\fdo.c:283) SdBusInitializeController: RegisterBase FFFFD922A0C0B000
[   18.539832] (\drivers\bus\sd\fdo.c:303) SDHCI: Version 1.02, Caps 0x55e6c832, Caps2 0x8000a527, BaseClock 200000 kHz
[   18.557631] (\drivers\bus\sd\fdo.c:537) SDHCI: SDMA buffer at VA=FFFFD922A0BCB000 PA=0x00da5000 (262144 bytes)
[   18.576853] (\drivers\bus\sd\enum.c:945) SdBusEnumerateCard: CMD8 not supported (SD v1.x, MMC, or SDIO)
[   18.583641] (\drivers\bus\sd\enum.c:966) SdBusEnumerateCard: CMD5 detected SDIO funcs=3 memory=0 OCR=0x30ffff00
[   18.593709] (\drivers\bus\sd\enum.c:1005) SdBusEnumerateCard: SDIO card ready, OCR=0xb0ffff00 funcs=3
[   18.602895] (\drivers\bus\sd\enum.c:1291) SdBusEnumerateCard: RCA = 0x0001
[   18.612116] (\drivers\bus\sd\sdio.c:525) SdBusSdioEnumerateFunctions: CCCR rev=0x43 spec=0x03 cap=0x02 bus_if=0x40 uhs=0x07 CIS=0x0010AC NumFuncs=3
[   18.626248] (\drivers\bus\sd\sdio.c:532) SdBusSdioEnumerateFunctions: Common CIS VID=0x02D0 DID=0x4345 class=0x0C
[   18.633898] (\drivers\bus\sd\sdio.c:556) SdBusSdioEnumerateFunctions: SDIO 4-bit bus enabled
[   18.642607] (\drivers\bus\sd\sdio.c:568) SdBusSdioEnumerateFunctions: SDIO high-speed enabled
[   18.655641] (\drivers\bus\sd\sdio.c:632) SdBusSdioEnumerateFunctions: func 1 std=0x00 ext=0x00 class=0x0C CIS=0x001000 VID=0x02D0 DID=0x4345
[   18.665362] (\drivers\bus\sd\sdio.c:468) SdBusCreateSdioFunctionPdo: func=1 VID=02D0 DID=4345 class=12 PDO=FFFFBA4D4B1CE070
[   18.681559] (\drivers\bus\sd\sdio.c:632) SdBusSdioEnumerateFunctions: func 2 std=0x00 ext=0x00 class=0x0C CIS=0x001038 VID=0x02D0 DID=0x4345
[   18.691277] (\drivers\bus\sd\sdio.c:468) SdBusCreateSdioFunctionPdo: func=2 VID=02D0 DID=4345 class=12 PDO=FFFFBA4D4B1CEAF0
[   18.708082] (\drivers\bus\sd\sdio.c:632) SdBusSdioEnumerateFunctions: func 3 std=0x02 ext=0x00 class=0x02 CIS=0x001070 VID=0x02D0 DID=0x4345
[   18.717801] (\drivers\bus\sd\sdio.c:468) SdBusCreateSdioFunctionPdo: func=3 VID=02D0 DID=4345 class=2 PDO=FFFFBA4D4B326070
[   18.728813] (\drivers\bus\sd\enum.c:1569) SdBusEnumerateCard: Enumeration complete, CardType=5, HighCapacity=0, TotalSectors=0
[   18.740179] (\drivers\bus\sd\enum.c:1604) SdBusProgramClock: Setting transfer clock to 50000 kHz
[   19.346222] (\ntoskrnl\mm\ARM3\sysldr.c:170) Loading: \SystemRoot\system32\drivers\rpi5vc4.sys at FFFFD922A0BAE000 with 14 pages
[   19.495508] (\ntoskrnl\mm\ARM3\sysldr.c:170) Loading: \SystemRoot\system32\drivers\dxgkrnl.sys at FFFFD922A0B7C000 with 32 pages
[   19.763854] (\drivers\directx\dxgkrnl\adapter.c:3376) DXGKRNL: ERROR: DxgkAdapterStart: NO translated resources! (PDO=FFFFBA4D4B3A0900 DOD=0)
[   19.805218] RPI5VC4: HVS IOMMU CTRL=00000000 (enable=0 bypass=0) PT=00000000 MISC=80003ffc DBG=20804774
[   19.811726] RPI5VC4: HVS IOMMU ADDR_CAP=00000fff (disabled, cap=1048320 MB) BYPASS=[00000000..00000fff] ILLEGAL=00000000
[   19.824925] (\drivers\directx\rpi5vc4\rpi5vc4.c:447) RPI5VC4: VideoCore firmware revision 0x69372732
[   19.836339] (\drivers\directx\rpi5vc4\rpi5vc4.c:460) RPI5VC4: V3D clock at 960 MHz
[   19.848341] (\drivers\directx\rpi5vc4\rpi5vc4_v3d.c:390) RPI5VC4: timer resolution granted 10000
[   19.854242] (\drivers\directx\rpi5vc4\rpi5vc4_v3d.c:394) RPI5VC4: init ERR_STAT after clear=00001000
[   19.863356] (\drivers\directx\rpi5vc4\rpi5vc4_v3d.c:404) RPI5VC4: V3D 7.1 online — hub 0x42554856/0x00081117 core 0x07443356, slab GPU VA 0x01000000 (65536 KB)
[   19.877764] (\drivers\directx\rpi5vc4\rpi5vc4_v3d.c:583) RPI5VC4: V3D interrupt connected (INTID 282)
[   19.889764] RPI5VC4: LPTRS@0x110=000002a0 head=672 ctl0=600cc007 ptr1=3f400000 valid=1 match=1
[   19.895543] RPI5VC4: LPTRS@0x03c=ffffffff head=4095 (skip)
[   19.901011] RPI5VC4: takeover OK reg=0x110 head=672 fb=00:3f400000 cursor=0 start=0 count=10
[   19.909954] RPI5VC4: LPTRS@0x110=000002a0 head=672 ctl0=490cc007 ptr1=3f400000 valid=1 match=1
[   19.918013] RPI5VC4: LPTRS@0x03c=ffffffff head=4095 (skip)
[   19.923479] RPI5VC4: takeover OK reg=0x110 head=672 fb=00:3f400000 cursor=0 start=9 count=10
[   19.931896] RPI5VC4: LPTRS@0x110=000002a0 head=672 ctl0=490cc007 ptr1=3f400000 valid=1 match=1
[   19.940483] RPI5VC4: LPTRS@0x03c=ffffffff head=4095 (skip)
[   19.945952] RPI5VC4: takeover OK reg=0x110 head=672 fb=00:3f400000 cursor=0 start=9 count=10
[   20.038814] (\ntoskrnl\mm\ARM3\sysldr.c:170) Loading: \SystemRoot\system32\drivers\softgpu.sys at FFFFD9229AF75000 with 8 pages
[   20.176833] (\drivers\directx\dxgkrnl\adapter.c:3376) DXGKRNL: ERROR: DxgkAdapterStart: NO translated resources! (PDO=FFFFBA4D4B3A06E0 DOD=0)
[   20.186743] (\drivers\directx\softgpu\softgpu.c:370) SOFTGPU: no acquirable boot framebuffer -- declining (none exists, or a real GPU miniport owns the display)
[   20.200954] (\drivers\directx\dxgkrnl\adapter.c:3613) DXGKRNL: ERROR: DxgkAdapterStart: DxgkDdiStartDevice failed 0xC0000182 (IRQs fired during start=0, vec=0 msgbased=0)
[   20.216144] (\ntoskrnl\io\pnpmgr\pnproot.c:1373) IRP_MJ_PNP / Unknown minor function 0x1
[   20.224210] (\ntoskrnl\io\pnpmgr\devaction.c:1936) Removal vetoed by Root\SOFTGPU\0000
[   20.232102] (\ntoskrnl\io\pnpmgr\devaction.c:2057) Removal vetoed by failing the query remove request
[   20.241296] (\ntoskrnl\io\pnpmgr\pnproot.c:1373) IRP_MJ_PNP / Unknown minor function 0x3
[   20.285397] (\ntoskrnl\mm\ARM3\sysldr.c:170) Loading: \SystemRoot\system32\drivers\hidusb.sys at FFFFD92299F6C000 with 9 pages
[   20.422603] (\ntoskrnl\mm\ARM3\sysldr.c:170) Loading: \SystemRoot\system32\drivers\hidclass.sys at FFFFD92299F5E000 with e pages
[   20.561167] (\ntoskrnl\mm\ARM3\sysldr.c:170) Loading: \SystemRoot\system32\drivers\hidparse.sys at FFFFD92299F52000 with c pages
[   20.984818] (\drivers\hid\hidusb\hidusb.c:1957) Status 0
[   20.998087] (\ntoskrnl\io\pnpmgr\pnpmgr.c:164) CDDB: set Driver='{4D36E96F-E325-11CE-BFC1-08002BE10318}\0000' for critical device (0x00000000)
[   21.097965] (\ntoskrnl\mm\ARM3\sysldr.c:170) Loading: \SystemRoot\system32\drivers\mouhid.sys at FFFFD92299F42000 with 8 pages
[   21.188141] (\ntoskrnl\mm\ARM3\sysldr.c:170) Loading: \SystemRoot\system32\drivers\mouclass.sys at FFFFD92299F38000 with a pages
[   21.451924] (\ntoskrnl\mm\ARM3\sysldr.c:170) Loading: \SystemRoot\system32\drivers\fs_rec.sys at FFFFD92299F2E000 with a pages
[   21.715596] (\ntoskrnl\mm\ARM3\sysldr.c:170) Loading: \SystemRoot\system32\drivers\null.sys at FFFFD92299F26000 with 8 pages
[   21.884914] (\ntoskrnl\mm\ARM3\sysldr.c:170) Loading: \SystemRoot\system32\drivers\beep.sys at FFFFD92299F1F000 with 7 pages
[   22.149722] (\ntoskrnl\mm\ARM3\sysldr.c:170) Loading: \SystemRoot\system32\drivers\i8042prt.sys at FFFFD92299F0E000 with 11 pages
[   22.282882] (\ntoskrnl\wmi\smbios.c:172) Could not find the SMBIOS entry point
[   22.287221] (\ntoskrnl\wmi\smbios.c:233) WmipGetRawSMBiosTableData failed: 0xc0000225
[   22.295032] (\drivers\input\i8042prt\hwhacks.c:208) IoWMIOpenBlock failed: 0xc0000225
[   22.425401] (\ntoskrnl\mm\ARM3\sysldr.c:170) Loading: \SystemRoot\system32\drivers\kbdclass.sys at FFFFD92299F03000 with b pages
[   22.680733] (\ntoskrnl\mm\ARM3\sysldr.c:170) Loading: \SystemRoot\system32\drivers\dxgmms1.sys at FFFFD92299EF1000 with 12 pages
[   22.820819] (\drivers\directx\dxgmms1\dxgmms1.c:62) DXGMMS1: DriverEntry: DirectX GPU Memory Manager and Scheduler loading
[   22.828971] (\drivers\directx\dxgmms1\dxgmms1.c:69) DXGMMS1: DriverEntry: dxgmms1 loaded successfully
[   22.860130] (\ntoskrnl\mm\ARM3\sysldr.c:170) Loading: \SystemRoot\system32\drivers\blue.sys at FFFFD92299EE7000 with a pages
[   23.090785] (\ntoskrnl\mm\ARM3\sysldr.c:170) Loading: \SystemRoot\system32\drivers\viogpudo.sys at FFFFD92299EC9000 with 1e pages
[   23.303591] (\ntoskrnl\mm\ARM3\sysldr.c:170) Loading: \SystemRoot\system32\drivers\msfs.sys at FFFFD92299EC2000 with 7 pages
[   23.567028] (\ntoskrnl\mm\ARM3\sysldr.c:170) Loading: \SystemRoot\system32\drivers\npfs.sys at FFFFD92299EAD000 with 15 pages
[   23.711792] (\ntoskrnl\mm\ARM3\sysldr.c:170) Loading: \SystemRoot\system32\drivers\nwifi.sys at FFFFD92299E9C000 with 11 pages
[   23.974665] (\drivers\network\nwifi\nwifi.c:197) NWIFI: DriverEntry
[   23.978093] (\drivers\network\nwifi\control.c:633) NWIFI: control device \Device\Nwifi created
[   23.986637] (\drivers\network\nwifi\nwifi.c:239) NWIFI: DriverEntry succeeded
[   24.091561] (\ntoskrnl\mm\ARM3\sysldr.c:170) Loading: \SystemRoot\system32\drivers\afd.sys at FFFFD92299E82000 with 1a pages
[   24.354992] (\ntoskrnl\mm\ARM3\sysldr.c:170) Loading: \SystemRoot\system32\drivers\netio.sys at FFFFD92299E74000 with e pages
[   24.586185] (\ntoskrnl\io\pnpmgr\pnproot.c:1373) IRP_MJ_PNP / Unknown minor function 0x1
[   24.591395] (\ntoskrnl\io\pnpmgr\devaction.c:1936) Removal vetoed by Root\SOFTGPU\0000
[   24.599287] (\ntoskrnl\io\pnpmgr\devaction.c:2057) Removal vetoed by failing the query remove request
[   24.608482] (\ntoskrnl\io\pnpmgr\pnproot.c:1373) IRP_MJ_PNP / Unknown minor function 0x3
KDB: Executing KDBinit file...
KDB: KDBinit executed
[   24.694843] (\ntoskrnl\io\iomgr\driver.c:309) Deleting driver object '\Driver\KdDriver'
[   24.762559] WARNING:  RtlCreateTagHeap at \sdk\lib\rtl\heap.c:4043 is UNIMPLEMENTED!
[   25.251126] (\base\system\smss\pagefile.c:969) SMSS:PFILE: Volume `\??\C:\' (121) cannot store a paging file
[   25.396132] (\base\system\smss\pagefile.c:969) SMSS:PFILE: Volume `\??\D:\' (121) cannot store a paging file
[   25.518132] (\base\system\smss\pagefile.c:930) SMSS:PFILE: Open volume `\??\E:\' failed with status C000014F
[   25.640239] (\base\system\smss\pagefile.c:930) SMSS:PFILE: Open volume `\??\F:\' failed with status C000014F
[   25.647181] (\base\system\smss\pagefile.c:1048) SMSS:PFILE: No paging-file-capable volumes found
[   25.655946] (\ntoskrnl\config\cmsysini.c:1214) CmpGetRegistryPath: ConfigPath = '\SystemRoot\System32\Config\'
[   25.665960] (\ntoskrnl\config\cmsysini.c:1214) CmpGetRegistryPath: ConfigPath = '\SystemRoot\System32\Config\'
[   25.666107] (\ntoskrnl\config\cmsysini.c:1214) CmpGetRegistryPath: ConfigPath = '\SystemRoot\System32\Config\'
[   25.675907] (\ntoskrnl\config\cmsysini.c:1214) CmpGetRegistryPath: ConfigPath = '\SystemRoot\System32\Config\'
[   25.666019] (\ntoskrnl\config\cmsysini.c:1214) CmpGetRegistryPath: ConfigPath = '\SystemRoot\System32\Config\'
[   25.665989] (\ntoskrnl\config\cmsysini.c:1214) CmpGetRegistryPath: ConfigPath = '\SystemRoot\System32\Config\'
[   25.715852] (\ntoskrnl\config\cmsysini.c:1214) CmpGetRegistryPath: ConfigPath = '\SystemRoot\System32\Config\'
[   25.797080] (\ntoskrnl\mm\ARM3\session.c:846) Session 0 is ready to go: 0xFFFFF97FFF010000 0xFFFFD92299E3C000, 2221 0x0000000000000000
[   25.941242] (\ntoskrnl\mm\ARM3\sysldr.c:170) Loading: \SystemRoot\System32\win32k.sys at FFFFD92299C97000 with 17a pages
[   26.116764] (\ntoskrnl\mm\ARM3\sysldr.c:170) Loading: \SystemRoot\System32\ftfd.dll at FFFFD92299BF5000 with a2 pages
[   26.394649] (\win32ss\gdi\ntgdi\d3dkmt.c:183) DxStartupDxgkInt: Entry
[   26.398247] (\win32ss\reactx\ntddraw\ddraw.c:57) Warning: trying loading xp/2003/windows7/reactos dxg.sys
[   26.539705] (\ntoskrnl\mm\ARM3\sysldr.c:170) Loading: \SystemRoot\System32\drivers\dxg.sys at FFFFD92299BD7000 with b pages
[   26.686497] (\ntoskrnl\mm\ARM3\sysldr.c:170) Loading: \SystemRoot\System32\drivers\dxgthk.sys at FFFFD92299E37000 with 5 pages
[   27.031478] (\win32ss\reactx\ntddraw\ddraw.c:112) DirectX interface is activated
[   27.542463] (\win32ss\user\ntuser\winsta.c:243) err: Invalid window station handle
[   27.547211] (\win32ss\user\ntuser\clipboard.c:31) err: Cannot open winsta
[   27.707777] (\win32ss\user\ntuser\class.c:2396) err: SYSTEMCUR(ARROW) == NULL, should not happen!!
[   27.707785] (\win32ss\user\ntuser\keyboard.c:221) err: NtDeviceIoControlFile() failed, ignored
[   27.713855] (\win32ss\user\ntuser\class.c:2396) err: SYSTEMCUR(ARROW) == NULL, should not happen!!
[   27.731377] (\win32ss\user\ntuser\class.c:2396) err: SYSTEMCUR(ARROW) == NULL, should not happen!!
[   27.740312] (\win32ss\user\ntuser\class.c:2396) err: SYSTEMCUR(ARROW) == NULL, should not happen!!
[   27.749251] (\win32ss\user\ntuser\class.c:2396) err: SYSTEMCUR(ARROW) == NULL, should not happen!!
[   27.758185] (\win32ss\user\ntuser\class.c:2396) err: SYSTEMCUR(ARROW) == NULL, should not happen!!
[   27.769318] (\win32ss\user\ntuser\desktop.c:3395) err: The process 0xFFFFBA4D4B010B30 'winlogon.exe' didn't have an assigned startup desktop before, assigning it now!
[   27.782001] (\win32ss\user\ntuser\desktop.c:3333) err: Attempted to change thread desktop although the thread has windows!
[   27.793140] (\win32ss\user\winsrv\usersrv\init.c:171) We are logged off
[   27.853378] (\ntoskrnl\mm\ARM3\sysldr.c:170) Loading: \SystemRoot\System32\kbdus.dll at FFFFD92299B99000 with 5 pages
[   28.179499] (\base\system\services\services.c:64) CheckSetup()
[   28.182510] (\base\system\services\services.c:108) Running on LiveCD
[   28.188791] (\base\system\services\services.c:130) ReactOS Setup currently in progress!
[   28.470430] WARNING:  HvHiveWillShrink at \sdk\lib\cmlib\hivewrt.c:584 is UNIMPLEMENTED!
[   28.901218] (\win32ss\gdi\eng\mouse.c:811) Failed to lock the DC.
[   28.924355] fixme:(\dll\win32\rpcrt4\rpc_server.c:1736) (0x1000): stub
[   28.943773] (\base\system\services\services.c:185) ScmLogEvent: RegisterEventSourceW failed 1722
[   28.951623] WARNING:  getMacAddress at \base\services\dcomlaunch\network.c:32 is UNIMPLEMENTED!
[   28.958354] (\base\services\dcomlaunch\network.c:136) Failed finding a proper MAC address, will generate seed
[   28.970921] (\base\system\services\services.c:185) ScmLogEvent: RegisterEventSourceW failed 1722
[   29.056377] (\ntoskrnl\mm\ARM3\sysldr.c:170) Loading: \SystemRoot\System32\cdd.dll at FFFFD92299A89000 with 9 pages
[   29.083904] (\base\system\services\services.c:185) ScmLogEvent: RegisterEventSourceW failed 1722
[   29.103933] (\ntoskrnl\mm\ARM3\sysldr.c:170) Loading: \SystemRoot\System32\framebuf.dll at FFFFD92299A89000 with 9 pages
[   29.128265] (\ntoskrnl\mm\ARM3\sysldr.c:170) Loading: \SystemRoot\System32\cdd.dll at FFFFD92299A89000 with 9 pages
[   29.137573] (\win32ss\reactx\ntddraw\dxeng.c:286) ReactX Calling : DxEngGetHdevData, Type: 12
[   29.144315] (\win32ss\reactx\ntddraw\dxeng.c:289) hDev: FFFFDC87CF2DB900
[   29.150998] (\win32ss\reactx\ntddraw\dxeng.c:343) requested DxEGShDevData_display
[   29.158457] (\win32ss\reactx\ntddraw\dxeng.c:376) retVal: 00000001
[   29.164619] (\win32ss\reactx\ntddraw\dxeng.c:286) ReactX Calling : DxEngGetHdevData, Type: 7
[   29.173033] (\win32ss\reactx\ntddraw\dxeng.c:289) hDev: FFFFDC87CF2DB900
[   29.179716] (\win32ss\reactx\ntddraw\dxeng.c:323) requested DxEGShDevData_eddg
[   29.186915] (\win32ss\reactx\ntddraw\dxeng.c:376) retVal: ffffdc87cf2dc010
[   29.193771] (\win32ss\reactx\ntddraw\dxeng.c:286) ReactX Calling : DxEngGetHdevData, Type: 6
[   29.202185] (\win32ss\reactx\ntddraw\dxeng.c:289) hDev: FFFFDC87CF2DB900
[   29.208868] (\win32ss\reactx\ntddraw\dxeng.c:319) requested DxEGShDevData_dhpdev
[   29.216241] (\win32ss\reactx\ntddraw\dxeng.c:376) retVal: ffffdc87cf2da2a0
[   29.223097] (\win32ss\reactx\ntddraw\dxeng.c:534) ReactX Calling : DxEngLockHdev
[   29.230470] (\win32ss\reactx\ntddraw\dxeng.c:536) hDev: FFFFDC87CF2DB900
[   29.237055] RPI5VC4: present #1 moves=0 dirty=1 flip=0 idx=0 scan=3f400000
[   29.237153] (\win32ss\reactx\ntddraw\dxeng.c:286) ReactX Calling : DxEngGetHdevData, Type: 5
[   29.252423] (\win32ss\reactx\ntddraw\dxeng.c:289) hDev: FFFFDC87CF2DB900
[   29.259102] (\win32ss\reactx\ntddraw\dxeng.c:315) requested DxEGShDevData_DrvFuncs
[   29.263069] RPI5VC4: flip ring: 3 x 8100 KB at 00:441db000
[   29.266652] (\win32ss\reactx\ntddraw\dxeng.c:376) retVal: ffffdc87cf2dbc68
[   29.274843] RPI5VC4: LPTRS@0x110=000002a0 head=672 ctl0=490cc007 ptr1=3f400000 valid=1 match=1
[   29.278976] (\win32ss\reactx\ntddraw\dxeng.c:571) ReactX Calling : DxEngUnlockHdev
[   29.287562] RPI5VC4: LPTRS@0x03c=ffffffff head=4095 (skip)
[   29.300577] RPI5VC4: flip OK head=672 -> 00:441db000
[   29.417381] err:(\win32ss\user\user32\windows\cursoricon.c:274) Loading System Cursors
[   29.548772] fixme:(\dll\win32\rpcrt4\rpc_server.c:1736) (0x1000): stub
[   29.555366] err:(\dll\win32\lsasrv\lsarpc.c:1452) LsapOpenDbObject(Accounts/S-1-5-6) failed (Status 0xc0000034)
[   29.573615] RPI5VC4: present #2 moves=0 dirty=1 flip=3 idx=0 scan=441db000
[   29.575832] err:(\win32ss\user\user32\misc\dllmain.c:668) hIconSmWindows 0000000000020070 hIconWindows 000000000002006E 
[   29.580519] RPI5VC4: LPTRS@0x110=000002a0 head=672 ctl0=490cc007 ptr1=441db000 valid=1 match=1
[   29.588463] (\win32ss\user\ntuser\callback.c:1149) err: hIconSmWindows 0000000000020070 hIconWindows 000000000002006E 
[   29.597043] RPI5VC4: LPTRS@0x03c=ffffffff head=4095 (skip)
[   29.608222] (\win32ss\user\ntuser\desktop.c:3333) err: Attempted to change thread desktop although the thread has windows!
[   29.613179] RPI5VC4: flip OK head=672 -> 00:449c4000
[   29.629169] RPI5VC4: present #3 moves=0 dirty=1 flip=3 idx=1 scan=449c4000
[   29.638731] RPI5VC4: LPTRS@0x110=000002a0 head=672 ctl0=490cc007 ptr1=449c4000 valid=1 match=1
[   29.644587] RPI5VC4: LPTRS@0x03c=ffffffff head=4095 (skip)
[   29.650055] RPI5VC4: flip OK head=672 -> 00:451ad000
[   29.918909] RPI5VC4: present #4 moves=0 dirty=1 flip=3 idx=2 scan=451ad000
[   29.927894] RPI5VC4: LPTRS@0x110=000002a0 head=672 ctl0=490cc007 ptr1=451ad000 valid=1 match=1
[   29.933622] RPI5VC4: LPTRS@0x03c=ffffffff head=4095 (skip)
[   29.939085] RPI5VC4: flip OK head=672 -> 00:441db000
[   30.102844] RPI5VC4: present #64 moves=0 dirty=1 flip=3 idx=0 scan=441db000
[   30.107735] RPI5VC4: LPTRS@0x110=000002a0 head=672 ctl0=490cc007 ptr1=441db000 valid=1 match=1
[   30.115515] RPI5VC4: LPTRS@0x03c=ffffffff head=4095 (skip)
[   30.120980] RPI5VC4: takeover OK reg=0x110 head=672 fb=00:441db000 cursor=1 start=9 count=19
[   30.365235] err:(\win32ss\user\user32\windows\window.c:496) CreateWindowExW RegisterSystemControls
[   30.375342] RPI5VC4: present #128 moves=0 dirty=1 flip=3 idx=0 scan=441db000
[   30.385125] RPI5VC4: LPTRS@0x110=000002a0 head=672 ctl0=490cc007 ptr1=441db000 valid=1 match=1
[   30.390852] RPI5VC4: flip OK head=672 -> 00:449c4000
[   30.651335] RPI5VC4: LPTRS@0x110=000002a0 head=672 ctl0=490cc007 ptr1=449c4000 valid=1 match=1
[   30.657067] RPI5VC4: flip OK head=672 -> 00:451ad000
[   30.823761] (\win32ss\user\ntuser\desktop.c:1370) err: ptiLastInput is CLEARED!!
[   30.823976] (\ntoskrnl\config\cmcontrl.c:269) CmpSaveBootControlSet(1)
[   30.834931] (\win32ss\user\ntuser\desktop.c:3333) err: Attempted to change thread desktop although the thread has windows!
[   30.853478] RPI5VC4: LPTRS@0x110=000002a0 head=672 ctl0=490cc007 ptr1=451ad000 valid=1 match=1
[   30.859209] RPI5VC4: flip OK head=672 -> 00:441db000
[   30.872599] RPI5VC4: present #192 moves=0 dirty=1 flip=3 idx=0 scan=441db000
[   30.877370] RPI5VC4: present #256 moves=0 dirty=1 flip=3 idx=0 scan=441db000
[   30.884966] RPI5VC4: LPTRS@0x110=000002a0 head=672 ctl0=490cc007 ptr1=441db000 valid=1 match=1
[   30.892387] RPI5VC4: takeover OK reg=0x110 head=672 fb=00:441db000 cursor=0 start=9 count=10
[   31.409054] V3DSMOKE: rpi5vc4 V3dReady=1 ver=71 slab=64MB gpuva=0x01000000
[   31.413065] (\drivers\directx\dxgkrnl\d3dkmt.c:3488) D3DKMT CREATEALLOC #1 enter
[   31.420436] (\drivers\directx\dxgkrnl\d3dkmt.c:3491) D3DKMT CREATEALLOC #1 exit 0x00000000
[   31.428785] (\drivers\directx\dxgkrnl\d3dkmt.c:3524) D3DKMT LOCK #1 enter hAlloc=0x4d4d414d
[   31.428827] err:(\base\services\wkssvc\wkssvc.c:82) ServiceInit()
[   31.437368] (\drivers\directx\dxgkrnl\vidmm.c:3077) VidMm usermap #1 h=0x4D4D414D va=0000000040520000 resident=1 seg=1 pa=401db000 cache=2
[   31.455478] (\drivers\directx\dxgkrnl\d3dkmt.c:3570) D3DKMT LOCK #1 exit va=0000000040520000
[   31.463951] (\drivers\directx\dxgkrnl\vidsch.c:385) VidSch kick #1 fence=1 node=0 size=64
[   31.472054] (\drivers\directx\rpi5vc4\rpi5vc4_wddm.c:1944) RPI5VC4: submit queued fence=1 node=0 bcl=00000000..00000000
[   31.476149] fixme:(\win32ss\printing\providers\localspl\monitors.c:265) InitializePrintMonitor2 loaded.
[   31.482812] (\drivers\directx\rpi5vc4\rpi5vc4_wddm.c:304) RPI5VC4: V3D job fence=1 EMPTY ranges bcl=00000000..00000000 rcl=01000000..01000000 qts=00000000 — completing without kick
[   31.492403] fixme:(\win32ss\printing\providers\localspl\monitors.c:304) InitializePrintMonitorList Handle 00000000401368E0
[   31.508407] (\drivers\directx\rpi5vc4\rpi5vc4_wddm.c:776) RPI5VC4: report #1 fence=1 node=0
[   31.527751] (\drivers\directx\dxgkrnl\vidsch.c:213) VidSch comp #1 done=1 state=0 pending=0
[   31.536630] err:(\base\services\wkssvc\rpcserver.c:61) RpcServerListen() failed (Status 6b1)
[   31.544539] V3DSMOKE: alloc-relative submit status=0x00000000
[   31.550250] (\drivers\directx\dxgkrnl\d3dkmt.c:3488) D3DKMT CREATEALLOC #2 enter
[   31.557607] (\drivers\directx\dxgkrnl\d3dkmt.c:3491) D3DKMT CREATEALLOC #2 exit 0x00000000
[   31.857853] (\base\system\services\database.c:1836) Service V3dProbe exited without connecting the control pipe
[   31.865061] (\base\system\services\database.c:2107) Connecting control pipe failed! (Error 1053)
[   31.873825] (\base\system\services\database.c:753) ScmRemoveServiceImage() called
[   32.091723] fixme:(\win32ss\printing\providers\localspl\forms.c:234) InitializeFormList
[   32.094758] fixme:(\base\services\browser\browser.c:144) ServiceMain(1 0000000040129DF0)
[   32.097544] fixme:(\win32ss\printing\providers\localspl\printerdrivers.c:788) LocalGetPrinterDriverDirectory((null), Windows ARM64, 1, 00000000419FF168, 520, 00000000419FF164)
[   32.106307] err:(\base\services\browser\rpcserver.c:42) RpcServerListen() failed (Status 6b1)
[   32.186154] fixme:(\win32ss\printing\providers\localspl\printerdrivers.c:832) => L"C:\\ReactOS\\System32\\spool\\drivers\\arm64"
[   32.191213] err:(\base\services\srvsvc\rpcserver.c:64) RpcServerListen() failed (Status 6b1)
[   32.194947] fixme:(\win32ss\printing\providers\localspl\printerdrivers.c:114) DriverPath : C:\ReactOS\System32\spool\drivers\arm64\3\UniDrv.dll
[   32.216741] (\base\services\wuauserv\wuauserv.c:44) WU UpdateServiceStatus(4) called
[   32.249185] (\dll\win32\syssetup\wizard.c:1482) Applying visual theme '(Classic)'
[   32.820091] (\win32ss\user\ntuser\winpos.c:796) err: FIXME: Parent is Desktop, Min off screen!
[   32.826627] err:(\dll\win32\combase\combase.c:1796) class {56fdf344-fd6d-11d0-958a-006097c9a090} not registered
[   32.835911] err:(\dll\win32\combase\combase.c:1874) no class object {56fdf344-fd6d-11d0-958a-006097c9a090} could be created for context 0x1
[   33.493027] RPI5VC4: present #320 moves=0 dirty=1 flip=3 idx=1 scan=449c4000
[   33.497413] RPI5VC4: present #384 moves=0 dirty=1 flip=3 idx=1 scan=449c4000
[   33.512841] RPI5VC4: present #448 moves=0 dirty=1 flip=3 idx=2 scan=451ad000
[   33.517222] RPI5VC4: present #512 moves=0 dirty=1 flip=3 idx=2 scan=451ad000
[   33.532485] RPI5VC4: present #576 moves=0 dirty=1 flip=3 idx=0 scan=441db000
[   34.300756] RPI5VC4: present #640 moves=0 dirty=1 flip=3 idx=2 scan=451ad000
[   34.753661] (\base\services\umpnpmgr\install.c:931) Boot device install: 38 candidate(s), 36 need install
[   34.760347] (\base\services\umpnpmgr\install.c:392) Installing: batch[36 devices]
[   34.775201] (\base\services\umpnpmgr\event.c:103) Removal pending: Root\SOFTGPU\0000
[   34.780067] (\base\services\umpnpmgr\event.c:99) Removal vetoed: Root\SOFTGPU\0000
[   34.787826] (\base\services\umpnpmgr\event.c:103) Removal pending: Root\SOFTGPU\0000
[   34.795338] (\base\services\umpnpmgr\event.c:99) Removal vetoed: Root\SOFTGPU\0000
[   35.221580] (\base\services\umpnpmgr\install.c:526) Installing: ACPI\ACPI0004\0
[   35.226027] (\base\services\umpnpmgr\install.c:526) Installing: ACPI\ACPI0004\1
[   35.233310] (\base\services\umpnpmgr\install.c:526) Installing: ACPI\ACPI0007\0
[   35.240592] (\base\services\umpnpmgr\install.c:526) Installing: ACPI\ACPI0007\1
[   35.247883] (\base\services\umpnpmgr\install.c:526) Installing: ACPI\ACPI0007\2
[   35.255169] (\base\services\umpnpmgr\install.c:526) Installing: ACPI\ACPI0007\3
[   35.262459] (\base\services\umpnpmgr\install.c:526) Installing: ACPI\AMZN0001\1
[   35.269746] (\base\services\umpnpmgr\install.c:526) Installing: ACPI\ARMH0011\0
[   35.277037] (\base\services\umpnpmgr\install.c:526) Installing: ACPI\BRCM5D12\0
[   35.284322] (\base\services\umpnpmgr\install.c:526) Installing: ACPI\BRCM5D12\1
[   35.291612] (\base\services\umpnpmgr\install.c:526) Installing: ACPI\FixedButton\2&ccb86d17&FFB0
[   35.300373] (\base\services\umpnpmgr\install.c:526) Installing: ACPI\PNP0A08\1
[   35.307581] (\base\services\umpnpmgr\install.c:526) Installing: ACPI\PNP0D10\0
[   35.314779] (\base\services\umpnpmgr\install.c:526) Installing: ACPI\PNP0D10\1
[   35.321979] (\base\services\umpnpmgr\install.c:526) Installing: ACPI\PRP0001\0
[   35.329179] (\base\services\umpnpmgr\install.c:526) Installing: ACPI_HAL\PNP0C08\0
[   35.336729] (\base\services\umpnpmgr\install.c:526) Installing: DISPLAY\Default_Monitor\4&00000000&0&00
[   35.346097] (\base\services\umpnpmgr\install.c:526) Installing: DISPLAY\Default_Monitor\4&00000001&0&01
[   35.355471] (\base\services\umpnpmgr\install.c:526) Installing: HID\Vid_413c&Pid_301a\5&68ef529e&2&Col0001
[   35.365098] (\base\services\umpnpmgr\install.c:526) Installing: HTREE\ROOT\0
[   35.372127] (\base\services\umpnpmgr\install.c:526) Installing: Root\ACPI_HAL\0000
[   35.379675] (\base\services\umpnpmgr\install.c:526) Installing: SD\VID_0003&PID_FF00\00000000_00000000_B0FEFF00
[   35.389744] (\base\services\umpnpmgr\install.c:526) Installing: SDIO\VEN_02D0&DEV_4345&FUNC_1\00000000_00000000_02D0_4345_FUNC_1
[   35.401283] (\base\services\umpnpmgr\install.c:526) Installing: SDIO\VEN_02D0&DEV_4345&FUNC_2\00000000_00000000_02D0_4345_FUNC_2
[   35.412822] (\base\services\umpnpmgr\install.c:526) Installing: SDIO\VEN_02D0&DEV_4345&FUNC_3\00000000_00000000_02D0_4345_FUNC_3
[   35.424360] (\base\services\umpnpmgr\install.c:526) Installing: STORAGE\Partition\6&3c4bbb55&S00000000_O100000_L2ff00000
[   35.435208] (\base\services\umpnpmgr\install.c:526) Installing: STORAGE\Partition\6&87aea797&S9df3f58f-f8ad-4f63-9de5-0e0a91c4e2a0S_O100000_L10400000
[   35.448568] (\base\services\umpnpmgr\install.c:526) Installing: STORAGE\Partition\6&87aea797&S9df3f58f-f8ad-4f63-9de5-0e0a91c4e2a0S_O10500000_L1000000
[   35.462016] (\base\services\umpnpmgr\install.c:526) Installing: STORAGE\Partition\6&87aea797&S9df3f58f-f8ad-4f63-9de5-0e0a91c4e2a0S_O11500000_L7c0000000
[   35.475639] (\base\services\umpnpmgr\install.c:526) Installing: USB\ROOT_HUB\3&cc8c31f5
[   35.483616] (\base\services\umpnpmgr\install.c:526) Installing: USB\ROOT_HUB\3&d59700b4
[   35.491605] (\base\services\umpnpmgr\install.c:526) Installing: USB\Vid_0781&Pid_5581\0901da96cc5f2a6e98145c166ee0bf8579199debc6f1126c17dcbe55724e3388e11a00000000000000000000897c8cadff082920815581076e327e7a
[   35.491927] (\base\services\umpnpmgr\rpcserver.c:3673) PNP_SetDeviceProblem(000000004012B280 ACPI\ACPI0004\0 28 0x00000001)
[   35.509913] (\base\services\umpnpmgr\install.c:526) Installing: USB\Vid_0781&Pid_5591\01016e01ffd6f47ad7a9a904dc54438de8ee4ed362c463e23b37a4d9b83f12b6b3e3000000000000000000004ca60268000d5400915581077b32dc12
[   35.521058] (\base\services\umpnpmgr\rpcserver.c:277) SetDeviceStatus(ACPI\ACPI0004\0 0x400 0x1c)
[   35.539321] (\base\services\umpnpmgr\install.c:526) Installing: USB\Vid_413c&Pid_301a\4&83bb0d7e&2
[   35.548181] (\ntoskrnl\io\pnpmgr\plugplay.c:983) Set status data is NOT SUPPORTED
[   35.557111] (\base\services\umpnpmgr\install.c:526) Installing: USBSTOR\Disk&Ven__USB____&Prod__SanDisk_3.2Gen1&Rev_1.00\5&955e2bc9&01016e01ffd6f47ad7a9a904dc54438de8ee4ed362c463e23b37a4d9b83f12b6b3e3000000000000000000004ca60268000d5400915581077b32dc12&0
[   35.567645] (\base\services\umpnpmgr\rpcserver.c:3673) PNP_SetDeviceProblem(000000004012B280 ACPI\ACPI0004\1 28 0x00000001)
[   35.587047] (\base\services\umpnpmgr\install.c:526) Installing: USBSTOR\Disk&Ven__USB____&Prod__SanDisk_3.2Gen1&Rev_1.00\5&bb7f1351&0901da96cc5f2a6e98145c166ee0bf8579199debc6f1126c17dcbe55724e3388e11a00000000000000000000897c8cadff082920815581076e327e7a&0
[   35.598168] (\base\services\umpnpmgr\rpcserver.c:277) SetDeviceStatus(ACPI\ACPI0004\1 0x400 0x1c)
[   35.629476] (\ntoskrnl\io\pnpmgr\plugplay.c:983) Set status data is NOT SUPPORTED
[   36.220063] (\base\services\umpnpmgr\rpcserver.c:3673) PNP_SetDeviceProblem(000000004012B280 ACPI\BRCM5D12\0 28 0x00000001)
[   36.228352] (\base\services\umpnpmgr\rpcserver.c:277) SetDeviceStatus(ACPI\BRCM5D12\0 0x400 0x1c)
[   36.237182] (\ntoskrnl\io\pnpmgr\plugplay.c:983) Set status data is NOT SUPPORTED
[   36.245768] (\base\services\umpnpmgr\rpcserver.c:3673) PNP_SetDeviceProblem(000000004012B280 ACPI\BRCM5D12\1 28 0x00000001)
[   36.255755] (\base\services\umpnpmgr\rpcserver.c:277) SetDeviceStatus(ACPI\BRCM5D12\1 0x400 0x1c)
[   36.264598] (\ntoskrnl\io\pnpmgr\plugplay.c:983) Set status data is NOT SUPPORTED
[   36.553285] (\ntoskrnl\io\pnpmgr\devaction.c:2657) NOTE: attempt to start an already started/uninitialized device ACPI\PNP0A08\1
[   36.699221] (\ntoskrnl\io\pnpmgr\devaction.c:2657) NOTE: attempt to start an already started/uninitialized device ACPI\PNP0D10\0
[   36.844029] (\ntoskrnl\io\pnpmgr\devaction.c:2657) NOTE: attempt to start an already started/uninitialized device ACPI\PNP0D10\1
[   37.008498] (\ntoskrnl\mm\ARM3\sysldr.c:170) Loading: \SystemRoot\System32\drivers\rp1gem.sys at FFFFD92298040000 with c pages
[   37.036169] NDIS6-INIT: NdisAllocateBufferPool -> 0x00000000, handle=0000000000000000
[   37.041111] NDIS6-INIT: NdisAllocatePacketPool -> 0x00000000, handle=FFFFBA4D4A50F000
[   37.049207] NDIS6: InitializeEx → driver (adapter=FFFFBA4D4A5141C0 pdo=FFFFBA4D4B29D070 fdo=FFFFBA4D4A514070 next=FFFFBA4D4B29D070)
[   37.064520] NDIS6: NdisMRegisterInterruptEx vec=261 irql=12 affinity=0x1 mode=Level share=1
[   37.069984] NDIS6: IoConnectInterrupt -> 0x00000000, KINTERRUPT=FFFFBA4D4B4413B0
[   37.077419] NDIS6: adapter FFFFBA4D4A5141C0 MAC 2c:cf:67:dd:90:9a connect=2
[   37.084363] NDIS6: InitializeEx returned 0x00000000 (ctx=FFFFBA4D4A50A000)
[   37.091157] (\drivers\network\nwifi\protocol.c:248) NWIFI: BindAdapterEx '\Device\{9c381d64-dd79-4273-bce0-4bbc2c27f5c7}'
[   37.102088] (\drivers\network\nwifi\protocol.c:253) NWIFI: skipping non-dot11 medium 0
[   37.247851] (\ntoskrnl\io\pnpmgr\devaction.c:2657) NOTE: attempt to start an already started/uninitialized device ACPI_HAL\PNP0C08\0
[   37.329314] RPI5VC4: present #704 moves=0 dirty=1 flip=3 idx=1 scan=449c4000
[   37.541139] (\ntoskrnl\io\pnpmgr\devaction.c:2657) NOTE: attempt to start an already started/uninitialized device HID\Vid_413c&Pid_301a\5&68ef529e&2&Col0001
[   37.688413] (\ntoskrnl\io\pnpmgr\devaction.c:2657) NOTE: attempt to start an already started/uninitialized device Root\ACPI_HAL\0000
[   37.830616] (\base\services\umpnpmgr\rpcserver.c:3673) PNP_SetDeviceProblem(000000004012B280 SD\VID_0003&PID_FF00\00000000_00000000_B0FEFF00 28 0x00000001)
[   37.841678] (\base\services\umpnpmgr\rpcserver.c:277) SetDeviceStatus(SD\VID_0003&PID_FF00\00000000_00000000_B0FEFF00 0x400 0x1c)
[   37.853287] (\ntoskrnl\io\pnpmgr\plugplay.c:983) Set status data is NOT SUPPORTED
[   38.005636] (\ntoskrnl\mm\ARM3\sysldr.c:170) Loading: \SystemRoot\System32\drivers\cyw43455.sys at FFFFD92298032000 with e pages
[   38.028437] NDIS6-INIT: NdisAllocateBufferPool -> 0x00000000, handle=0000000000000000
[   38.033390] NDIS6-INIT: NdisAllocatePacketPool -> 0x00000000, handle=FFFFBA4D4B59F000
[   38.041225] NDIS6: InitializeEx → driver (adapter=FFFFBA4D4B59E1C0 pdo=FFFFBA4D4B1CE070 fdo=FFFFBA4D4B59E070 next=FFFFBA4D4B1CE070)
[   38.273223] NDIS6: adapter FFFFBA4D4B59E1C0 MAC b8:27:eb:74:f2:6c connect=2
[   38.277366] NDIS6: InitializeEx returned 0x00000000 (ctx=FFFFBA4D4B5A4000)
[   38.284186] (\drivers\network\nwifi\protocol.c:248) NWIFI: BindAdapterEx '\Device\{0adabbcb-b4f8-4d9f-88e3-db0ceb3795da}'
[   38.295512] NDIS6: seeded TCPIP registry for \Device\{B1D2C3E4-5F6A-4B8C-9D0E-02524F535731}
[   38.303444] NDIS6: InitializeEx → driver (adapter=FFFFBA4D4B8071C0 pdo=FFFFBA4D4B807070 fdo=FFFFBA4D4B807070 next=0000000000000000)
[   38.315421] (\drivers\network\nwifi\miniport.c:117) NWIFI: MiniportInitializeEx interface 0
[   38.323740] NDIS6: adapter FFFFBA4D4B8071C0 MAC b8:27:eb:74:f2:6c connect=2
[   38.330681] NDIS6: InitializeEx returned 0x00000000 (ctx=FFFFBA4D4B634C70)
[   38.337531] NDIS6: Restart → driver
[   38.341175] (\drivers\network\nwifi\miniport.c:210) NWIFI: MiniportRestartEx interface 0
[   38.349250] NDIS6: LINK_STATE adapter=FFFFBA4D4B8071C0 connect=2 rx=18446744073709551615 tx=18446744073709551615
[   38.359395] NDIS6: RestartHandler returned 0x00000000
[   38.364432] (\drivers\network\nwifi\protocol.c:248) NWIFI: BindAdapterEx '\Device\{B1D2C3E4-5F6A-4B8C-9D0E-02524F535731}'
[   38.375360] (\drivers\network\nwifi\protocol.c:253) NWIFI: skipping non-dot11 medium 0
[   38.383261] (\drivers\network\nwifi\protocol.c:383) NWIFI: bound interface 0 MAC b8:27:eb:74:f2:6c
[   38.526060] (\base\services\umpnpmgr\rpcserver.c:3673) PNP_SetDeviceProblem(000000004012B280 SDIO\VEN_02D0&DEV_4345&FUNC_2\00000000_00000000_02D0_4345_FUNC_2 28 0x00000001)
[   38.538605] (\base\services\umpnpmgr\rpcserver.c:277) SetDeviceStatus(SDIO\VEN_02D0&DEV_4345&FUNC_2\00000000_00000000_02D0_4345_FUNC_2 0x400 0x1c)
[   38.551687] (\ntoskrnl\io\pnpmgr\plugplay.c:983) Set status data is NOT SUPPORTED
[   38.691614] (\base\services\umpnpmgr\rpcserver.c:3673) PNP_SetDeviceProblem(000000004012B280 SDIO\VEN_02D0&DEV_4345&FUNC_3\00000000_00000000_02D0_4345_FUNC_3 28 0x00000001)
[   38.704155] (\base\services\umpnpmgr\rpcserver.c:277) SetDeviceStatus(SDIO\VEN_02D0&DEV_4345&FUNC_3\00000000_00000000_02D0_4345_FUNC_3 0x400 0x1c)
[   38.717241] (\ntoskrnl\io\pnpmgr\plugplay.c:983) Set status data is NOT SUPPORTED
[   39.002740] (\ntoskrnl\io\pnpmgr\devaction.c:2657) NOTE: attempt to start an already started/uninitialized device USB\ROOT_HUB\3&cc8c31f5
[   39.149512] (\ntoskrnl\io\pnpmgr\devaction.c:2657) NOTE: attempt to start an already started/uninitialized device USB\ROOT_HUB\3&d59700b4
[   39.295701] (\ntoskrnl\io\pnpmgr\devaction.c:2657) NOTE: attempt to start an already started/uninitialized device USB\Vid_0781&Pid_5581\0901da96cc5f2a6e98145c166ee0bf8579199debc6f1126c17dcbe55724e3388e11a00000000000000000000897c8cadff082920815581076e327e7a
[   39.452395] (\ntoskrnl\io\pnpmgr\devaction.c:2657) NOTE: attempt to start an already started/uninitialized device USB\Vid_0781&Pid_5591\01016e01ffd6f47ad7a9a904dc54438de8ee4ed362c463e23b37a4d9b83f12b6b3e3000000000000000000004ca60268000d5400915581077b32dc12
[   39.609792] (\ntoskrnl\io\pnpmgr\devaction.c:2657) NOTE: attempt to start an already started/uninitialized device USB\Vid_413c&Pid_301a\4&83bb0d7e&2
[   39.775635] (\dll\win32\storprop\disk.c:63) DiskClassInstaller(23 00000000401335F0 0000000040136780)
[   39.782104] (\dll\win32\storprop\disk.c:63) DiskClassInstaller(24 00000000401335F0 0000000040136780)
[   39.791156] (\dll\win32\storprop\disk.c:63) DiskClassInstaller(28 00000000401335F0 0000000040136780)
[   39.800264] (\dll\win32\storprop\disk.c:63) DiskClassInstaller(29 00000000401335F0 0000000040136780)
[   39.809390] (\dll\win32\storprop\disk.c:63) DiskClassInstaller(21 00000000401335F0 0000000040136780)
[   39.818908] (\dll\win32\storprop\disk.c:63) DiskClassInstaller(34 00000000401335F0 0000000040136780)
[   39.828006] (\dll\win32\storprop\disk.c:63) DiskClassInstaller(32 00000000401335F0 0000000040136780)
[   39.837521] (\dll\win32\storprop\disk.c:63) DiskClassInstaller(2 00000000401335F0 0000000040136780)
[   39.849129] (\ntoskrnl\io\pnpmgr\devaction.c:2657) NOTE: attempt to start an already started/uninitialized device USBSTOR\Disk&Ven__USB____&Prod__SanDisk_3.2Gen1&Rev_1.00\5&955e2bc9&01016e01ffd6f47ad7a9a904dc54438de8ee4ed362c463e23b37a4d9b83f12b6b3e3000000000000000000004ca60268000d5400915581077b32dc12&0
[   39.873901] (\dll\win32\storprop\disk.c:63) DiskClassInstaller(30 00000000401335F0 0000000040136780)
[   39.882262] (\dll\win32\storprop\disk.c:63) DiskClassInstaller(12 00000000401335F0 0000000040136780)
[   39.894842] (\dll\win32\storprop\disk.c:63) DiskClassInstaller(23 00000000401335F0 0000000040136780)
[   39.901262] (\dll\win32\storprop\disk.c:63) DiskClassInstaller(24 00000000401335F0 0000000040136780)
[   39.910368] (\dll\win32\storprop\disk.c:63) DiskClassInstaller(28 00000000401335F0 0000000040136780)
[   39.919472] (\dll\win32\storprop\disk.c:63) DiskClassInstaller(29 00000000401335F0 0000000040136780)
[   39.928581] (\dll\win32\storprop\disk.c:63) DiskClassInstaller(21 00000000401335F0 0000000040136780)
[   39.938084] (\dll\win32\storprop\disk.c:63) DiskClassInstaller(34 00000000401335F0 0000000040136780)
[   39.947181] (\dll\win32\storprop\disk.c:63) DiskClassInstaller(32 00000000401335F0 0000000040136780)
[   39.956607] (\dll\win32\storprop\disk.c:63) DiskClassInstaller(2 00000000401335F0 0000000040136780)
[   39.968147] (\ntoskrnl\io\pnpmgr\devaction.c:2657) NOTE: attempt to start an already started/uninitialized device USBSTOR\Disk&Ven__USB____&Prod__SanDisk_3.2Gen1&Rev_1.00\5&bb7f1351&0901da96cc5f2a6e98145c166ee0bf8579199debc6f1126c17dcbe55724e3388e11a00000000000000000000897c8cadff082920815581076e327e7a&0
[   39.992902] (\dll\win32\storprop\disk.c:63) DiskClassInstaller(30 00000000401335F0 0000000040136780)
[   40.001279] (\dll\win32\storprop\disk.c:63) DiskClassInstaller(12 00000000401335F0 0000000040136780)
[   40.034075] (\win32ss\user\ntuser\desktop.c:1370) err: ptiLastInput is CLEARED!!
[   40.106432] (\ntoskrnl\mm\ARM3\sysldr.c:170) Loading: \SystemRoot\System32\drivers\tcpip.sys at FFFFD92297FE9000 with 40 pages
[   40.133348] NDIS6: Restart → driver
[   40.134127] NDIS6: RestartHandler returned 0x00000000
[   40.139404] NDIS6: Restart → driver
[   40.142802] NDIS6: RestartHandler returned 0x00000000
[   40.165468] (\base\services\dhcpcsvc\dhcp\api.c:58) RpcServerListen() failed (Status 6b1)
[   40.185659] fixme:(\dll\win32\rpcrt4\rpc_server.c:1736) (0x1000): stub
[   40.206171] (\dll\win32\syssetup\install.c:1177) LIVECD: RegistrationPhase2 begin
[   40.334764] NDIS6: LINK_STATE adapter=FFFFBA4D4A5141C0 connect=1 rx=1000000000 tx=1000000000
[   40.378511] (\win32ss\user\winsrv\usersrv\init.c:152) GetThreadConsoleDesktop(484) failed with Status 0xc0000008
[   40.493827] fixme:(\dll\win32\shdocvw\shdocvw_main.c:222) (TRUE, (null)): stub!
[   40.535518] RPI5VC4: present #768 moves=0 dirty=1 flip=3 idx=2 scan=451ad000
[   41.058795] 
*** Assertion failed: Pfn1
***   Source File: \ntoskrnl\mm\freelist.c, line 507

Break repeatedly, break Once, Ignore, terminate Process or terminate Thread (boipt)? 
kdb:> Break re
[*] KDBG prompt detected (serial debugger prompt); dumping state

[*] KDBG << regs

[*] KDBG << bt
peatedly, break Once, Ignore, terminate Process or terminate Thread (boipt)? 
kdb:> Break repeatedly, break Once, Ignore, terminate Process or terminate Thread (boipt)? 
kdb:> Break repeatedly, break Once, Ignore, terminate Process or terminate Thread (boipt)? 
kdb:> Break repeatedly, break Once, Ignore, terminate Process or terminate Thread (boipt)? 
kdb:> 