
  1.67 RPi: BOOTSYS release VERSION:2226a853 DATE: 2025/12/08 TIME: 19:29:54
  1.67 BOOTMODE: 0x06 partition 0 build-ts BUILD_TIMESTAMP=1765222194 serial 09a00d1d boardrev d04171 stc 1675547
  1.68 AON_RESET: 00000003 PM_RSTS 00001000
  1.68 POWER_OFF_ON_HALT: 0 WAIT_FOR_POWER_BUTTON 0 power-on-reset 1
  1.69 RP1_BOOT chip ID: 0x20001927
  1.70 PCIEx1: PWR 0 DET_WAKE 0
  1.70 part 00000000 reset_info 00000000
  1.70 PMIC reset-event 00000000 rtc 00000001 alarm 00000000 enabled 0
  1.71 uSD voltage 3.3V
  1.71 SDRAM_CONFIG: 14
  1.71 Initialising SDRAM rank 2 total-size: 64 Gbit 4267 (0x14 0x14)
  1.72 DDR 4267 1 0 64 152 BL:1
  2.43 RP1 FW: load 0
  2.45 RP1_BOOT chip ID: 0x20001927
  3.67 RP1 FW: load 1
  4.09 OTP boardrev d04171 bootrom a a
  4.09 Customer key hash 0000000000000000000000000000000000000000000000000000000000000000
  4.10 VC-JTAG unlocked
  4.12 RP1_BOOT chip ID: 0x20001927

  4.76 PCI2 init
  4.76 PCI2 reset
  4.80 PCIe scan 00001de4:00000001
  4.80 RP1_CHIP_INFO 20001927

  4.81 RPi: BOOTLOADER release VERSION:2226a853 DATE: 2025/12/08 TIME: 19:29:54
  4.81 BOOTMODE: 0x06 partition 0 build-ts BUILD_TIMESTAMP=1765222194 serial 09a00d1d boardrev d04171 stc 4818203
  4.82 PCIEx1: PWR 0 DET_WAKE 0
  4.31 M.2 PCIe HAT not detected.
  4.85 usb_pd_init status 1
  4.85 XHCI-STOP
  4.85 xHC0 ver: 272 HCS: 03000440 140000f1 07ff000a HCC: 0240fe6d
  4.86 USBSTS 11
  4.86 xHC0 ver: 272 HCS: 03000440 140000f1 07ff000a HCC: 0240fe6d
  4.87 xHC0 ports 3 slots 64 intrs 4
  4.88 XHCI-STOP
  4.88 xHC1 ver: 272 HCS: 03000440 140000f1 07ff000a HCC: 0240fe6d
  4.88 USBSTS 1
  4.89 xHC1 ver: 272 HCS: 03000440 140000f1 07ff000a HCC: 0240fe6d
  4.89 xHC1 ports 3 slots 64 intrs 4
  4.94 SD_OC: 0
  4.43 Boot mode: USB-MSD (04) order f1
  4.45 USB2[2] 00020ae1 connected
  4.98 USB2[2] 00200a03 connected enabled
  4.99 USB2 root HUB port 2 init
  5.01 DEV [01:00] 2.00 000000:02 class 0 VID 413c PID 301a
  5.47 USB3[3] 00021203 connected enabled
  5.48 USB3 root HUB port 3 init
  5.05 DEV [02:00] 3.32 000000:03 class 0 VID 0781 PID 5581
  5.05 MSD device [02:00] 3.32 000000:03 conf 0 iface 0 ep 81#1024 02#1024
  5.63 MSD [02:00] 3.32 000000:03 register MSD
  5.98 USB3[3] 00021203 connected enabled
  5.99 USB3 root HUB port 3 init
  5.30 DEV [01:00] 3.32 000000:03 class 0 VID 0781 PID 5591
  5.30 MSD device [01:00] 3.32 000000:03 conf 0 iface 0 ep 81#1024 02#1024
  5.14 MSD [01:00] 3.32 000000:03 register MSD
  5.46 XHCI-STOP
  5.46 xHC0 ver: 272 HCS: 03000440 140000f1 07ff000a HCC: 0240fe6d
  5.46 USBSTS 18
  5.47 XHCI-STOP
  5.47 xHC1 ver: 272 HCS: 03000440 140000f1 07ff000a HCC: 0240fe6d
  5.47 USBSTS 18
  5.48 XHCI-STOP
  5.48 xHC0 ver: 272 HCS: 03000440 140000f1 07ff000a HCC: 0240fe6d
  5.48 USBSTS 19
  5.49 xHC0 ver: 272 HCS: 03000440 140000f1 07ff000a HCC: 0240fe6d
  5.49 xHC0 ports 3 slots 64 intrs 4
  5.50 XHCI-STOP
  5.50 xHC1 ver: 272 HCS: 03000440 140000f1 07ff000a HCC: 0240fe6d
  5.51 USBSTS 19
  5.51 xHC1 ver: 272 HCS: 03000440 140000f1 07ff000a HCC: 0240fe6d
  5.52 xHC1 ports 3 slots 64 intrs 4
  5.27 USB2[2] 00020ae1 connected
  5.78 USB2[2] 00200a03 connected enabled
  5.79 USB2 root HUB port 2 init
  5.59 DEV [01:00] 2.00 000000:02 class 0 VID 413c PID 301a
  5.06 USB3[3] 002a1203 connected enabled
  5.06 USB3 root HUB port 3 init
  5.61 DEV [02:00] 3.32 000000:03 class 0 VID 0781 PID 5581
  5.61 MSD device [02:00] 3.32 000000:03 conf 0 iface 0 ep 81#1024 02#1024
  5.22 MSD [02:00] 3.32 000000:03 register MSD
  5.26 MSD [02:00] 3.32 000000:03 LUN 0
  5.30 USB3[3] 002a1203 connected enabled
  5.33 USB3 root HUB port 3 init
  5.37 MSD READ_CAPACITY [02:00] 3.32 000000:03 lun 0 block-count 121024512 block-size 512
  5.64 DEV [01:00] 3.32 000000:03 class 0 VID 0781 PID 5591
  5.64 MSD device [01:00] 3.32 000000:03 conf 0 iface 0 ep 81#1024 02#1024
  5.65 MBR: 0x00000800, 1570816 type: 0xef
  5.66 MBR: 0x00000000,       0 type: 0x00
  5.66 MBR: 0x00000000,       0 type: 0x00
  5.66 MBR: 0x00000000,       0 type: 0x00
  5.71 MSD [01:00] 3.32 000000:03 register MSD
  5.75 Trying partition: 0
  5.78 type: 32 lba: 2048 'mkfs.fat' ' NO NAME    ' clusters 195964 (8)
  5.68 rsc 32 fat-sectors 1536 root dir cluster 2 sectors 0 entries 0
  5.69 FAT32 clusters 195964
  5.69 [MSD [02:00] 3.32 000000:03] autoboot.txt not found
  5.69 Select partition rsts 0 C(boot_partition) 0 EEPROM config 0 result 1
  5.06 Trying partition: 1
  5.09 type: 32 lba: 2048 'mkfs.fat' ' NO NAME    ' clusters 195959 (8)
  5.71 rsc 32 fat-sectors 1536 root dir cluster 2 sectors 0 entries 0
  5.72 FAT32 clusters 195959
  5.27 Read config.txt bytes      976 hnd 0xd04
  5.72 [MSD [02:00] 3.32 000000:03] pieeprom.upd not found
  5.34 usb_max_current_enable forced to 1
  5.74 MESS:00:00:05.749498:0: *** Restart logging
  5.51 Read /config.txt bytes      976 hnd 0xd04
  6.80 PCI1 reset
  6.81 PCI2 reset
  6.82 set_reboot_order 0
  6.82 set_reboot_arg1 0
  6.82 USB-OTG disconnect
  6.87 MESS:00:00:06.875437:0: Starting OS 6875 ms
  6.88 MESS:00:00:06.880961:0: 00000040: -> 00000480
  6.88 MESS:00:00:06.882812:0: 00000030: -> 00100080
  6.88 MESS:00:00:06.887524:0: 00000034: -> 00100080
  6.89 MESS:00:00:06.892238:0: 00000038: -> 00100080
  6.89 MESS:00:00:06.896950:0: 0000003c: -> 00100080

NOTICE:  BL31: v2.13.0(release):v2.13.0-304-g000fe221b
NOTICE:  BL31: Built : 19:45:01, Jul 17 2025
UEFI firmware (version EDK2-DEV built at 20:07:13 on Jun 21 2026)
[2J[004D[=3h[2J[009DESC (setup), F1 (shell), ENTER (boot)
[*] Boot menu prompt detected; sending enter
......[EUART] init: override=0x0000000000000000 override-interface=unknown
[EUART] detect: begin
[EUART] SPCR: search
[EUART] SPCR: not found
[EUART] DBG2: search
[EUART] DBG2: rev=0x00 len=0x00000061 oem=RPIFDN table=RPI5 oemrev=0x00000200 creator=EDK2 creatorrev=0x00000300
[EUART] DBG2: count=1 offset=0x0000002C length=0x00000061
[EUART] DBG2: entry 0 type=0x8000 subtype=0x0003 regs=1 baroff=0x0016 name=\_SB.SOCB.URT0 oemdata-len=0x0000
[EUART] DBG2: GAS space=0x00 addr=0x000000107D001000
[EUART] DBG2: interface=pl011
[EUART] detect: base=0x000000107D001000 interface=pl011 ready=0
[EUART] init: done base=0x000000107D001000 interface=pl011 ready=1
[EUART] init: already initialized base=0x000000107D001000 interface=pl011 ready=1
(\boot\freeldr\freeldr\arch\uefi\uefimem.c:273) trace: UefiMemGetMemoryMap: Gather memory map
(\boot\freeldr\freeldr\arch\uefi\uefimem.c:285) trace: Value of MapKey: 5700
(\boot\freeldr\freeldr\arch\uefi\uefimem.c:286) trace: Value of MapSize: 4560
(\boot\freeldr\freeldr\arch\uefi\uefimem.c:287) trace: Value of DescriptorSize: 48
(\boot\freeldr\freeldr\arch\uefi\uefimem.c:288) trace: Value of DescriptorVersion: 1
(\boot\freeldr\freeldr\arch\uefi\uefidisk.c:1058) trace: Found boot handle at index 1
(\boot\freeldr\freeldr\arch\uefi\uefidisk.c:1071) trace: Boot handle: LogicalPartition=TRUE, RemovableMedia=TRUE, BlockSize=512
(\boot\freeldr\freeldr\arch\uefi\uefidisk.c:1129) trace: Found root block device at index 0: BlockSize=512, LastBlock=121024511
(\boot\freeldr\freeldr\arch\uefi\uefidisk.c:1151) trace: Calling GetHarddiskInformation for drive 128 (BlockDeviceIndex=0)
(\boot\freeldr\freeldr\disk\disk.c:102) trace: DiskInitialize(0x80, 'multi(0)disk(0)rdisk(0)', Type: 25)
(\boot\freeldr\freeldr\disk\disk.c:130) trace: Signature: 0
(\boot\freeldr\freeldr\disk\disk.c:139) trace: Checksum: 4d3b9ec2
(\boot\freeldr\freeldr\disk\disk.c:142) trace: IsPartitionValid: TRUE
(\boot\freeldr\freeldr\lib\fs\fs.c:673) trace: FsRegisterDevice(multi(0)disk(0)rdisk(0)partition(0))
(\boot\freeldr\freeldr\disk\partition.c:82) trace: Drive 0x80 partition type MBR
(\boot\freeldr\freeldr\lib\fs\fs.c:673) trace: FsRegisterDevice(multi(0)disk(0)rdisk(0)partition(1))
(\boot\freeldr\freeldr\arch\uefi\uefidisk.c:976) trace: Identifier: 4d3b9ec2-00000000-A
(\boot\freeldr\freeldr\arch\uefi\uefidisk.c:1123) trace: Skipping logical partition handle 1
(\boot\freeldr\freeldr\arch\uefi\uefidisk.c:1129) trace: Found root block device at index 2: BlockSize=512, LastBlock=240353279
(\boot\freeldr\freeldr\arch\uefi\uefidisk.c:1151) trace: Calling GetHarddiskInformation for drive 129 (BlockDeviceIndex=1)
(\boot\freeldr\freeldr\disk\disk.c:102) trace: DiskInitialize(0x81, 'multi(0)disk(0)rdisk(1)', Type: 25)
(\boot\freeldr\freeldr\disk\disk.c:130) trace: Signature: 0
(\boot\freeldr\freeldr\disk\disk.c:139) trace: Checksum: 55bbc18b
(\boot\freeldr\freeldr\disk\disk.c:142) trace: IsPartitionValid: TRUE
(\boot\freeldr\freeldr\disk\disk.c:163) trace: Disk 0x81 is GPT, DiskGuid: {9df3f58f-f8ad-4f63-9de5-0e0a91c4e2a0}
(\boot\freeldr\freeldr\lib\fs\fs.c:673) trace: FsRegisterDevice(multi(0)disk(0)rdisk(1)partition(0))
(\boot\freeldr\freeldr\disk\partition.c:82) trace: Drive 0x81 partition type GPT
(\boot\freeldr\freeldr\lib\fs\fs.c:673) trace: FsRegisterDevice(multi(0)disk(0)rdisk(1)partition(1))
(\boot\freeldr\freeldr\lib\fs\fs.c:673) trace: FsRegisterDevice(multi(0)disk(0)rdisk(1)partition(2))
(\boot\freeldr\freeldr\lib\fs\fs.c:673) trace: FsRegisterDevice(multi(0)disk(0)rdisk(1)partition(3))
(\boot\freeldr\freeldr\arch\uefi\uefidisk.c:976) trace: Identifier: 55bbc18b-00000000-A
(\boot\freeldr\freeldr\arch\uefi\uefidisk.c:1123) trace: Skipping logical partition handle 3
(\boot\freeldr\freeldr\arch\uefi\uefidisk.c:1123) trace: Skipping logical partition handle 4
(\boot\freeldr\freeldr\arch\uefi\uefidisk.c:1123) trace: Skipping logical partition handle 5
(\boot\freeldr\freeldr\arch\uefi\uefidisk.c:1173) trace: Boot handle is a logical partition, searching for parent root device
(\boot\freeldr\freeldr\arch\uefi\uefidisk.c:1176) trace: Boot partition: BlockSize=512, RemovableMedia=TRUE
(\boot\freeldr\freeldr\arch\uefi\uefidisk.c:1212) trace: Found boot parent device by device path at ARC drive index 0
(\boot\freeldr\freeldr\arch\uefi\uefidisk.c:1266) trace: Found 2 root block devices
(\boot\freeldr\freeldr\arch\uefi\uefidisk.c:1279) trace: UefiSetBootpath: Setting up boot path
(\boot\freeldr\freeldr\arch\uefi\uefidisk.c:1362) trace: Boot handle is logical partition, using partition 1
(\boot\freeldr\freeldr\arch\uefi\uefidisk.c:1377) trace: Boot path set to hard disk: multi(0)disk(0)rdisk(0)partition(1)
(\boot\freeldr\freeldr\arch\uefi\uefildr.c:88) trace: ExecuteLoaderCleanly Entry
(\boot\freeldr\freeldr\lib\fs\iso.c:595) trace: Enter IsoMount(0)
(\boot\freeldr\freeldr\lib\fs\iso.c:609) warn: Unrecognized CD-ROM format
(\boot\freeldr\freeldr\lib\fs\fat.c:1592) trace: Enter FatMount(0)
(\boot\freeldr\freeldr\lib\fs\fat.c:168) trace: FatOpenVolume() DeviceId = 0
(\boot\freeldr\freeldr\lib\fs\fat.c:181) trace: Dumping boot sector:
(\boot\freeldr\freeldr\lib\fs\fat.c:199) trace: sizeof(FAT32_BOOTSECTOR) = 0x200.
(\boot\freeldr\freeldr\lib\fs\fat.c:201) trace: JumpBoot: 0xeb 0xfe 0x90
(\boot\freeldr\freeldr\lib\fs\fat.c:202) trace: OemName: mkfs.fat
(\boot\freeldr\freeldr\lib\fs\fat.c:203) trace: BytesPerSector: 512
(\boot\freeldr\freeldr\lib\fs\fat.c:204) trace: SectorsPerCluster: 8
(\boot\freeldr\freeldr\lib\fs\fat.c:205) trace: ReservedSectors: 32
(\boot\freeldr\freeldr\lib\fs\fat.c:206) trace: NumberOfFats: 2
(\boot\freeldr\freeldr\lib\fs\fat.c:207) trace: RootDirEntries: 0
(\boot\freeldr\freeldr\lib\fs\fat.c:208) trace: TotalSectors: 0
(\boot\freeldr\freeldr\lib\fs\fat.c:209) trace: MediaDescriptor: 0xf8
(\boot\freeldr\freeldr\lib\fs\fat.c:210) trace: SectorsPerFat: 0
(\boot\freeldr\freeldr\lib\fs\fat.c:211) trace: SectorsPerTrack: 63
(\boot\freeldr\freeldr\lib\fs\fat.c:212) trace: NumberOfHeads: 32
(\boot\freeldr\freeldr\lib\fs\fat.c:213) trace: HiddenSectors: 2048
(\boot\freeldr\freeldr\lib\fs\fat.c:214) trace: TotalSectorsBig: 1570779
(\boot\freeldr\freeldr\lib\fs\fat.c:215) trace: SectorsPerFatBig: 1536
(\boot\freeldr\freeldr\lib\fs\fat.c:216) trace: ExtendedFlags: 0x0
(\boot\freeldr\freeldr\lib\fs\fat.c:217) trace: FileSystemVersion: 0x0
(\boot\freeldr\freeldr\lib\fs\fat.c:218) trace: RootDirStartCluster: 2
(\boot\freeldr\freeldr\lib\fs\fat.c:219) trace: FsInfo: 1
(\boot\freeldr\freeldr\lib\fs\fat.c:220) trace: BackupBootSector: 6
(\boot\freeldr\freeldr\lib\fs\fat.c:221) trace: Reserved: 0x2533b34
(\boot\freeldr\freeldr\lib\fs\fat.c:222) trace: DriveNumber: 0xff
(\boot\freeldr\freeldr\lib\fs\fat.c:223) trace: Reserved1: 0x0
(\boot\freeldr\freeldr\lib\fs\fat.c:224) trace: BootSignature: 0x29
(\boot\freeldr\freeldr\lib\fs\fat.c:225) trace: VolumeSerialNumber: 0x9c359185
(\boot\freeldr\freeldr\lib\fs\fat.c:226) trace: VolumeLabel: NO NAME    
(\boot\freeldr\freeldr\lib\fs\fat.c:227) trace: FileSystemType: FAT32   
(\boot\freeldr\freeldr\lib\fs\fat.c:228) trace: BootSectorMagic: 0xaa55
(\boot\freeldr\freeldr\lib\fs\fat.c:361) trace: FAT cache is 512 sectors, 262144 bytes
(\boot\freeldr\freeldr\lib\fs\fat.c:1665) trace: FatMount(0) success
(\boot\freeldr\freeldr\lib\fs\fat.c:1426) trace: FatGetFileInformation(1) -> FileSize = 1242, FilePointer = 0x0
(\boot\freeldr\freeldr\bootmgr.c:282) trace: Argv[0]: '(null)'
(\boot\freeldr\freeldr\bootmgr.c:282) trace: Argv[1]: 'SystemPartition=multi(0)disk(0)rdisk(0)partition(1)'
(\boot\freeldr\freeldr\bootmgr.c:282) trace: Argv[2]: 'LoadIdentifier=ReactOS (Debug, SMP)'
(\boot\freeldr\freeldr\bootmgr.c:282) trace: Argv[3]: 'BootType=Windows2003'
(\boot\freeldr\freeldr\bootmgr.c:282) trace: Argv[4]: 'SystemPath=\ReactOS'
(\boot\freeldr\freeldr\bootmgr.c:282) trace: Argv[5]: 'Options=/HAL=hal.dll /KERNEL=ntkrnlmp.exe /DEBUG /DEBUGPORT=COM1 /BAUDRATE=115200 /SOS /FASTDETECT'
(\boot\freeldr\freeldr\lib\fs\fat.c:965) trace: FAT cache miss: read sector 0x239 from disk
(\boot\freeldr\freeldr\lib\fs\fat.c:965) trace: FAT cache miss: read sector 0x326 from disk
(\boot\freeldr\freeldr\lib\fs\fat.c:965) trace: FAT cache miss: read sector 0x36f from disk
(\boot\freeldr\freeldr\lib\fs\fat.c:965) trace: FAT cache miss: read sector 0x414 from disk
(\boot\freeldr\freeldr\lib\fs\fat.c:965) trace: FAT cache miss: read sector 0x129 from disk
(\boot\freeldr\freeldr\lib\fs\fat.c:1426) trace: FatGetFileInformation(1) -> FileSize = 233472, FilePointer = 0x0
(\boot\freeldr\freeldr\lib\fs\fat.c:1426) trace: FatGetFileInformation(1) -> FileSize = 66082, FilePointer = 0x0
(\boot\freeldr\freeldr\lib\fs\fat.c:1426) trace: FatGetFileInformation(2) -> FileSize = 66594, FilePointer = 0x0
(\boot\freeldr\freeldr\lib\fs\fat.c:1426) trace: FatGetFileInformation(3) -> FileSize = 4870, FilePointer = 0x0
(\boot\freeldr\freeldr\lib\fs\fat.c:965) trace: FAT cache miss: read sector 0x240 from disk
(\boot\freeldr\freeldr\lib\fs\fat.c:965) trace: FAT cache miss: read sector 0x349 from disk
(\boot\freeldr\freeldr\lib\fs\fat.c:965) trace: FAT cache miss: read sector 0x34d from disk
(\boot\freeldr\freeldr\lib\fs\fat.c:965) trace: FAT cache miss: read sector 0x223 from disk
(\boot\freeldr\freeldr\arch\uefi\uefimem.c:273) trace: UefiMemGetMemoryMap: Gather memory map
(\boot\freeldr\freeldr\arch\uefi\uefimem.c:285) trace: Value of MapKey: 17340
(\boot\freeldr\freeldr\arch\uefi\uefimem.c:286) trace: Value of MapSize: 4752
(\boot\freeldr\freeldr\arch\uefi\uefimem.c:287) trace: Value of DescriptorSize: 48
(\boot\freeldr\freeldr\arch\uefi\uefimem.c:288) trace: Value of DescriptorVersion: 1
(\boot\freeldr\freeldr\arch\uefi\uefimem.c:420) trace: Attempting to exit bootsevices
(\boot\freeldr\freeldr\arch\uefi\uefimem.c:486) trace: Exited bootservices
(\boot\freeldr\freeldr\arch\arm64\mmu_v2.c:1124) trace: ARM64: Forcing va_bits from 36 to 47 for NT ARM64 page tables
[   13.127654] (\ntoskrnl\kd64\kdinit.c:94) -----------------------------------------------------
[   13.133380] (\ntoskrnl\kd64\kdinit.c:95) ReactOS 0.4.17-arm64-dev (Build 20260705-nt10.0-003-26-gfe90dcf) (Commit fe90dcff5ed47ffe266a87289933a34977d8b52f)
[   13.147261] (\ntoskrnl\kd64\kdinit.c:96) 1 System Processor [8166 MB Memory]
[   13.154289] (\ntoskrnl\kd64\kdinit.c:100) Command Line: HAL=HAL.DLL KERNEL=NTKRNLMP.EXE DEBUG DEBUGPORT=COM1 BAUDRATE=115200 SOS FASTDETECT
[   13.166783] (\ntoskrnl\kd64\kdinit.c:103) ARC Paths: multi(0)disk(0)rdisk(0)partition(1) \ multi(0)disk(0)rdisk(0)partition(1) \ReactOS\
[   13.179043] HAL: About to lookup FADT (signature=50434146)
[   13.184483] HAL: HalAcpiGetTable(FADT) returned FFFFFC000040B010
[   13.190472] (\hal\halarm64\acpi\rsdt.c:331) ACPI: XSDT 000000003dad4f18 00005c (v01 RPIFDN RPI5     00000200      01000013)
[   13.201576] (\hal\halarm64\acpi\rsdt.c:423) ACPI: FACP 000000003dad4b98 000114 (v06 RPIFDN RPI5     00000200 EDK2 00000300)
[   13.212681] (\hal\halarm64\acpi\rsdt.c:461) ACPI: DSDT 000000003ce90018 0015ea (v02 RPIFDN RPI5     00000002 INTL 20260408)
[   13.223787] (\hal\halarm64\acpi\rsdt.c:581) ACPI: BGRT 000000003dad4b18 000038 (v01 INTEL  EDK2     00000002      01000013)
[   13.234892] (\hal\halarm64\acpi\rsdt.c:581) ACPI: DBG2 000000003dad4e18 000061 (v00 RPIFDN RPI5     00000200 EDK2 00000300)
[   13.245998] (\hal\halarm64\acpi\rsdt.c:581) ACPI: GTDT 000000003dad4d18 000068 (v03 RPIFDN RPI5     00000200 EDK2 00000300)
[   13.257104] (\hal\halarm64\acpi\rsdt.c:581) ACPI: APIC 000000003dad4098 000184 (v05 RPIFDN RPI5     00000200 EDK2 00000300)
[   13.268209] (\hal\halarm64\acpi\rsdt.c:581) ACPI: [   13.272809] (\hal\halarm64\acpi\rsdt.c:581) ACPI: PPTT 000000003dad4318 000130 (v02 RPIFDN RPI5     00000200 EDK2 00000300)
[   13.283917] (\hal\halarm64\acpi\halacpi.c:2611) ACPI Timer resource unavailable (EXT: 0)
[   13.291990] (\hal\halarm64\acpi\halacpi.c:3065) ACPI v6.3-6.3_A detected. Tables: [XSDT] [FACP] [BGRT] [DBG2] [GTDT] [APIC] [ [PPTT]
[   13.303873] (\hal\halarm64\gic\gic_init.c:926) [arm64][GIC] GIC probe: PFR0.GIC=0 SRE=0 PIDR2=0x0000002b ARCHREV=2
[   13.314194] (\hal\halarm64\gic\gic_init.c:928) [arm64][GIC] Using GICv2 legacy (GICC) CPU interface
[   13.323218] (\hal\halarm64\gic\gic_init.c:538) [arm64][GIC] Initializing distributor (version=2, sysregs=0)
[   13.332936] (\hal\halarm64\gic\gic_init.c:551) [arm64][GIC] GICD typer=0x0000fc69 lines=320 nregs=10
[   13.342050] (\hal\halarm64\gic\gicv2.c:309) [arm64][GICv2] SPI targets set to CPU0
[   13.349594] (\hal\halarm64\gic\gicv2.c:119) [arm64][GICv2] Saved PPI enables: 0x0800ffff
[   13.357662] (\hal\halarm64\gic\gicv2.c:155) [arm64][GICv2] Restored PPI enables: 0x0800ffff
[   13.365992] (\hal\halarm64\gic\gicv2.c:159) [arm64][GICv2] SGI/PPI bank configured with preserved enables
[   13.375535] (\hal\halarm64\gic\gic_init.c:633) [arm64][GIC] Distributor initialized and enabled
[   13.384212] (\hal\halarm64\gic\gicv2.c:89) [arm64][GICv2] CPU interface initialized (PMR=0xFF, CTLR=0x3)
[   13.393669] (\hal\halarm64\gic\gic_init.c:822) [arm64][GIC] Version detection complete:
[   13.401651] (\hal\halarm64\gic\gic_init.c:823) [arm64][GIC]   Architecture: GICv2
[   13.409113] (\hal\halarm64\gic\gic_init.c:825) [arm64][GIC]   Interrupt lines: 320 (max SPI INTID: 319)
[   13.631944] (\ntoskrnl\mm\ARM3\largepag.c:37) MiInitializeLargePageSupport: PAE/x64 Not Implemented
[   13.639535] (\ntoskrnl\mm\ARM3\mminit.c:2235) Paged pool: 398 MB at FFFFED2276600000
[   13.648563] (\sdk\include\reactos\drivers\bootvid\framebuf.c:512) Display: loader UEFI GOP framebuffer 0x3F400000 size=8294400 1920x1080 stride=1920 bpp=32
[   13.659711] (\sdk\include\reactos\drivers\bootvid\framebuf.c:674) 
[   13.665868] Boot Display found on Interface 0, Bus 0
[   13.670815]     VideoRamAddress   : 0x3F400000
[   13.675238]     VideoRamSize      : 8294400
[   13.679403]     Version           : 1.3
[   13.683222]     VideoClock        : 0
[   13.686864] Framebuffer format:
[   13.689989]     BaseAddress       : 0x3F400000
[   13.694415]     ScreenWidth       : 1920
[   13.698317]     ScreenHeight      : 1080
[   13.702222]     PixelsPerScanLine : 1920
[   13.706127]     BitsPerPixel      : 32
[   13.709858]     ARGB masks:       : ff000000/00ff0000/0000ff00/000000ff
[   13.718572] (\drivers\base\bootvid\framebuf\bootvid.c:297) Scaling X = 2, Y = 2
[   13.723740] (\drivers\base\bootvid\framebuf\bootvid.c:304) Borders X = 320, Y = 60
[   13.751421] (\ntoskrnl\ke\arm64\stubs.c:653) [arm64] KeStartAllProcessors: Max=64 (numproc=0 bootproc=0)
[   13.758052] (\ntoskrnl\ke\arm64\stubs.c:738) [arm64] KeStartAllProcessors: Attempting to start CPU 1
[   13.767136] (\hal\halarm64\smp.c:315) [arm64][HAL] Identity-map page table: L0[0]→L1[0]→L2[2] block=0x400000 (trampoline PA=0x420000)
[   13.779451] (\hal\halarm64\smp.c:415) [arm64][HAL] AP trampoline initialized at PA=0x420000 VA=FFFFFC0000420000 size=448 idmap_ttbr0=0x500000
[   13.792113] (\hal\halarm64\smp.c:592) [arm64][HAL] Discovered 4 CPUs, parking protocol not available
[   13.801268] (\ntoskrnl\ke\arm64\stubs.c:771) [arm64] KeStartAllProcessors: CPU 1 started successfully
[   13.810447] (\ntoskrnl\ke\arm64\stubs.c:738) [arm64] KeStartAllProcessors: Attempting to start CPU 2
[   13.819564] (\ntoskrnl\ke\arm64\stubs.c:771) [arm64] KeStartAllProcessors: CPU 2 started successfully
[   13.828754] (\ntoskrnl\ke\arm64\stubs.c:738) [arm64] KeStartAllProcessors: Attempting to start CPU 3
[   13.837869] (\ntoskrnl\ke\arm64\stubs.c:771) [arm64] KeStartAllProcessors: CPU 3 started successfully
[   13.847060] (\ntoskrnl\ke\arm64\stubs.c:738) [arm64] KeStartAllProcessors: Attempting to start CPU 4
[   13.856143] (\hal\halarm64\halarm64.c:5909) [arm64][HAL] HalStartNextProcessor: no more processors (started=4, available=4)
[   13.867250] (\ntoskrnl\ke\arm64\stubs.c:744) [arm64] KeStartAllProcessors: HalStartNextProcessor failed for CPU 4
[   13.877519] (\ntoskrnl\ke\arm64\stubs.c:789) [arm64] KeStartAllProcessors: Successfully started 3 APs
[   13.886688] (\ntoskrnl\ke\arm64\stubs.c:824) [arm64] KeStartAllProcessors: Updating process affinities to 0xf
[   13.896577] (\ntoskrnl\ke\arm64\stubs.c:859) [arm64] KeStartAllProcessors: System process affinity 0x1 -> 0xf
[   13.907131] (\ntoskrnl\mm\mminit.c:224)           0xFFFFF80000000000 - 0xFFFFF80200000000	Boot Loaded Image
[   13.916183] (\ntoskrnl\mm\mminit.c:235)           0xFFFFC8C3C6200000 - 0xFFFFC8C3CF201000	PFN Database
[   13.925468] (\ntoskrnl\mm\mminit.c:239)           0xFFFFF6476E200000 - 0xFFFFF6476F220000	ARM3 Non Paged Pool
[   13.935357] (\ntoskrnl\mm\mminit.c:243)           0xFFFFF97FBA000000 - 0xFFFFF97FDA000000	System View Space
[   13.945076] (\ntoskrnl\mm\mminit.c:247)           0xFFFFF97FDA000000 - 0xFFFFF98000000000	Session Space
[   13.954445] (\ntoskrnl\mm\mminit.c:250)           0xFFFFE48000000000 - 0xFFFFE4FFFFFFFFFF	Page Tables
[   13.963643] (\ntoskrnl\mm\mminit.c:253)           0xFFFFE4F240000000 - 0xFFFFE4F27FFFFFFF	Page Directories
[   13.973272] (\ntoskrnl\mm\mminit.c:256)           0xFFFFF70000000000 - 0xFFFFF77FFFFFFFFF	Hyperspace
[   13.982386] (\ntoskrnl\mm\mminit.c:259)           0xFFFF908000000000 - 0xFFFF927FFFFFFFFF	System Cache
[   13.991666] (\ntoskrnl\mm\mminit.c:263)           0xFFFFED2276600000 - 0xFFFFED228F600000	ARM3 Paged Pool
[   14.001212] (\ntoskrnl\mm\mminit.c:269)           0xFFFFE458F1600000 - 0xFFFFE458FD951000	System PTE Space
[   14.010841] (\ntoskrnl\mm\mminit.c:273)           0xFFFFF6476F220000 - 0xFFFFF6477A970000	Non Paged Pool Expansion PTE Space
[   14.025832] (\hal\halarm64\acpi\halacpi.c:3482) HAL: ARM64 PCI stubs initialized (ECAM-only mode)
[   14.031815] 
====== PCI BUS HARDWARE DETECTION (ACPI HAL) =======

[   14.038151] HAL: ARM64 PCI ECAM path not exercised.
[   14.043006] 
====== END PCI BUS DETECTION =======

[   14.047954] ACPI ARM64-based System initialized
[   14.052679] WARNING:  ArbBuildAssignmentOrdering at \sdk\lib\drivers\arbiter\arbiter.c:275 is UNIMPLEMENTED!
[   14.062275] WARNING:  ArbBuildAssignmentOrdering at \sdk\lib\drivers\arbiter\arbiter.c:275 is UNIMPLEMENTED!
[   14.072080] WARNING:  ArbBuildAssignmentOrdering at \sdk\lib\drivers\arbiter\arbiter.c:275 is UNIMPLEMENTED!
[   14.081883] WARNING:  ArbBuildAssignmentOrdering at \sdk\lib\drivers\arbiter\arbiter.c:275 is UNIMPLEMENTED!
[   14.091690] WARNING:  ArbBuildAssignmentOrdering at \sdk\lib\drivers\arbiter\arbiter.c:275 is UNIMPLEMENTED!
[   14.102062] (\ntoskrnl\io\pnpmgr\pnproot.c:518) Failed to read the LogConf key for Root\RPI5VC4\0000
[   14.110698] (\ntoskrnl\io\pnpmgr\pnproot.c:518) Failed to read the LogConf key for Root\SOFTGPU\0000
[   14.121548] (\ntoskrnl\io\pnpmgr\pnpmap.c:656) ZwQueryValueKey(\Registry\Machine\SYSTEM\CURRENTCONTROLSET\Control\PnpDisableFirmwareMapper) failed with status 0xc0000034
[   14.141562] (\hal\halarm64\acpi\halacpi.c:4622) Resource count: 0
[   14.144770] (\hal\halarm64\acpi\halacpi.c:4627) Resource list size: 40
[   14.151286] (\hal\halarm64\acpi\halacpi.c:4622) Resource count: 0
[   14.157350] (\hal\halarm64\acpi\halacpi.c:4627) Resource list size: 40
[   14.164369] (\ntoskrnl\io\pnpmgr\pnpmgr.c:164) CDDB: set Driver='{4D36E97D-E325-11CE-BFC1-08002BE10318}\0000' for critical device (0x00000000)
[   14.182862] (\drivers\bus\sd\sdbus.c:276) SD Bus Driver: DriverEntry
[   14.186477] (\drivers\storage\port\sdport\sdport.c:69) SdPortInitialize(FFFFF6476F0676F0 \REGISTRY\MACHINE\SYSTEM\CONTROLSET001\SERVICES\SDHC FFFFE458FD498A78)
[   14.200708] (\drivers\storage\port\sdport\sdport.c:173) SDPORT DriverEntry: DriverObject=FFFFF6476F0674F0 RegistryPath=\REGISTRY\MACHINE\SYSTEM\CONTROLSET001\SERVICES\SDPORT
[   14.220470] (\drivers\storage\port\storport\storport.c:961) StorPortInitialize(FFFFF6476F0A3070 FFFFE458FD498BA0 FFFFE458FD498A80 0000000000000000)
[   14.230793] (\drivers\storage\port\storport\storport.c:963) HwInitializationDataSize: 136
[   14.238946] (\drivers\storage\port\storport\storport.c:964) AdapterInterfaceType: 5
[   14.246583] (\drivers\storage\port\storport\storport.c:965) HwInitialize: FFFFE458FD66BB48
[   14.254824] (\drivers\storage\port\storport\storport.c:966) HwStartIo: FFFFE458FD66C27C
[   14.262808] (\drivers\storage\port\storport\storport.c:967) HwInterrupt: FFFFE458FD66C168
[   14.270962] (\drivers\storage\port\storport\storport.c:968) HwFindAdapter: FFFFE458FD66D3D4
[   14.279293] (\drivers\storage\port\storport\storport.c:969) HwResetBus: FFFFE458FD66D308
[   14.287360] (\drivers\storage\port\storport\storport.c:970) HwDmaStarted: 0000000000000000
[   14.295604] (\drivers\storage\port\storport\storport.c:971) HwAdapterState: 0000000000000000
[   14.304018] (\drivers\storage\port\storport\storport.c:972) DeviceExtensionSize: 146520
[   14.312002] (\drivers\storage\port\storport\storport.c:973) SpecificLuExtensionSize: 0
[   14.319896] (\drivers\storage\port\storport\storport.c:974) SrbExtensionSize: 1592
[   14.327446] (\drivers\storage\port\storport\storport.c:975) NumberOfAccessRanges: 6
[   14.335080] (\drivers\storage\port\storport\storport.c:1001) No driver object extension!
[   14.343151] (\drivers\storage\port\storport\storport.c:1013) Driver object extension created!
[   14.351652] (\drivers\storage\port\storport\storport.c:31) PortAddDriverInitData()
[   14.359203] (\drivers\storage\port\storport\storport.c:1044) StorPortInitialize() done (Status 0x00000000)
[   14.371039] (\drivers\storage\port\storport\storport.c:461) DriverEntry(FFFFF6476F0A3D30 FFFFE458FD498BA0)
[   14.387658] WDFTrace: new WDFKEY object open failed, !STATUS!
[   14.399646] (\drivers\ksfilter\swenum\swenum.c:428) SWENUM loaded
[   14.405066] (\drivers\storage\class\ramdisk\ramdisk.c:5836) RAMDISK DriverEntry: DriverObject=FFFFF6476F066860 RegistryPath=\REGISTRY\MACHINE\SYSTEM\CONTROLSET001\SERVICES\RAMDISK
[   14.421136] (\ntoskrnl\io\iomgr\driver.c:1442) BOOT DRIVERS LOADED
[   14.426191] (\hal\halarm64\acpi\halpnpdd.c:1720) Start device received
[   14.431809] (\drivers\bus\acpi\pnp.c:338) ACPI: Registered PCI interface: \??\ACPI_HAL#PNP0C08#0#{a7e9db84-db4c-4289-876b-e2c3e63b5f4f}
[   14.443633] (\drivers\bus\acpi\pnp.c:353) Bus_StartFdo: Calling AcpiInitializeSubsystem
[   14.451664] (\drivers\bus\acpi\pnp.c:364) Bus_StartFdo: Calling AcpiInitializeTables
[   14.476624] (\drivers\bus\acpi\pnp.c:373) Bus_StartFdo: Calling AcpiLoadTables
[   14.482884] (\drivers\bus\acpi\busmgr\utils.c:575) AcpiGetTable() for FACS failed (Status 0x00000005)
[   14.490167] (\drivers\bus\acpi\pnp.c:385) Unable to create ACPI tables in registry (0xc0000001)
[   14.498835] (\drivers\bus\acpi\pnp.c:389) Bus_StartFdo: Calling acpi_init
[   14.506649] (\drivers\bus\acpi\busmgr\bus.c:1693) ACPI: _PIC method not present; firmware assumed APIC-ready
[   14.519142] (\hal\halarm64\halarm64.c:1715) [arm64][PCI] Registered PCI routing query provider at FFFFE458FD7C1440
[   14.526602] (\drivers\bus\acpi\busmgr\acpi_pci_routing.c:430) ACPI: PCI routing provider registered (4 entries available)
[   14.537534] (\drivers\bus\acpi\busmgr\pci_root.c:978) ACPI: Enumerating PCI root bridges (ACPI 1.0/2.0+/PCIe)
[   14.547929] (\drivers\bus\acpi\busmgr\pci_root.c:320) ACPI: _OSC calling with Support=0x19 Control=0x10
[   14.556946] (\drivers\bus\acpi\busmgr\pci_root.c:423) ACPI: _OSC success - granted control 0x10 (status 0x0)
[   14.566601] (\drivers\bus\acpi\busmgr\pci_root.c:847) ACPI: PCI Root 1: HID=PNP0A08 UID=1 SEG=1 BUS=0
[   14.575794] (\drivers\bus\acpi\busmgr\pci_root.c:853)     Bus range  : [0 - 255]
[   14.583171] (\drivers\bus\acpi\busmgr\pci_root.c:872)     Memory window: [c0000000 - 1affffffff]
[   14.591930] (\drivers\bus\acpi\busmgr\pci_root.c:876)       translation: +0
[   14.598873] (\drivers\bus\acpi\busmgr\pci_root.c:897)     _OSC status 0x0 request 0x10 grant 0x10
[   14.607722] (\hal\halarm64\halarm64.c:1651) [arm64][PCI] ACPI PCI Root Bridge: Segment=1 Bus=0 BusRange=[0-255]
[   14.617787] (\hal\halarm64\halarm64.c:1660) [arm64][PCI]   No MCFG or _CBA config-space base published for this root bridge.
[   14.628979] (\hal\halarm64\halarm64.c:1674) [arm64][PCI]   Memory Window: [0xc0000000 - 0x1affffffff]
[   14.638175] (\hal\halarm64\halarm64.c:1690) [arm64][PCI]   _OSC: Status=0x0 Control=0x10 Grant=0x10 (OK)
[   14.647919] (\drivers\bus\acpi\busmgr\pci_root.c:835) ACPI: PCI root HID=PNP0A08 UID=1 already processed (Seg 1 Bus 0-255), skipping duplicate handle FFFFF6476F0A15C0
[   14.662549] (\drivers\bus\acpi\pnp.c:399) Bus_StartFdo: Calling ACPIEnumerateDevices
[   14.670272] (\drivers\bus\acpi\acpienum.c:159) ACPI-PCIROOT: Enumerating PCI root candidate HID=PNP0A08 UID=1 ADR=0xffffffffffffffff handle=FFFFF6476F0A15C0
[   14.684160] (\drivers\bus\acpi\acpienum.c:169) ACPI-PCIROOT:   |_ CID[0]=PNP0A03
[   14.691854] (\drivers\bus\acpi\acpienum.c:549) ACPI-PCIROOT:   |_ _CRS Bus 0x0-0xff (len=0x100)
[   14.700214] (\drivers\bus\acpi\acpienum.c:549) ACPI-PCIROOT:   |_ _CRS Mem64 0xc0000000-0xc04fffff (len=0x500000)
[   14.710452] (\drivers\bus\acpi\acpienum.c:549) ACPI-PCIROOT:   |_ _CRS Mem64 0x1800000000-0x1affffffff (len=0x300000000)
[   14.721490] (\drivers\bus\acpi\pnp.c:401) Bus_StartFdo: ACPIEnumerateDevices done (Status 0x0)
[   14.737776] (\drivers\bus\acpi\buspdo.c:237) ACPI: Using _BBN for PCI root ACPI\PNP0A08 bus=0
[   14.743414] (\drivers\bus\acpi\buspdo.c:283) ACPI: Cached PCI root ACPI\PNP0A08 bus number 0
[   14.753625] (\ntoskrnl\io\pnpmgr\pnpmgr.c:164) CDDB: set Driver='{4D36E97D-E325-11CE-BFC1-08002BE10318}\0001' for critical device (0x00000000)
[   14.765232] (\drivers\bus\acpi\buspdo.c:237) ACPI: Using _BBN for PCI root ACPI\PNP0A08 bus=0
[   14.773087] (\drivers\bus\acpi\buspdo.c:283) ACPI: Cached PCI root ACPI\PNP0A08 bus number 0
[   14.782289] (\drivers\bus\pci\fdo.c:474) PCI: FdoStartDevice called
[   14.787750] (\drivers\bus\pci\arb.c:666) PCI: Creating arbiters for bus 0
[   14.794517] (\drivers\bus\pci\arb.c:709) PCI: Created 3 arbiters for bus 0
[   14.801486] (\drivers\bus\pci\fdo.c:274) PCI: FdoQueryBusRelations called
[   14.808139] (\hal\halarm64\acpi\halacpi.c:139) HAL: PCI Express MMCONFIG unavailable because the ACPI MCFG table is missing or empty.
[   14.820113] (\drivers\bus\pci\fdo.c:133) PCI: Bus 0 slot 0 empty (Size=64 VendorID=0xffff), but scanning root bus anyway
[   14.830960] (\drivers\bus\pci\fdo.c:290) PCI: FdoQueryBusRelations enumerated 0 devices
[   14.842700] (\ntoskrnl\io\pnpmgr\pnpmgr.c:164) CDDB: set Driver='{36FC9E60-C465-11CF-8056-444553540000}\0000' for critical device (0x00000000)
[   14.854356] (\drivers\bus\acpi\interface.c:823) Invalid GUID
[   14.858234] (\drivers\usb\usbport\pnp.c:1615) USBPORT_StartDevice: no PCI config space (ACPI-enumerated controller), continuing
[   14.869683] (\drivers\bus\acpi\interface.c:823) Invalid GUID
[   14.877887] (\drivers\usb\usbxhci\usbxhci.c:9233) usbxhci: no PCI config space (ACPI-enumerated controller), skipping bus-master enable
[   14.888965] (\drivers\usb\usbxhci\osc.c:447) usbxhci: _OSC: Using IOCTL to evaluate _OSC method
[   14.896142] (\drivers\usb\usbxhci\osc.c:480) usbxhci: _OSC Query phase - asking what controls are available
[   14.905895] (\drivers\usb\usbxhci\osc.c:234) usbxhci: ACPI _OSC IOCTL failed: 0xC0000034
[   14.913929] (\drivers\usb\usbxhci\osc.c:497) usbxhci: _OSC not available (Status=0xC0000034) - using legacy defaults
[   14.924428] (\drivers\usb\usbxhci\osc.c:401) usbxhci: _OSC: Set legacy defaults (full OS control)
[   14.957406] (\drivers\usb\usbxhci\usbxhci.c:4211) usbxhci: bounce pool ready slots=32 size=65536
[   14.964479] (\drivers\usb\usbport\pnp.c:2537) USBPORT_CreatePdo: HubPdo=FFFFF6476F060750 DevExt=FFFFF6476F0608A0
[   14.974727] (\ntoskrnl\io\pnpmgr\pnpmgr.c:164) CDDB: set Driver='{36FC9E60-C465-11CF-8056-444553540000}\0001' for critical device (0x00000000)
[   14.986535] (\drivers\usb\usbhub\usbhub.c:957) USBH_SyncGetRootHubPdo: Target=FFFFF6476F060750 Driver=\Driver\usbxhci StackSize=2
[   14.997841] (\drivers\usb\usbhub\usbhub.c:985) USBH_SyncGetRootHubPdo: Irp=FFFFF6476F196660 Major=0f IoCtl=0022000f Arg1=FFFFF6476F196B50 Arg2=FFFFF6476F196B58
[   15.012068] (\drivers\usb\usbport\ioctl.c:661) USBPORT_PdoInternalDeviceControl: IOCTL_INTERNAL_USB_GET_ROOTHUB_PDO Pdo=FFFFF6476F060750 Arg1=FFFFF6476F196B50 Arg2=FFFFF6476F196B58
[   15.028751] (\drivers\usb\usbhub\usbhub.c:1267) USBH_GetConfigurationDescriptor: NTSTATUS=0x00000000 wTotalLength=25 FirstBytes=09 02 19 00 01 01
[   15.041139] (\drivers\bus\acpi\main.c:374) Unsupported IOCTL: 32c020
[   15.047986] (\drivers\usb\usbhub\pnp.c:344) USBH_OpenConfiguration: using interface 0 alt 0 Pipes=1 MaxPacket0=8
[   15.057646] (\drivers\usb\usbhub\pnp.c:372) USBH_OpenConfiguration: SelectConfig succeeded (PipeHandle=FFFFF6476F030D20 wTotalLength=25)
[   15.084529] (\drivers\usb\usbhub\usbhub.c:3689) USBD_RegisterRootHubCallBack: HubExtension - FFFFF6476F196B30
[   15.091556] (\drivers\usb\usbport\iface.c:1283) USBHI_RootHubInitNotification: stored callback FFFFE458FD7415A4 ctx=FFFFF6476F196B30 seq=1 caller=FFFFE458FD74168C
[   15.106043] (\drivers\usb\usbhub\usbhub.c:3705) USBD_RegisterRootHubCallBack: RootHubInitNotification -> 0x00000000
[   15.106045] (\drivers\usb\usbhub\usbhub.c:3137) USBH_SubmitStatusChangeTransfer: HubExtension - FFFFF6476F196B30, SCEIrp - FFFFF6476F1975B0
[   15.116504] (\drivers\usb\usbhub\pnp.c:1190) USBH_FdoQueryBusRelations: NumberPorts - 3
[   15.128975] (\drivers\usb\usbhub\usbhub.c:2544) USBH_ChangeIndicationWorker: HubExt=FFFFF6476F196B30 WorkItem=FFFFF6476F09D420
[   15.148296] (\drivers\usb\usbhub\usbhub.c:2792) USBH_ChangeIndicationWorker: Port 2 Status=0x0301 Change=0x0001
[   15.158375] (\drivers\usb\usbhub\usbhub.c:2311) USBH_ProcessPortStateChange: Port 2 connect -> enumerate
[   15.167830] (\drivers\usb\usbhub\usbhub.c:2792) USBH_ChangeIndicationWorker: Port 3 Status=0x1103 Change=0x0031
[   15.177894] (\drivers\usb\usbhub\usbhub.c:2311) USBH_ProcessPortStateChange: Port 3 connect -> enumerate
[   15.187363] (\drivers\usb\usbhub\usbhub.c:3137) USBH_SubmitStatusChangeTransfer: HubExtension - FFFFF6476F196B30, SCEIrp - FFFFF6476F1975B0
[   15.339078] (\drivers\usb\usbhub\usbhub.c:3137) USBH_SubmitStatusChangeTransfer: HubExtension - FFFFF6476F196B30, SCEIrp - FFFFF6476F1975B0
[   15.358983] (\drivers\usb\usbhub\usbhub.c:5701) USBH_CreateDevice: Port - 2, UsbPortStatus - 0x0303
[   15.365151] (\drivers\usb\usbhub\usbhub.c:5737) USBH_CreateDevice: PortDevice - FFFFF6476F09ABC0, <\Device\USBPDO-1>
[   15.375636] (\drivers\usb\usbhub\usbhub.c:5739) USBH_CreateDevice: PortExtension - FFFFF6476F09AD10
[   15.472965] (\drivers\usb\usbhub\usbhub.c:3137) USBH_SubmitStatusChangeTransfer: HubExtension - FFFFF6476F196B30, SCEIrp - FFFFF6476F1975B0
[   15.499021] (\drivers\usb\usbxhci\usbxhci.c:5018) usbxhci: ResetDeviceOnPort: RESET_DEV succeeded for slot 1 on port 2, now in Default state
[   15.536878] (\drivers\usb\usbhub\usbhub.c:5611) USBH: announcing usb 1-2 port 2 (VID=413C PID=301A)
[   15.543033] (\drivers\usb\usbhub\usbhub.c:5634) usb 1-2: new low-speed USB device on port 2
[   15.551361] (\drivers\usb\usbhub\usbhub.c:5642) usb 1-2: New USB device found, idVendor=413C, idProduct=301A, bcdDevice=01.00
[   15.562641] (\drivers\usb\usbhub\usbhub.c:5649) usb 1-2: New USB device strings: Mfr=1, Product=2, SerialNumber=0
[   15.597851] (\drivers\usb\usbhub\usbhub.c:5655) usb 1-2: Product: Dell MS116 USB Optical Mouse
[   15.603572] (\drivers\usb\usbhub\usbhub.c:5660) usb 1-2: Manufacturer: PixArt
[   15.616864] (\drivers\usb\usbhub\usbhub.c:1267) USBH_GetConfigurationDescriptor: NTSTATUS=0x00000000 wTotalLength=34 FirstBytes=09 02 22 00 01 01
[   15.627015] (\drivers\usb\usbhub\pnp.c:1261) USBH_FdoQueryBusRelations: cached connect (no PDO) port 3 (ConnStatus=1)
[   15.637598] (\drivers\usb\usbhub\pnp.c:1302) USBH_FdoQueryBusRelations: forcing PDO creation from cached state on port 3
[   15.904378] (\drivers\usb\usbhub\usbhub.c:3137) USBH_SubmitStatusChangeTransfer: HubExtension - FFFFF6476F196B30, SCEIrp - FFFFF6476F1975B0
[   15.929051] (\drivers\usb\usbhub\usbhub.c:5701) USBH_CreateDevice: Port - 3, UsbPortStatus - 0x1103
[   15.935240] (\drivers\usb\usbhub\usbhub.c:5737) USBH_CreateDevice: PortDevice - FFFFF6476F132CC0, <\Device\USBPDO-2>
[   15.945706] (\drivers\usb\usbhub\usbhub.c:5739) USBH_CreateDevice: PortExtension - FFFFF6476F132E10
[   16.095193] (\drivers\usb\usbhub\usbhub.c:3137) USBH_SubmitStatusChangeTransfer: HubExtension - FFFFF6476F196B30, SCEIrp - FFFFF6476F1975B0
[   16.119063] (\drivers\usb\usbxhci\usbxhci.c:5018) usbxhci: ResetDeviceOnPort: RESET_DEV succeeded for slot 2 on port 3, now in Default state
[   16.162958] (\drivers\usb\usbhub\usbhub.c:5611) USBH: announcing usb 1-3 port 3 (VID=0781 PID=5581)
[   16.169115] (\drivers\usb\usbhub\usbhub.c:5634) usb 1-3: new super-speed USB device on port 3
[   16.177617] (\drivers\usb\usbhub\usbhub.c:5642) usb 1-3: New USB device found, idVendor=0781, idProduct=5581, bcdDevice=01.00
[   16.188897] (\drivers\usb\usbhub\usbhub.c:5649) usb 1-3: New USB device strings: Mfr=1, Product=2, SerialNumber=3
[   16.201082] (\drivers\usb\usbhub\usbhub.c:5655) usb 1-3: Product:  SanDisk 3.2Gen1
[   16.206682] (\drivers\usb\usbhub\usbhub.c:5660) usb 1-3: Manufacturer:  USB
[   16.213628] (\drivers\usb\usbhub\usbhub.c:5675) usb 1-3: SerialNumber: 0901da96cc5f2a6e98145c166ee0bf8579199debc6f1126c17dcbe55724e3388e11a00000000000000000000897c8cadff082920815581076e327e7a
[   16.231069] (\drivers\usb\usbhub\usbhub.c:1267) USBH_GetConfigurationDescriptor: NTSTATUS=0x00000000 wTotalLength=44 FirstBytes=09 02 2c 00 01 01
[   16.244355] (\ntoskrnl\io\pnpmgr\pnpmgr.c:164) CDDB: set Driver='{745a17a0-74d3-11d0-b6fe-00a0c90f57da}\0000' for critical device (0x00000000)
[   16.257015] (\ntoskrnl\io\pnpmgr\pnpmgr.c:164) CDDB: set Driver='{36FC9E60-C465-11CF-8056-444553540000}\0002' for critical device (0x00000000)
[   16.312155] (\ntoskrnl\io\pnpmgr\pnpmgr.c:164) CDDB: set Driver='{4D36E967-E325-11CE-BFC1-08002BE10318}\0000' for critical device (0x00000000)
[   16.322242] (\drivers\usb\usbstor\disk.c:143) SRB_FUNCTION_CLAIM_DEVICE
[   16.625257] (\ntoskrnl\io\pnpmgr\pnpmgr.c:164) CDDB: set Driver='{36FC9E60-C465-11CF-8056-444553540000}\0003' for critical device (0x00000000)
[   16.636964] (\drivers\bus\acpi\interface.c:823) Invalid GUID
[   16.640790] (\drivers\usb\usbport\pnp.c:1615) USBPORT_StartDevice: no PCI config space (ACPI-enumerated controller), continuing
[   16.652239] (\drivers\bus\acpi\interface.c:823) Invalid GUID
[   16.660375] (\drivers\usb\usbxhci\usbxhci.c:9233) usbxhci: no PCI config space (ACPI-enumerated controller), skipping bus-master enable
[   16.671466] (\drivers\usb\usbxhci\osc.c:447) usbxhci: _OSC: Using IOCTL to evaluate _OSC method
[   16.678698] (\drivers\usb\usbxhci\osc.c:480) usbxhci: _OSC Query phase - asking what controls are available
[   16.688449] (\drivers\usb\usbxhci\osc.c:234) usbxhci: ACPI _OSC IOCTL failed: 0xC0000034
[   16.696486] (\drivers\usb\usbxhci\osc.c:497) usbxhci: _OSC not available (Status=0xC0000034) - using legacy defaults
[   16.706984] (\drivers\usb\usbxhci\osc.c:401) usbxhci: _OSC: Set legacy defaults (full OS control)
[   16.740304] (\drivers\usb\usbxhci\usbxhci.c:4211) usbxhci: bounce pool ready slots=32 size=65536
[   16.747319] (\drivers\usb\usbport\pnp.c:2537) USBPORT_CreatePdo: HubPdo=FFFFF6476F017C90 DevExt=FFFFF6476F017DE0
[   16.757600] (\ntoskrnl\io\pnpmgr\pnpmgr.c:164) CDDB: set Driver='{36FC9E60-C465-11CF-8056-444553540000}\0004' for critical device (0x00000000)
[   16.769427] (\drivers\usb\usbhub\usbhub.c:957) USBH_SyncGetRootHubPdo: Target=FFFFF6476F017C90 Driver=\Driver\usbxhci StackSize=2
[   16.780737] (\drivers\usb\usbhub\usbhub.c:985) USBH_SyncGetRootHubPdo: Irp=FFFFF6476F12F7D0 Major=0f IoCtl=0022000f Arg1=FFFFF6476F1301E0 Arg2=FFFFF6476F1301E8
[   16.794966] (\drivers\usb\usbport\ioctl.c:661) USBPORT_PdoInternalDeviceControl: IOCTL_INTERNAL_USB_GET_ROOTHUB_PDO Pdo=FFFFF6476F017C90 Arg1=FFFFF6476F1301E0 Arg2=FFFFF6476F1301E8
[   16.811620] (\drivers\usb\usbhub\usbhub.c:1267) USBH_GetConfigurationDescriptor: NTSTATUS=0x00000000 wTotalLength=25 FirstBytes=09 02 19 00 01 01
[   16.824036] (\drivers\bus\acpi\main.c:374) Unsupported IOCTL: 32c020
[   16.830878] (\drivers\usb\usbhub\pnp.c:344) USBH_OpenConfiguration: using interface 0 alt 0 Pipes=1 MaxPacket0=8
[   16.840528] (\drivers\usb\usbhub\pnp.c:372) USBH_OpenConfiguration: SelectConfig succeeded (PipeHandle=FFFFF6476F130F50 wTotalLength=25)
[   16.865213] (\drivers\usb\usbhub\usbhub.c:3689) USBD_RegisterRootHubCallBack: HubExtension - FFFFF6476F1301C0
[   16.872236] (\drivers\usb\usbport\iface.c:1283) USBHI_RootHubInitNotification: stored callback FFFFE458FD7415A4 ctx=FFFFF6476F1301C0 seq=1 caller=FFFFE458FD74168C
[   16.886726] (\drivers\usb\usbhub\usbhub.c:3705) USBD_RegisterRootHubCallBack: RootHubInitNotification -> 0x00000000
[   16.886728] (\drivers\usb\usbhub\usbhub.c:3137) USBH_SubmitStatusChangeTransfer: HubExtension - FFFFF6476F1301C0, SCEIrp - FFFFF6476F12F7D0
[   16.897186] (\drivers\usb\usbhub\pnp.c:1190) USBH_FdoQueryBusRelations: NumberPorts - 3
[   16.909661] (\drivers\usb\usbhub\usbhub.c:3137) USBH_SubmitStatusChangeTransfer: HubExtension - FFFFF6476F1301C0, SCEIrp - FFFFF6476F12F7D0
[   17.196052] (\drivers\usb\usbhub\usbhub.c:3137) USBH_SubmitStatusChangeTransfer: HubExtension - FFFFF6476F1301C0, SCEIrp - FFFFF6476F12F7D0
[   17.220167] (\drivers\usb\usbhub\usbhub.c:5701) USBH_CreateDevice: Port - 3, UsbPortStatus - 0x1103
[   17.226370] (\drivers\usb\usbhub\usbhub.c:5737) USBH_CreateDevice: PortDevice - FFFFF6476F193070, <\Device\USBPDO-4>
[   17.236822] (\drivers\usb\usbhub\usbhub.c:5739) USBH_CreateDevice: PortExtension - FFFFF6476F1931C0
[   17.385861] (\drivers\usb\usbhub\usbhub.c:3137) USBH_SubmitStatusChangeTransfer: HubExtension - FFFFF6476F1301C0, SCEIrp - FFFFF6476F12F7D0
[   17.410192] (\drivers\usb\usbxhci\usbxhci.c:5018) usbxhci: ResetDeviceOnPort: RESET_DEV succeeded for slot 1 on port 3, now in Default state
[   17.444072] (\drivers\usb\usbhub\usbhub.c:5611) USBH: announcing usb 2-3 port 3 (VID=0781 PID=5591)
[   17.450230] (\drivers\usb\usbhub\usbhub.c:5634) usb 2-3: new super-speed USB device on port 3
[   17.458730] (\drivers\usb\usbhub\usbhub.c:5642) usb 2-3: New USB device found, idVendor=0781, idProduct=5591, bcdDevice=01.00
[   17.470010] (\drivers\usb\usbhub\usbhub.c:5649) usb 2-3: New USB device strings: Mfr=1, Product=2, SerialNumber=3
[   17.482185] (\drivers\usb\usbhub\usbhub.c:5655) usb 2-3: Product:  SanDisk 3.2Gen1
[   17.487795] (\drivers\usb\usbhub\usbhub.c:5660) usb 2-3: Manufacturer:  USB
[   17.494738] (\drivers\usb\usbhub\usbhub.c:5675) usb 2-3: SerialNumber: 01016e01ffd6f47ad7a9a904dc54438de8ee4ed362c463e23b37a4d9b83f12b6b3e3000000000000000000004ca60268000d5400915581077b32dc12
[   17.512185] (\drivers\usb\usbhub\usbhub.c:1267) USBH_GetConfigurationDescriptor: NTSTATUS=0x00000000 wTotalLength=44 FirstBytes=09 02 2c 00 01 01
[   17.525298] (\ntoskrnl\io\pnpmgr\pnpmgr.c:164) CDDB: set Driver='{36FC9E60-C465-11CF-8056-444553540000}\0005' for critical device (0x00000000)
[   17.584040] (\ntoskrnl\io\pnpmgr\pnpmgr.c:164) CDDB: set Driver='{4D36E967-E325-11CE-BFC1-08002BE10318}\0001' for critical device (0x00000000)
[   17.594413] (\drivers\usb\usbstor\disk.c:143) SRB_FUNCTION_CLAIM_DEVICE
[   17.680232] (\ntoskrnl\io\pnpmgr\pnpmgr.c:164) CDDB: set Driver='{a0a588a4-c46f-4b37-b7ea-c82fe89870c6}\0000' for critical device (0x00000000)
[   17.690400] (\drivers\bus\sd\sdbus.c:57) SdBusAddDevice: PhysicalDeviceObject FFFFF6476F09DC70
[   17.698719] (\drivers\bus\sd\sdbus.c:133) SdBusAddDevice: FDO FFFFF6476F091040 attached to FFFFF6476F09DC70
[   17.709023] (\drivers\bus\sd\fdo.c:630) SDHCI: Memory resource at 0x1000fff000 length 0x260
[   17.716756] (\drivers\bus\sd\fdo.c:646) SDHCI: Interrupt vector 305 level 6
[   17.724402] (\drivers\bus\sd\fdo.c:283) SdBusInitializeController: RegisterBase FFFFE458FC255000
[   17.732462] (\drivers\bus\sd\fdo.c:303) SDHCI: Version 1.02, Caps 0x15e2c832, Caps2 0x8000a577, BaseClock 200000 kHz
[   17.750975] (\drivers\bus\sd\fdo.c:537) SDHCI: SDMA buffer at VA=FFFFE458FC215000 PA=0x00d5c000 (262144 bytes)
[   17.759339] (\ntoskrnl\io\pnpmgr\pnpmgr.c:164) CDDB: set Driver='{a0a588a4-c46f-4b37-b7ea-c82fe89870c6}\0001' for critical device (0x00000000)
[   17.771109] (\drivers\bus\sd\sdbus.c:57) SdBusAddDevice: PhysicalDeviceObject FFFFF6476F09D870
[   17.779443] (\drivers\bus\sd\sdbus.c:133) SdBusAddDevice: FDO FFFFF6476EFCFBA0 attached to FFFFF6476F09D870
[   17.789717] (\drivers\bus\sd\fdo.c:630) SDHCI: Memory resource at 0x1001100000 length 0x260
[   17.797478] (\drivers\bus\sd\fdo.c:646) SDHCI: Interrupt vector 306 level 7
[   17.805119] (\drivers\bus\sd\fdo.c:283) SdBusInitializeController: RegisterBase FFFFE458FC20B000
[   17.813183] (\drivers\bus\sd\fdo.c:303) SDHCI: Version 1.02, Caps 0x55e6c832, Caps2 0x8000a527, BaseClock 200000 kHz
[   17.830988] (\drivers\bus\sd\fdo.c:537) SDHCI: SDMA buffer at VA=FFFFE458FC1CB000 PA=0x00da5000 (262144 bytes)
[   17.850206] (\drivers\bus\sd\enum.c:945) SdBusEnumerateCard: CMD8 not supported (SD v1.x, MMC, or SDIO)
[   17.856994] (\drivers\bus\sd\enum.c:966) SdBusEnumerateCard: CMD5 detected SDIO funcs=3 memory=0 OCR=0x30ffff00
[   17.867053] (\drivers\bus\sd\enum.c:1005) SdBusEnumerateCard: SDIO card ready, OCR=0xb0ffff00 funcs=3
[   17.876242] (\drivers\bus\sd\enum.c:1291) SdBusEnumerateCard: RCA = 0x0001
[   17.885460] (\drivers\bus\sd\sdio.c:525) SdBusSdioEnumerateFunctions: CCCR rev=0x43 spec=0x03 cap=0x02 bus_if=0x40 uhs=0x07 CIS=0x0010AC NumFuncs=3
[   17.899593] (\drivers\bus\sd\sdio.c:532) SdBusSdioEnumerateFunctions: Common CIS VID=0x02D0 DID=0x4345 class=0x0C
[   17.907236] (\drivers\bus\sd\sdio.c:556) SdBusSdioEnumerateFunctions: SDIO 4-bit bus enabled
[   17.915947] (\drivers\bus\sd\sdio.c:568) SdBusSdioEnumerateFunctions: SDIO high-speed enabled
[   17.928983] (\drivers\bus\sd\sdio.c:632) SdBusSdioEnumerateFunctions: func 1 std=0x00 ext=0x00 class=0x0C CIS=0x001000 VID=0x02D0 DID=0x4345
[   17.938703] (\drivers\bus\sd\sdio.c:468) SdBusCreateSdioFunctionPdo: func=1 VID=02D0 DID=4345 class=12 PDO=FFFFF6476EFCE070
[   17.954901] (\drivers\bus\sd\sdio.c:632) SdBusSdioEnumerateFunctions: func 2 std=0x00 ext=0x00 class=0x0C CIS=0x001038 VID=0x02D0 DID=0x4345
[   17.964631] (\drivers\bus\sd\sdio.c:468) SdBusCreateSdioFunctionPdo: func=2 VID=02D0 DID=4345 class=12 PDO=FFFFF6476EFCEAF0
[   17.981431] (\drivers\bus\sd\sdio.c:632) SdBusSdioEnumerateFunctions: func 3 std=0x02 ext=0x00 class=0x02 CIS=0x001070 VID=0x02D0 DID=0x4345
[   17.991162] (\drivers\bus\sd\sdio.c:468) SdBusCreateSdioFunctionPdo: func=3 VID=02D0 DID=4345 class=2 PDO=FFFFF6476F126070
[   18.002166] (\drivers\bus\sd\enum.c:1569) SdBusEnumerateCard: Enumeration complete, CardType=5, HighCapacity=0, TotalSectors=0
[   18.013531] (\drivers\bus\sd\enum.c:1604) SdBusProgramClock: Setting transfer clock to 50000 kHz
[   18.576597] (\ntoskrnl\mm\ARM3\sysldr.c:170) Loading: \SystemRoot\system32\drivers\rpi5vc4.sys at FFFFE458FC1AE000 with 14 pages
[   18.725857] (\ntoskrnl\mm\ARM3\sysldr.c:170) Loading: \SystemRoot\system32\drivers\dxgkrnl.sys at FFFFE458FC17C000 with 32 pages
[   19.021962] (\drivers\directx\dxgkrnl\adapter.c:3376) DXGKRNL: ERROR: DxgkAdapterStart: NO translated resources! (PDO=FFFFF6476F19F900 DOD=0)
[   19.048225] RPI5VC4: HVS IOMMU CTRL=00000000 (enable=0 bypass=0) PT=00000000 MISC=80003ffc DBG=20804774
[   19.054730] RPI5VC4: HVS IOMMU ADDR_CAP=00000fff (disabled, cap=1048320 MB) BYPASS=[00000000..00000fff] ILLEGAL=00000000
[   19.068017] (\drivers\directx\rpi5vc4\rpi5vc4.c:447) RPI5VC4: VideoCore firmware revision 0x69372732
[   19.082798] (\drivers\directx\rpi5vc4\rpi5vc4.c:460) RPI5VC4: V3D clock at 960 MHz
[   19.094842] (\drivers\directx\rpi5vc4\rpi5vc4_v3d.c:419) RPI5VC4: timer resolution granted 10000
[   19.100743] (\drivers\directx\rpi5vc4\rpi5vc4_v3d.c:423) RPI5VC4: init ERR_STAT after clear=00001000
[   19.109853] (\drivers\directx\rpi5vc4\rpi5vc4_v3d.c:433) RPI5VC4: V3D 7.1 online — hub 0x42554856/0x00081117 core 0x07443356, slab GPU VA 0x01000000 (65536 KB)
[   19.124262] (\drivers\directx\rpi5vc4\rpi5vc4_v3d.c:628) RPI5VC4: V3D interrupt connected (core=1/INTID282 hub=1/INTID281)
[   19.138085] RPI5VC4: LPTRS@0x110=000002a0 head=672 ctl0=600cc007 ptr1=3f400000 valid=1 match=1
[   19.143864] RPI5VC4: LPTRS@0x03c=ffffffff head=4095 (skip)
[   19.149331] RPI5VC4: takeover OK reg=0x110 head=672 fb=00:3f400000 cursor=0 start=0 count=10
[   19.158273] RPI5VC4: LPTRS@0x110=000002a0 head=672 ctl0=490cc007 ptr1=3f400000 valid=1 match=1
[   19.166335] RPI5VC4: LPTRS@0x03c=ffffffff head=4095 (skip)
[   19.171800] RPI5VC4: takeover OK reg=0x110 head=672 fb=00:3f400000 cursor=0 start=9 count=10
[   19.180218] RPI5VC4: LPTRS@0x110=000002a0 head=672 ctl0=490cc007 ptr1=3f400000 valid=1 match=1
[   19.188803] RPI5VC4: LPTRS@0x03c=ffffffff head=4095 (skip)
[   19.194270] RPI5VC4: takeover OK reg=0x110 head=672 fb=00:3f400000 cursor=0 start=9 count=10
[   19.299504] (\ntoskrnl\mm\ARM3\sysldr.c:170) Loading: \SystemRoot\system32\drivers\softgpu.sys at FFFFE458F6575000 with 8 pages
[   19.542560] (\drivers\directx\dxgkrnl\adapter.c:3376) DXGKRNL: ERROR: DxgkAdapterStart: NO translated resources! (PDO=FFFFF6476F19F6E0 DOD=0)
[   19.552479] (\drivers\directx\softgpu\softgpu.c:370) SOFTGPU: no acquirable boot framebuffer -- declining (none exists, or a real GPU miniport owns the display)
[   19.566681] (\drivers\directx\dxgkrnl\adapter.c:3613) DXGKRNL: ERROR: DxgkAdapterStart: DxgkDdiStartDevice failed 0xC0000182 (IRQs fired during start=0, vec=0 msgbased=0)
[   19.581871] (\ntoskrnl\io\pnpmgr\pnproot.c:1373) IRP_MJ_PNP / Unknown minor function 0x1
[   19.589937] (\ntoskrnl\io\pnpmgr\devaction.c:1936) Removal vetoed by Root\SOFTGPU\0000
[   19.597828] (\ntoskrnl\io\pnpmgr\devaction.c:2057) Removal vetoed by failing the query remove request
[   19.607023] (\ntoskrnl\io\pnpmgr\pnproot.c:1373) IRP_MJ_PNP / Unknown minor function 0x3
[   19.652025] (\ntoskrnl\mm\ARM3\sysldr.c:170) Loading: \SystemRoot\system32\drivers\hidusb.sys at FFFFE458F556C000 with 9 pages
[   19.679922] (\ntoskrnl\mm\ARM3\sysldr.c:170) Loading: \SystemRoot\system32\drivers\hidclass.sys at FFFFE458F555E000 with e pages
[   19.810193] (\ntoskrnl\mm\ARM3\sysldr.c:170) Loading: \SystemRoot\system32\drivers\hidparse.sys at FFFFE458F5552000 with c pages
[   20.031120] (\drivers\hid\hidusb\hidusb.c:1957) Status 0
[   20.044475] (\ntoskrnl\io\pnpmgr\pnpmgr.c:164) CDDB: set Driver='{4D36E96F-E325-11CE-BFC1-08002BE10318}\0000' for critical device (0x00000000)
[   20.128426] (\ntoskrnl\mm\ARM3\sysldr.c:170) Loading: \SystemRoot\system32\drivers\mouhid.sys at FFFFE458F5542000 with 8 pages
[   20.389017] (\ntoskrnl\mm\ARM3\sysldr.c:170) Loading: \SystemRoot\system32\drivers\mouclass.sys at FFFFE458F5538000 with a pages
[   20.584261] (\ntoskrnl\mm\ARM3\sysldr.c:170) Loading: \SystemRoot\system32\drivers\fs_rec.sys at FFFFE458F552E000 with a pages
[   20.848280] (\ntoskrnl\mm\ARM3\sysldr.c:170) Loading: \SystemRoot\system32\drivers\null.sys at FFFFE458F5526000 with 8 pages
[   20.984961] (\ntoskrnl\mm\ARM3\sysldr.c:170) Loading: \SystemRoot\system32\drivers\beep.sys at FFFFE458F551F000 with 7 pages
[   21.249680] (\ntoskrnl\mm\ARM3\sysldr.c:170) Loading: \SystemRoot\system32\drivers\i8042prt.sys at FFFFE458F550E000 with 11 pages
[   21.495393] (\ntoskrnl\wmi\smbios.c:172) Could not find the SMBIOS entry point
[   21.499734] (\ntoskrnl\wmi\smbios.c:233) WmipGetRawSMBiosTableData failed: 0xc0000225
[   21.507540] (\drivers\input\i8042prt\hwhacks.c:208) IoWMIOpenBlock failed: 0xc0000225
[   21.528440] (\ntoskrnl\mm\ARM3\sysldr.c:170) Loading: \SystemRoot\system32\drivers\kbdclass.sys at FFFFE458F5503000 with b pages
[   21.838197] (\ntoskrnl\mm\ARM3\sysldr.c:170) Loading: \SystemRoot\system32\drivers\dxgmms1.sys at FFFFE458F54F1000 with 12 pages
[   22.098480] (\drivers\directx\dxgmms1\dxgmms1.c:62) DXGMMS1: DriverEntry: DirectX GPU Memory Manager and Scheduler loading
[   22.106632] (\drivers\directx\dxgmms1\dxgmms1.c:69) DXGMMS1: DriverEntry: dxgmms1 loaded successfully
[   22.240201] (\ntoskrnl\mm\ARM3\sysldr.c:170) Loading: \SystemRoot\system32\drivers\blue.sys at FFFFE458F54E7000 with a pages
[   22.501836] (\ntoskrnl\mm\ARM3\sysldr.c:170) Loading: \SystemRoot\system32\drivers\viogpudo.sys at FFFFE458F54C9000 with 1e pages
[   22.720627] (\ntoskrnl\mm\ARM3\sysldr.c:170) Loading: \SystemRoot\system32\drivers\msfs.sys at FFFFE458F54C2000 with 7 pages
[   22.986313] (\ntoskrnl\mm\ARM3\sysldr.c:170) Loading: \SystemRoot\system32\drivers\npfs.sys at FFFFE458F54AD000 with 15 pages
[   23.237296] (\ntoskrnl\mm\ARM3\sysldr.c:170) Loading: \SystemRoot\system32\drivers\nwifi.sys at FFFFE458F549C000 with 11 pages
[   23.376686] (\drivers\network\nwifi\nwifi.c:197) NWIFI: DriverEntry
[   23.380114] (\drivers\network\nwifi\control.c:633) NWIFI: control device \Device\Nwifi created
[   23.388657] (\drivers\network\nwifi\nwifi.c:239) NWIFI: DriverEntry succeeded
[   23.417780] (\ntoskrnl\mm\ARM3\sysldr.c:170) Loading: \SystemRoot\system32\drivers\afd.sys at FFFFE458F5482000 with 1a pages
[   23.657473] (\ntoskrnl\mm\ARM3\sysldr.c:170) Loading: \SystemRoot\system32\drivers\netio.sys at FFFFE458F5474000 with e pages
[   23.731500] (\ntoskrnl\io\pnpmgr\pnproot.c:1373) IRP_MJ_PNP / Unknown minor function 0x1
[   23.736712] (\ntoskrnl\io\pnpmgr\devaction.c:1936) Removal vetoed by Root\SOFTGPU\0000
KDB: Executing KDBinit file...
[   23.744599] (\ntoskrnl\io\pnpmgr\devaction.c:2057) Removal vetoed by failing the query remove request
KDB: KDBinit executed
[   23.756573] (\ntoskrnl\io\pnpmgr\pnproot.c:1373) IRP_MJ_PNP / Unknown minor function 0x3
[   23.758578] (\ntoskrnl\io\iomgr\driver.c:309) Deleting driver object '\Driver\KdDriver'
[   23.904435] WARNING:  RtlCreateTagHeap at \sdk\lib\rtl\heap.c:4043 is UNIMPLEMENTED!
[   24.441888] (\base\system\smss\pagefile.c:969) SMSS:PFILE: Volume `\??\C:\' (121) cannot store a paging file
[   24.586171] (\base\system\smss\pagefile.c:969) SMSS:PFILE: Volume `\??\D:\' (121) cannot store a paging file
[   24.708289] (\base\system\smss\pagefile.c:930) SMSS:PFILE: Open volume `\??\E:\' failed with status C000014F
[   24.830348] (\base\system\smss\pagefile.c:930) SMSS:PFILE: Open volume `\??\F:\' failed with status C000014F
[   24.837285] (\base\system\smss\pagefile.c:1048) SMSS:PFILE: No paging-file-capable volumes found
[   24.846050] (\ntoskrnl\config\cmsysini.c:1214) CmpGetRegistryPath: ConfigPath = '\SystemRoot\System32\Config\'
[   24.856044] (\ntoskrnl\config\cmsysini.c:1214) CmpGetRegistryPath: ConfigPath = '\SystemRoot\System32\Config\'
[   24.856118] (\ntoskrnl\config\cmsysini.c:1214) CmpGetRegistryPath: ConfigPath = '\SystemRoot\System32\Config\'
[   24.856073] (\ntoskrnl\config\cmsysini.c:1214) CmpGetRegistryPath: ConfigPath = '\SystemRoot\System32\Config\'
[   24.866007] (\ntoskrnl\config\cmsysini.c:1214) CmpGetRegistryPath: ConfigPath = '\SystemRoot\System32\Config\'
[   24.856058] (\ntoskrnl\config\cmsysini.c:1214) CmpGetRegistryPath: ConfigPath = '\SystemRoot\System32\Config\'
[   24.905960] (\ntoskrnl\config\cmsysini.c:1214) CmpGetRegistryPath: ConfigPath = '\SystemRoot\System32\Config\'
[   25.241014] (\ntoskrnl\mm\ARM3\session.c:846) Session 0 is ready to go: 0xFFFFF97FFF010000 0xFFFFE458F543C000, 2222 0x0000000000000000
[   25.394054] (\ntoskrnl\mm\ARM3\sysldr.c:170) Loading: \SystemRoot\System32\win32k.sys at FFFFE458F5297000 with 17a pages
[   25.450428] (\ntoskrnl\mm\ARM3\sysldr.c:170) Loading: \SystemRoot\System32\ftfd.dll at FFFFE458F51F5000 with a2 pages
[   26.037664] (\win32ss\gdi\ntgdi\d3dkmt.c:183) DxStartupDxgkInt: Entry
[   26.041261] (\win32ss\reactx\ntddraw\ddraw.c:57) Warning: trying loading xp/2003/windows7/reactos dxg.sys
[   26.182715] (\ntoskrnl\mm\ARM3\sysldr.c:170) Loading: \SystemRoot\System32\drivers\dxg.sys at FFFFE458F51D7000 with b pages
[   26.328881] (\ntoskrnl\mm\ARM3\sysldr.c:170) Loading: \SystemRoot\System32\drivers\dxgthk.sys at FFFFE458F5437000 with 5 pages
[   26.694910] (\win32ss\reactx\ntddraw\ddraw.c:112) DirectX interface is activated
[   27.203572] (\win32ss\user\ntuser\winsta.c:243) err: Invalid window station handle
[   27.208322] (\win32ss\user\ntuser\clipboard.c:31) err: Cannot open winsta
[   27.486277] (\win32ss\user\ntuser\class.c:2396) err: SYSTEMCUR(ARROW) == NULL, should not happen!!
[   27.486280] (\win32ss\user\ntuser\keyboard.c:221) err: NtDeviceIoControlFile() failed, ignored
[   27.492364] (\win32ss\user\ntuser\class.c:2396) err: SYSTEMCUR(ARROW) == NULL, should not happen!!
[   27.509886] (\win32ss\user\ntuser\class.c:2396) err: SYSTEMCUR(ARROW) == NULL, should not happen!!
[   27.518820] (\win32ss\user\ntuser\class.c:2396) err: SYSTEMCUR(ARROW) == NULL, should not happen!!
[   27.527760] (\win32ss\user\ntuser\class.c:2396) err: SYSTEMCUR(ARROW) == NULL, should not happen!!
[   27.536693] (\win32ss\user\ntuser\class.c:2396) err: SYSTEMCUR(ARROW) == NULL, should not happen!!
[   27.549201] (\win32ss\user\ntuser\desktop.c:3395) err: The process 0xFFFFF6476EE10B30 'winlogon.exe' didn't have an assigned startup desktop before, assigning it now!
[   27.561217] (\win32ss\user\ntuser\desktop.c:3333) err: Attempted to change thread desktop although the thread has windows!
[   27.572361] (\win32ss\user\winsrv\usersrv\init.c:171) We are logged off
[   27.631149] (\ntoskrnl\mm\ARM3\sysldr.c:170) Loading: \SystemRoot\System32\kbdus.dll at FFFFE458F5199000 with 5 pages
[   28.190468] (\base\system\services\services.c:64) CheckSetup()
[   28.193605] (\base\system\services\services.c:108) Running on LiveCD
[   28.199760] (\base\system\services\services.c:130) ReactOS Setup currently in progress!
[   28.427960] WARNING:  HvHiveWillShrink at \sdk\lib\cmlib\hivewrt.c:584 is UNIMPLEMENTED!
[   28.724538] (\win32ss\gdi\eng\mouse.c:811) Failed to lock the DC.
[   28.745722] fixme:(\dll\win32\rpcrt4\rpc_server.c:1736) (0x1000): stub
[   28.765066] (\base\system\services\services.c:185) ScmLogEvent: RegisterEventSourceW failed 1722
[   28.771930] WARNING:  getMacAddress at \base\services\dcomlaunch\network.c:32 is UNIMPLEMENTED!
[   28.779646] (\base\services\dcomlaunch\network.c:136) Failed finding a proper MAC address, will generate seed
[   28.792211] (\base\system\services\services.c:185) ScmLogEvent: RegisterEventSourceW failed 1722
[   29.226790] (\ntoskrnl\mm\ARM3\sysldr.c:170) Loading: \SystemRoot\System32\cdd.dll at FFFFE458F5092000 with 9 pages
[   29.253423] (\base\system\services\services.c:185) ScmLogEvent: RegisterEventSourceW failed 1722
[   29.263337] WARNING:  LDEVOBJ_bUnloadImage at \win32ss\gdi\eng\ldevobj.c:291 is UNIMPLEMENTED!
[   29.274445] (\ntoskrnl\mm\ARM3\sysldr.c:170) Loading: \SystemRoot\System32\framebuf.dll at FFFFE458F5038000 with 9 pages
[   29.304911] WARNING:  LDEVOBJ_bUnloadImage at \win32ss\gdi\eng\ldevobj.c:291 is UNIMPLEMENTED!
[   29.312489] (\win32ss\reactx\ntddraw\dxeng.c:286) ReactX Calling : DxEngGetHdevData, Type: 12
[   29.319140] (\win32ss\reactx\ntddraw\dxeng.c:289) hDev: FFFFED22768DB010
[   29.325823] (\win32ss\reactx\ntddraw\dxeng.c:343) requested DxEGShDevData_display
[   29.333283] (\win32ss\reactx\ntddraw\dxeng.c:376) retVal: 00000001
[   29.339445] (\win32ss\reactx\ntddraw\dxeng.c:286) ReactX Calling : DxEngGetHdevData, Type: 7
[   29.347858] (\win32ss\reactx\ntddraw\dxeng.c:289) hDev: FFFFED22768DB010
[   29.354541] (\win32ss\reactx\ntddraw\dxeng.c:323) requested DxEGShDevData_eddg
[   29.361740] (\win32ss\reactx\ntddraw\dxeng.c:376) retVal: ffffed22768dd010
[   29.368597] (\win32ss\reactx\ntddraw\dxeng.c:286) ReactX Calling : DxEngGetHdevData, Type: 6
[   29.377010] (\win32ss\reactx\ntddraw\dxeng.c:289) hDev: FFFFED22768DB010
[   29.383693] (\win32ss\reactx\ntddraw\dxeng.c:319) requested DxEGShDevData_dhpdev
[   29.391066] (\win32ss\reactx\ntddraw\dxeng.c:376) retVal: ffffed22768d9080
[   29.397923] (\win32ss\reactx\ntddraw\dxeng.c:534) ReactX Calling : DxEngLockHdev
[   29.405295] (\win32ss\reactx\ntddraw\dxeng.c:536) hDev: FFFFED22768DB010
[   29.411623] RPI5VC4: present #1 moves=0 dirty=1 flip=0 idx=0 scan=3f400000
[   29.411978] (\win32ss\reactx\ntddraw\dxeng.c:286) ReactX Calling : DxEngGetHdevData, Type: 5
[   29.427249] (\win32ss\reactx\ntddraw\dxeng.c:289) hDev: FFFFED22768DB010
[   29.433927] (\win32ss\reactx\ntddraw\dxeng.c:315) requested DxEGShDevData_DrvFuncs
[   29.441478] (\win32ss\reactx\ntddraw\dxeng.c:376) retVal: ffffed22768db378
[   29.444617] RPI5VC4: flip ring: 3 x 8100 KB at 00:441db000
[   29.448331] (\win32ss\reactx\ntddraw\dxeng.c:571) ReactX Calling : DxEngUnlockHdev
[   29.458049] RPI5VC4: LPTRS@0x110=000002a0 head=672 ctl0=490cc007 ptr1=3f400000 valid=1 match=1
[   29.469937] RPI5VC4: LPTRS@0x03c=ffffffff head=4095 (skip)
[   29.475400] RPI5VC4: flip OK head=672 -> 00:441db000
[   29.599138] err:(\win32ss\user\user32\windows\cursoricon.c:274) Loading System Cursors
[   29.742018] RPI5VC4: present #2 moves=0 dirty=1 flip=3 idx=0 scan=441db000
[   29.751093] RPI5VC4: LPTRS@0x110=000002a0 head=672 ctl0=490cc007 ptr1=441db000 valid=1 match=1
[   29.756820] RPI5VC4: LPTRS@0x03c=ffffffff head=4095 (skip)
[   29.762284] RPI5VC4: flip OK head=672 -> 00:449c4000
[   30.002861] err:(\win32ss\user\user32\misc\dllmain.c:668) hIconSmWindows 000000000002006E hIconWindows 000000000002006C 
[   30.010860] (\win32ss\user\ntuser\callback.c:1149) err: hIconSmWindows 000000000002006E hIconWindows 000000000002006C 
[   30.022023] (\win32ss\user\ntuser\desktop.c:3333) err: Attempted to change thread desktop although the thread has windows!
[   30.027352] RPI5VC4: present #3 moves=0 dirty=1 flip=3 idx=1 scan=449c4000
[   30.048386] RPI5VC4: LPTRS@0x110=000002a0 head=672 ctl0=490cc007 ptr1=449c4000 valid=1 match=1
[   30.054113] RPI5VC4: LPTRS@0x03c=ffffffff head=4095 (skip)
[   30.059577] RPI5VC4: flip OK head=672 -> 00:451ad000
[   30.064538] RPI5VC4: present #4 moves=0 dirty=1 flip=3 idx=2 scan=451ad000
[   30.075789] RPI5VC4: LPTRS@0x110=000002a0 head=672 ctl0=490cc007 ptr1=451ad000 valid=1 match=1
[   30.081513] RPI5VC4: LPTRS@0x03c=ffffffff head=4095 (skip)
[   30.086982] RPI5VC4: flip OK head=672 -> 00:441db000
[   30.319401] err:(\dll\win32\lsasrv\lsarpc.c:1452) LsapOpenDbObject(Accounts/S-1-5-6) failed (Status 0xc0000034)
[   30.364882] RPI5VC4: LPTRS@0x110=000002a0 head=672 ctl0=490cc007 ptr1=441db000 valid=1 match=1
[   30.370612] RPI5VC4: LPTRS@0x03c=ffffffff head=4095 (skip)
[   30.376075] RPI5VC4: flip OK head=672 -> 00:449c4000
[   30.381857] RPI5VC4: present #64 moves=0 dirty=1 flip=3 idx=1 scan=449c4000
[   30.388589] RPI5VC4: present #128 moves=0 dirty=1 flip=3 idx=1 scan=449c4000
[   30.395119] RPI5VC4: LPTRS@0x110=000002a0 head=672 ctl0=490cc007 ptr1=449c4000 valid=1 match=1
[   30.403600] RPI5VC4: takeover OK reg=0x110 head=672 fb=00:449c4000 cursor=1 start=9 count=19
[   30.417099] fixme:(\dll\win32\rpcrt4\rpc_server.c:1736) (0x1000): stub
[   30.540265] err:(\win32ss\user\user32\windows\window.c:496) CreateWindowExW RegisterSystemControls
[   30.592487] (\win32ss\user\ntuser\desktop.c:1370) err: ptiLastInput is CLEARED!!
[   30.592670] (\ntoskrnl\config\cmcontrl.c:269) CmpSaveBootControlSet(1)
[   30.603864] (\win32ss\user\ntuser\desktop.c:3333) err: Attempted to change thread desktop although the thread has windows!
[   30.624157] RPI5VC4: LPTRS@0x110=000002a0 head=672 ctl0=490cc007 ptr1=449c4000 valid=1 match=1
[   30.629888] RPI5VC4: flip OK head=672 -> 00:451ad000
[   30.642427] RPI5VC4: present #192 moves=0 dirty=1 flip=3 idx=2 scan=451ad000
[   30.648018] RPI5VC4: LPTRS@0x110=000002a0 head=672 ctl0=490cc007 ptr1=451ad000 valid=1 match=1
[   30.655206] RPI5VC4: takeover OK reg=0x110 head=672 fb=00:451ad000 cursor=0 start=9 count=10
[   30.663660] RPI5VC4: LPTRS@0x110=000002a0 head=672 ctl0=490cc007 ptr1=451ad000 valid=1 match=1
[   30.672205] RPI5VC4: takeover OK reg=0x110 head=672 fb=00:451ad000 cursor=1 start=9 count=19
[   30.929501] (\dll\ntdll\ldr\ldrinit.c:2244) WARN: Accepting different LOAD_CONFIG size!
[   30.996755] (\dll\ntdll\rtl\libsupp.c:1173) ApiSetResolveToHost redirected api-ms-win-crt-private-l1-1-0.dll to C:\ReactOS\System32\ucrtbase.dll
[   31.024063] err:(\base\services\wkssvc\wkssvc.c:82) ServiceInit()
[   31.045806] (\dll\ntdll\rtl\libsupp.c:1173) ApiSetResolveToHost redirected api-ms-win-crt-stdio-l1-1-0.dll to C:\ReactOS\System32\ucrtbase.dll
[   31.055749] (\dll\ntdll\rtl\libsupp.c:1173) ApiSetResolveToHost redirected api-ms-win-crt-string-l1-1-0.dll to C:\ReactOS\System32\ucrtbase.dll
[   31.068584] (\dll\ntdll\rtl\libsupp.c:1173) ApiSetResolveToHost redirected api-ms-win-crt-runtime-l1-1-0.dll to C:\ReactOS\System32\ucrtbase.dll
[   31.069858] fixme:(\win32ss\printing\providers\localspl\monitors.c:265) InitializePrintMonitor2 loaded.
[   31.082010] err:(\base\services\wkssvc\rpcserver.c:61) RpcServerListen() failed (Status 6b1)
[   31.090934] fixme:(\win32ss\printing\providers\localspl\monitors.c:304) InitializePrintMonitorList Handle 00000000401368E0
[   31.081597] (\dll\ntdll\rtl\libsupp.c:1173) ApiSetResolveToHost redirected api-ms-win-crt-locale-l1-1-0.dll to C:\ReactOS\System32\ucrtbase.dll
[   31.116948] fixme:(\base\services\browser\browser.c:144) ServiceMain(1 0000000040129C60)
[   31.123154] (\dll\ntdll\rtl\libsupp.c:1173) ApiSetResolveToHost redirected api-ms-win-crt-math-l1-1-0.dll to C:\ReactOS\System32\ucrtbase.dll
[   31.132080] fixme:(\win32ss\printing\providers\localspl\forms.c:234) InitializeFormList
[   31.131812] err:(\base\services\browser\rpcserver.c:42) RpcServerListen() failed (Status 6b1)
[   31.152473] fixme:(\win32ss\printing\providers\localspl\printerdrivers.c:788) LocalGetPrinterDriverDirectory((null), Windows ARM64, 1, 00000000419FF168, 520, 00000000419FF164)
[   31.143934] (\dll\ntdll\rtl\libsupp.c:1173) ApiSetResolveToHost redirected api-ms-win-crt-heap-l1-1-0.dll to C:\ReactOS\System32\ucrtbase.dll
[   31.188657] (\dll\ntdll\rtl\libsupp.c:1173) ApiSetResolveToHost redirected api-ms-win-crt-convert-l1-1-0.dll to C:\ReactOS\System32\ucrtbase.dll
[   31.201635] (\dll\ntdll\rtl\libsupp.c:1173) ApiSetResolveToHost redirected api-ms-win-crt-environment-l1-1-0.dll to C:\ReactOS\System32\ucrtbase.dll
[   31.216238] RPI5VC4: present #256 moves=0 dirty=1 flip=3 idx=0 scan=441db000
[   31.562752] fixme:(\win32ss\printing\providers\localspl\printerdrivers.c:832) => L"C:\\ReactOS\\System32\\spool\\drivers\\arm64"
[   31.571446] fixme:(\win32ss\printing\providers\localspl\printerdrivers.c:114) DriverPath : C:\ReactOS\System32\spool\drivers\arm64\3\UniDrv.dll
[   31.580640] (\dll\win32\syssetup\wizard.c:1482) Applying visual theme '(Classic)'
[   31.618307] (\dll\ntdll\rtl\libsupp.c:1173) ApiSetResolveToHost redirected api-ms-win-core-localization-l1-2-1 to C:\ReactOS\System32\kernel32.dll
[   31.649094] err:(\dll\opengl\opengl32\icdload.c:99) Forcing ReactOS Software Implementation
[   31.654569] OPENGL32: ICD (none) formats=0 for hdc 000000000F01009F
[   31.661386] OPENGL32: C:\ReactOS\bin\gears.exe renders with the SOFTWARE Mesa implementation (no ICD)
[   32.026626] (\win32ss\user\ntuser\winpos.c:796) err: FIXME: Parent is Desktop, Min off screen!
[   32.033293] err:(\dll\win32\combase\combase.c:1796) class {56fdf344-fd6d-11d0-958a-006097c9a090} not registered
[   32.042439] err:(\dll\win32\combase\combase.c:1874) no class object {56fdf344-fd6d-11d0-958a-006097c9a090} could be created for context 0x1
[   33.062033] RPI5VC4: present #320 moves=0 dirty=1 flip=3 idx=0 scan=441db000
[   33.066722] RPI5VC4: present #384 moves=0 dirty=1 flip=3 idx=0 scan=441db000
[   33.092816] RPI5VC4: present #448 moves=0 dirty=1 flip=3 idx=1 scan=449c4000
[   33.104544] RPI5VC4: present #512 moves=0 dirty=1 flip=3 idx=1 scan=449c4000
[   33.119569] RPI5VC4: present #576 moves=0 dirty=1 flip=3 idx=2 scan=451ad000
[   33.934819] RPI5VC4: present #640 moves=0 dirty=1 flip=3 idx=1 scan=449c4000
[   34.659758] RPI5VC4: present #704 moves=0 dirty=1 flip=3 idx=1 scan=449c4000
[   35.382476] RPI5VC4: present #768 moves=0 dirty=1 flip=3 idx=1 scan=449c4000
[   36.103178] RPI5VC4: present #832 moves=0 dirty=1 flip=3 idx=1 scan=449c4000
[   36.800928] 2068 frames in 5.0 seconds = 413.517 FPS
[   36.834724] RPI5VC4: present #896 moves=0 dirty=1 flip=3 idx=1 scan=449c4000
[   37.560860] RPI5VC4: present #960 moves=0 dirty=1 flip=3 idx=1 scan=449c4000
[   38.295734] RPI5VC4: present #1024 moves=0 dirty=1 flip=3 idx=1 scan=449c4000
[   39.026651] RPI5VC4: present #1088 moves=0 dirty=1 flip=3 idx=1 scan=449c4000
[   39.753558] RPI5VC4: present #1152 moves=0 dirty=1 flip=3 idx=1 scan=449c4000
[   40.474203] RPI5VC4: present #1216 moves=0 dirty=1 flip=3 idx=1 scan=449c4000
[   41.197395] RPI5VC4: present #1280 moves=0 dirty=1 flip=3 idx=1 scan=449c4000
[   41.793412] 2193 frames in 5.0 seconds = 438.600 FPS
[   41.924089] RPI5VC4: present #1344 moves=0 dirty=1 flip=3 idx=1 scan=449c4000
[   42.648629] RPI5VC4: present #1408 moves=0 dirty=1 flip=3 idx=1 scan=449c4000
[   43.373279] RPI5VC4: present #1472 moves=0 dirty=1 flip=3 idx=1 scan=449c4000
[   44.096998] RPI5VC4: present #1536 moves=0 dirty=1 flip=3 idx=1 scan=449c4000
[   44.821274] RPI5VC4: present #1600 moves=0 dirty=1 flip=3 idx=1 scan=449c4000
[   45.557570] RPI5VC4: present #1664 moves=0 dirty=1 flip=3 idx=1 scan=449c4000
[   46.279601] RPI5VC4: present #1728 moves=0 dirty=1 flip=3 idx=1 scan=449c4000
[   46.794574] 2203 frames in 5.0 seconds = 440.512 FPS
[   47.003876] RPI5VC4: present #1792 moves=0 dirty=1 flip=3 idx=1 scan=449c4000
[   47.731644] RPI5VC4: present #1856 moves=0 dirty=1 flip=3 idx=1 scan=449c4000
[   48.455923] RPI5VC4: present #1920 moves=0 dirty=1 flip=3 idx=1 scan=449c4000
[   49.181065] RPI5VC4: present #1984 moves=0 dirty=1 flip=3 idx=1 scan=449c4000
[   49.905301] RPI5VC4: present #2048 moves=0 dirty=1 flip=3 idx=1 scan=449c4000
[   50.632589] RPI5VC4: present #2112 moves=0 dirty=1 flip=3 idx=1 scan=449c4000
[   51.356767] RPI5VC4: present #2176 moves=0 dirty=1 flip=3 idx=1 scan=449c4000
[   51.794995] 2204 frames in 5.0 seconds = 440.800 FPS
[   52.080590] RPI5VC4: present #2240 moves=0 dirty=1 flip=3 idx=1 scan=449c4000
[   52.804329] RPI5VC4: present #2304 moves=0 dirty=1 flip=3 idx=1 scan=449c4000
[   53.529818] RPI5VC4: present #2368 moves=0 dirty=1 flip=3 idx=1 scan=449c4000
[   54.254014] RPI5VC4: present #2432 moves=0 dirty=1 flip=3 idx=1 scan=449c4000
[   54.978176] RPI5VC4: present #2496 moves=0 dirty=1 flip=3 idx=1 scan=449c4000
[   55.702391] RPI5VC4: present #2560 moves=0 dirty=1 flip=3 idx=1 scan=449c4000
[   56.429808] RPI5VC4: present #2624 moves=0 dirty=1 flip=3 idx=1 scan=449c4000
[   56.796144] 2210 frames in 5.0 seconds = 441.912 FPS
[   57.155674] RPI5VC4: present #2688 moves=0 dirty=1 flip=3 idx=1 scan=449c4000
[   57.879426] RPI5VC4: present #2752 moves=0 dirty=1 flip=3 idx=1 scan=449c4000
[   58.606240] RPI5VC4: present #2816 moves=0 dirty=1 flip=3 idx=1 scan=449c4000
[   59.330334] RPI5VC4: present #2880 moves=0 dirty=1 flip=3 idx=1 scan=449c4000
[   60.054294] RPI5VC4: present #2944 moves=0 dirty=1 flip=3 idx=1 scan=449c4000
[   60.781319] RPI5VC4: present #3008 moves=0 dirty=1 flip=3 idx=1 scan=449c4000
[   61.029405] (\base\system\services\database.c:1840) Log EVENT_CONNECTION_TIMEOUT by GearsSvc
[   61.034962] (\base\system\services\database.c:2107) Connecting control pipe failed! (Error 1053)
[   61.043731] (\base\system\services\database.c:2121) Terminating unresponsive service process 'GearsSvc'
[   61.053103] (\base\system\services\database.c:753) ScmRemoveServiceImage() called
[   61.091023] err:(\base\services\srvsvc\rpcserver.c:64) RpcServerListen() failed (Status 6b1)
[   61.119074] V3DSMOKE: rpi5vc4 V3dReady=1 ver=71 slab=64MB gpuva=0x01000000
[   61.123079] (\drivers\directx\dxgkrnl\d3dkmt.c:3488) D3DKMT CREATEALLOC #1 enter
[   61.130453] (\drivers\directx\dxgkrnl\d3dkmt.c:3491) D3DKMT CREATEALLOC #1 exit 0x00000000
[   61.138714] (\drivers\directx\dxgkrnl\d3dkmt.c:3524) D3DKMT LOCK #1 enter hAlloc=0x4d4d414d
[   61.147377] (\drivers\directx\dxgkrnl\vidmm.c:3077) VidMm usermap #1 h=0x4D4D414D va=0000000040520000 resident=1 seg=1 pa=401db000 cache=2
[   61.159425] (\drivers\directx\dxgkrnl\d3dkmt.c:3570) D3DKMT LOCK #1 exit va=0000000040520000
[   61.167899] (\drivers\directx\rpi5vc4\rpi5vc4_wddm.c:276) RPI5VC4: V3D job fence=1 EMPTY ranges bcl=00000000..00000000 rcl=01000000..01000000 qts=00000000 — completing without kick
[   61.184127] V3DSMOKE: alloc-relative submit status=0x00000000
[   61.189811] (\drivers\directx\dxgkrnl\d3dkmt.c:3488) D3DKMT CREATEALLOC #2 enter
[   61.197173] (\drivers\directx\dxgkrnl\d3dkmt.c:3491) D3DKMT CREATEALLOC #2 exit 0x00000000
[   61.219574] (\base\system\services\database.c:1836) Service V3dProbe exited without connecting the control pipe
[   61.226781] (\base\system\services\database.c:2107) Connecting control pipe failed! (Error 1053)
[   61.235545] (\base\system\services\database.c:753) ScmRemoveServiceImage() called
[   61.279272] (\base\services\wuauserv\wuauserv.c:44) WU UpdateServiceStatus(4) called
[   61.295355] (\base\services\umpnpmgr\install.c:931) Boot device install: 38 candidate(s), 36 need install
[   61.302055] (\base\services\umpnpmgr\install.c:392) Installing: batch[36 devices]
[   61.317083] (\base\services\umpnpmgr\event.c:103) Removal pending: Root\SOFTGPU\0000
[   61.321952] (\base\services\umpnpmgr\event.c:99) Removal vetoed: Root\SOFTGPU\0000
[   61.329728] (\base\services\umpnpmgr\event.c:103) Removal pending: Root\SOFTGPU\0000
[   61.337224] (\base\services\umpnpmgr\event.c:99) Removal vetoed: Root\SOFTGPU\0000
[   61.413661] (\base\services\umpnpmgr\install.c:526) Installing: ACPI\ACPI0004\0
[   61.418107] (\base\services\umpnpmgr\install.c:526) Installing: ACPI\ACPI0004\1
[   61.425386] (\base\services\umpnpmgr\install.c:526) Installing: ACPI\ACPI0007\0
[   61.432675] (\base\services\umpnpmgr\install.c:526) Installing: ACPI\ACPI0007\1
[   61.439961] (\base\services\umpnpmgr\install.c:526) Installing: ACPI\ACPI0007\2
[   61.447251] (\base\services\umpnpmgr\install.c:526) Installing: ACPI\ACPI0007\3
[   61.454539] (\base\services\umpnpmgr\install.c:526) Installing: ACPI\AMZN0001\1
[   61.461827] (\base\services\umpnpmgr\install.c:526) Installing: ACPI\ARMH0011\0
[   61.469113] (\base\services\umpnpmgr\install.c:526) Installing: ACPI\BRCM5D12\0
[   61.476404] (\base\services\umpnpmgr\install.c:526) Installing: ACPI\BRCM5D12\1
[   61.483690] (\base\services\umpnpmgr\install.c:526) Installing: ACPI\FixedButton\2&ccb86d17&FFB0
[   61.492458] (\base\services\umpnpmgr\install.c:526) Installing: ACPI\PNP0A08\1
[   61.499653] (\base\services\umpnpmgr\install.c:526) Installing: ACPI\PNP0D10\0
[   61.506857] (\base\services\umpnpmgr\install.c:526) Installing: ACPI\PNP0D10\1
[   61.514056] (\base\services\umpnpmgr\install.c:526) Installing: ACPI\PRP0001\0
[   61.521259] (\base\services\umpnpmgr\install.c:526) Installing: ACPI_HAL\PNP0C08\0
[   61.528807] (\base\services\umpnpmgr\install.c:526) Installing: DISPLAY\Default_Monitor\4&00000000&0&00
[   61.538180] (\base\services\umpnpmgr\install.c:526) Installing: DISPLAY\Default_Monitor\4&00000001&0&01
[   61.547547] (\base\services\umpnpmgr\install.c:526) Installing: HID\Vid_413c&Pid_301a\5&68ef529e&2&Col0001
[   61.557180] (\base\services\umpnpmgr\install.c:526) Installing: HTREE\ROOT\0
[   61.564205] (\base\services\umpnpmgr\install.c:526) Installing: Root\ACPI_HAL\0000
[   61.571760] (\base\services\umpnpmgr\install.c:526) Installing: SD\VID_0003&PID_FF00\00000000_00000000_B0FEFF00
[   61.581822] (\base\services\umpnpmgr\install.c:526) Installing: SDIO\VEN_02D0&DEV_4345&FUNC_1\00000000_00000000_02D0_4345_FUNC_1
[   61.593361] (\base\services\umpnpmgr\install.c:526) Installing: SDIO\VEN_02D0&DEV_4345&FUNC_2\00000000_00000000_02D0_4345_FUNC_2
[   61.604901] (\base\services\umpnpmgr\install.c:526) Installing: SDIO\VEN_02D0&DEV_4345&FUNC_3\00000000_00000000_02D0_4345_FUNC_3
[   61.616442] (\base\services\umpnpmgr\install.c:526) Installing: STORAGE\Partition\6&3c4bbb55&S00000000_O100000_L2ff00000
[   61.627287] (\base\services\umpnpmgr\install.c:526) Installing: STORAGE\Partition\6&87aea797&S9df3f58f-f8ad-4f63-9de5-0e0a91c4e2a0S_O100000_L10400000
[   61.640649] (\base\services\umpnpmgr\install.c:526) Installing: STORAGE\Partition\6&87aea797&S9df3f58f-f8ad-4f63-9de5-0e0a91c4e2a0S_O10500000_L1000000
[   61.654098] (\base\services\umpnpmgr\install.c:526) Installing: STORAGE\Partition\6&87aea797&S9df3f58f-f8ad-4f63-9de5-0e0a91c4e2a0S_O11500000_L7c0000000
[   61.667716] (\base\services\umpnpmgr\install.c:526) Installing: USB\ROOT_HUB\3&cc8c31f5
[   61.675696] (\base\services\umpnpmgr\install.c:526) Installing: USB\ROOT_HUB\3&d59700b4
[   61.683684] (\base\services\umpnpmgr\install.c:526) Installing: USB\Vid_0781&Pid_5581\0901da96cc5f2a6e98145c166ee0bf8579199debc6f1126c17dcbe55724e3388e11a00000000000000000000897c8cadff082920815581076e327e7a
[   61.684009] (\base\services\umpnpmgr\rpcserver.c:3673) PNP_SetDeviceProblem(000000004012B220 ACPI\ACPI0004\0 28 0x00000001)
[   61.701993] (\base\services\umpnpmgr\install.c:526) Installing: USB\Vid_0781&Pid_5591\01016e01ffd6f47ad7a9a904dc54438de8ee4ed362c463e23b37a4d9b83f12b6b3e3000000000000000000004ca60268000d5400915581077b32dc12
[   61.713141] (\base\services\umpnpmgr\rpcserver.c:277) SetDeviceStatus(ACPI\ACPI0004\0 0x400 0x1c)
[   61.731403] (\base\services\umpnpmgr\install.c:526) Installing: USB\Vid_413c&Pid_301a\4&83bb0d7e&2
[   61.740258] (\ntoskrnl\io\pnpmgr\plugplay.c:983) Set status data is NOT SUPPORTED
[   61.749191] (\base\services\umpnpmgr\install.c:526) Installing: USBSTOR\Disk&Ven__USB____&Prod__SanDisk_3.2Gen1&Rev_1.00\5&955e2bc9&01016e01ffd6f47ad7a9a904dc54438de8ee4ed362c463e23b37a4d9b83f12b6b3e3000000000000000000004ca60268000d5400915581077b32dc12&0
[   61.759713] (\base\services\umpnpmgr\rpcserver.c:3673) PNP_SetDeviceProblem(000000004012B220 ACPI\ACPI0004\1 28 0x00000001)
[   61.779126] (\base\services\umpnpmgr\install.c:526) Installing: USBSTOR\Disk&Ven__USB____&Prod__SanDisk_3.2Gen1&Rev_1.00\5&bb7f1351&0901da96cc5f2a6e98145c166ee0bf8579199debc6f1126c17dcbe55724e3388e11a00000000000000000000897c8cadff082920815581076e327e7a&0
[   61.790242] (\base\services\umpnpmgr\rpcserver.c:277) SetDeviceStatus(ACPI\ACPI0004\1 0x400 0x1c)
[   61.821557] (\ntoskrnl\io\pnpmgr\plugplay.c:983) Set status data is NOT SUPPORTED
[   62.411776] (\base\services\umpnpmgr\rpcserver.c:3673) PNP_SetDeviceProblem(000000004012B220 ACPI\BRCM5D12\0 28 0x00000001)
[   62.420062] (\base\services\umpnpmgr\rpcserver.c:277) SetDeviceStatus(ACPI\BRCM5D12\0 0x400 0x1c)
[   62.428893] (\ntoskrnl\io\pnpmgr\plugplay.c:983) Set status data is NOT SUPPORTED
[   62.437460] (\base\services\umpnpmgr\rpcserver.c:3673) PNP_SetDeviceProblem(000000004012B220 ACPI\BRCM5D12\1 28 0x00000001)
[   62.447465] (\base\services\umpnpmgr\rpcserver.c:277) SetDeviceStatus(ACPI\BRCM5D12\1 0x400 0x1c)
[   62.456309] (\ntoskrnl\io\pnpmgr\plugplay.c:983) Set status data is NOT SUPPORTED
[   62.743386] (\ntoskrnl\io\pnpmgr\devaction.c:2657) NOTE: attempt to start an already started/uninitialized device ACPI\PNP0A08\1
[   62.745400] RPI5VC4: present #3072 moves=0 dirty=1 flip=3 idx=1 scan=449c4000
[   62.894649] (\ntoskrnl\io\pnpmgr\devaction.c:2657) NOTE: attempt to start an already started/uninitialized device ACPI\PNP0D10\0
[   63.039223] (\ntoskrnl\io\pnpmgr\devaction.c:2657) NOTE: attempt to start an already started/uninitialized device ACPI\PNP0D10\1
[   63.211413] (\ntoskrnl\mm\ARM3\sysldr.c:170) Loading: \SystemRoot\System32\drivers\rp1gem.sys at FFFFE458F3657000 with c pages
[   63.235131] NDIS6-INIT: NdisAllocateBufferPool -> 0x00000000, handle=0000000000000000
[   63.240080] NDIS6-INIT: NdisAllocatePacketPool -> 0x00000000, handle=FFFFF6476E2F6000
[   63.248528] NDIS6: InitializeEx → driver (adapter=FFFFF6476E2FB1C0 pdo=FFFFF6476F09D070 fdo=FFFFF6476E2FB070 next=FFFFF6476F09D070)
[   63.266005] NDIS6: NdisMRegisterInterruptEx vec=261 irql=12 affinity=0x1 mode=Level share=1
[   63.271477] NDIS6: IoConnectInterrupt -> 0x00000000, KINTERRUPT=FFFFF6476F2582B0
[   63.278987] NDIS6: adapter FFFFF6476E2FB1C0 MAC 2c:cf:67:dd:90:9a connect=2
[   63.285927] NDIS6: InitializeEx returned 0x00000000 (ctx=FFFFF6476E2F1000)
[   63.292646] (\drivers\network\nwifi\protocol.c:248) NWIFI: BindAdapterEx '\Device\{26c6fec0-baf4-4850-920c-ee0294a3d33c}'
[   63.303575] (\drivers\network\nwifi\protocol.c:253) NWIFI: skipping non-dot11 medium 0
[   63.448005] (\ntoskrnl\io\pnpmgr\devaction.c:2657) NOTE: attempt to start an already started/uninitialized device ACPI_HAL\PNP0C08\0
[   63.743045] (\ntoskrnl\io\pnpmgr\devaction.c:2657) NOTE: attempt to start an already started/uninitialized device HID\Vid_413c&Pid_301a\5&68ef529e&2&Col0001
[   63.896196] (\ntoskrnl\io\pnpmgr\devaction.c:2657) NOTE: attempt to start an already started/uninitialized device Root\ACPI_HAL\0000
[   63.968016] (\base\services\umpnpmgr\rpcserver.c:3673) PNP_SetDeviceProblem(000000004012B220 SD\VID_0003&PID_FF00\00000000_00000000_B0FEFF00 28 0x00000001)
[   63.979053] (\base\services\umpnpmgr\rpcserver.c:277) SetDeviceStatus(SD\VID_0003&PID_FF00\00000000_00000000_B0FEFF00 0x400 0x1c)
[   63.990670] (\ntoskrnl\io\pnpmgr\plugplay.c:983) Set status data is NOT SUPPORTED
[   64.135939] (\ntoskrnl\mm\ARM3\sysldr.c:170) Loading: \SystemRoot\System32\drivers\cyw43455.sys at FFFFE458F3649000 with e pages
[   64.158945] NDIS6-INIT: NdisAllocateBufferPool -> 0x00000000, handle=0000000000000000
[   64.163896] NDIS6-INIT: NdisAllocatePacketPool -> 0x00000000, handle=FFFFF6476F3B7000
[   64.171731] NDIS6: InitializeEx → driver (adapter=FFFFF6476F3B61C0 pdo=FFFFF6476EFCE070 fdo=FFFFF6476F3B6070 next=FFFFF6476EFCE070)
[   64.398514] NDIS6: adapter FFFFF6476F3B61C0 MAC b8:27:eb:74:f2:6c connect=2
[   64.402635] NDIS6: InitializeEx returned 0x00000000 (ctx=FFFFF6476F3BC000)
[   64.409455] (\drivers\network\nwifi\protocol.c:248) NWIFI: BindAdapterEx '\Device\{2e9d7873-a682-4f8b-8875-20bb381cb009}'
[   64.420790] NDIS6: seeded TCPIP registry for \Device\{B1D2C3E4-5F6A-4B8C-9D0E-02524F535731}
[   64.428709] NDIS6: InitializeEx → driver (adapter=FFFFF6476F61F1C0 pdo=FFFFF6476F61F070 fdo=FFFFF6476F61F070 next=0000000000000000)
[   64.440684] (\drivers\network\nwifi\miniport.c:117) NWIFI: MiniportInitializeEx interface 0
[   64.449011] NDIS6: adapter FFFFF6476F61F1C0 MAC b8:27:eb:74:f2:6c connect=2
[   64.455952] NDIS6: InitializeEx returned 0x00000000 (ctx=FFFFF6476F455E20)
[   64.462805] NDIS6: Restart → driver
[   64.466451] (\drivers\network\nwifi\miniport.c:210) NWIFI: MiniportRestartEx interface 0
[   64.474520] NDIS6: LINK_STATE adapter=FFFFF6476F61F1C0 connect=2 rx=18446744073709551615 tx=18446744073709551615
[   64.484671] NDIS6: RestartHandler returned 0x00000000
[   64.489703] (\drivers\network\nwifi\protocol.c:248) NWIFI: BindAdapterEx '\Device\{B1D2C3E4-5F6A-4B8C-9D0E-02524F535731}'
[   64.500636] (\drivers\network\nwifi\protocol.c:253) NWIFI: skipping non-dot11 medium 0
[   64.508530] (\drivers\network\nwifi\protocol.c:383) NWIFI: bound interface 0 MAC b8:27:eb:74:f2:6c
[   64.656683] (\base\services\umpnpmgr\rpcserver.c:3673) PNP_SetDeviceProblem(000000004012B220 SDIO\VEN_02D0&DEV_4345&FUNC_2\00000000_00000000_02D0_4345_FUNC_2 28 0x00000001)
[   64.669227] (\base\services\umpnpmgr\rpcserver.c:277) SetDeviceStatus(SDIO\VEN_02D0&DEV_4345&FUNC_2\00000000_00000000_02D0_4345_FUNC_2 0x400 0x1c)
[   64.682315] (\ntoskrnl\io\pnpmgr\plugplay.c:983) Set status data is NOT SUPPORTED
[   64.828235] (\base\services\umpnpmgr\rpcserver.c:3673) PNP_SetDeviceProblem(000000004012B220 SDIO\VEN_02D0&DEV_4345&FUNC_3\00000000_00000000_02D0_4345_FUNC_3 28 0x00000001)
[   64.840777] (\base\services\umpnpmgr\rpcserver.c:277) SetDeviceStatus(SDIO\VEN_02D0&DEV_4345&FUNC_3\00000000_00000000_02D0_4345_FUNC_3 0x400 0x1c)
[   64.853860] (\ntoskrnl\io\pnpmgr\plugplay.c:983) Set status data is NOT SUPPORTED
[   65.147542] (\ntoskrnl\io\pnpmgr\devaction.c:2657) NOTE: attempt to start an already started/uninitialized device USB\ROOT_HUB\3&cc8c31f5
[   65.294252] (\ntoskrnl\io\pnpmgr\devaction.c:2657) NOTE: attempt to start an already started/uninitialized device USB\ROOT_HUB\3&d59700b4
[   65.403137] RPI5VC4: present #3136 moves=0 dirty=1 flip=3 idx=1 scan=449c4000
[   65.440292] (\ntoskrnl\io\pnpmgr\devaction.c:2657) NOTE: attempt to start an already started/uninitialized device USB\Vid_0781&Pid_5581\0901da96cc5f2a6e98145c166ee0bf8579199debc6f1126c17dcbe55724e3388e11a00000000000000000000897c8cadff082920815581076e327e7a
[   65.596585] (\ntoskrnl\io\pnpmgr\devaction.c:2657) NOTE: attempt to start an already started/uninitialized device USB\Vid_0781&Pid_5591\01016e01ffd6f47ad7a9a904dc54438de8ee4ed362c463e23b37a4d9b83f12b6b3e3000000000000000000004ca60268000d5400915581077b32dc12
[   65.753808] (\ntoskrnl\io\pnpmgr\devaction.c:2657) NOTE: attempt to start an already started/uninitialized device USB\Vid_413c&Pid_301a\4&83bb0d7e&2
[   65.917677] (\dll\win32\storprop\disk.c:63) DiskClassInstaller(23 00000000401335F0 0000000040136780)
[   65.924154] (\dll\win32\storprop\disk.c:63) DiskClassInstaller(24 00000000401335F0 0000000040136780)
[   65.933202] (\dll\win32\storprop\disk.c:63) DiskClassInstaller(28 00000000401335F0 0000000040136780)
[   65.942303] (\dll\win32\storprop\disk.c:63) DiskClassInstaller(29 00000000401335F0 0000000040136780)
[   65.951415] (\dll\win32\storprop\disk.c:63) DiskClassInstaller(21 00000000401335F0 0000000040136780)
[   65.960942] (\dll\win32\storprop\disk.c:63) DiskClassInstaller(34 00000000401335F0 0000000040136780)
[   65.970057] (\dll\win32\storprop\disk.c:63) DiskClassInstaller(32 00000000401335F0 0000000040136780)
[   65.979554] (\dll\win32\storprop\disk.c:63) DiskClassInstaller(2 00000000401335F0 0000000040136780)
[   65.992342] (\ntoskrnl\io\pnpmgr\devaction.c:2657) NOTE: attempt to start an already started/uninitialized device USBSTOR\Disk&Ven__USB____&Prod__SanDisk_3.2Gen1&Rev_1.00\5&955e2bc9&01016e01ffd6f47ad7a9a904dc54438de8ee4ed362c463e23b37a4d9b83f12b6b3e3000000000000000000004ca60268000d5400915581077b32dc12&0
[   66.017122] (\dll\win32\storprop\disk.c:63) DiskClassInstaller(30 00000000401335F0 0000000040136780)
[   66.025470] (\dll\win32\storprop\disk.c:63) DiskClassInstaller(12 00000000401335F0 0000000040136780)
[   66.037878] (\dll\win32\storprop\disk.c:63) DiskClassInstaller(23 00000000401335F0 0000000040136780)
[   66.044286] (\dll\win32\storprop\disk.c:63) DiskClassInstaller(24 00000000401335F0 0000000040136780)
[   66.053379] (\dll\win32\storprop\disk.c:63) DiskClassInstaller(28 00000000401335F0 0000000040136780)
[   66.062485] (\dll\win32\storprop\disk.c:63) DiskClassInstaller(29 00000000401335F0 0000000040136780)
[   66.071596] (\dll\win32\storprop\disk.c:63) DiskClassInstaller(21 00000000401335F0 0000000040136780)
[   66.081106] (\dll\win32\storprop\disk.c:63) DiskClassInstaller(34 00000000401335F0 0000000040136780)
[   66.090208] (\dll\win32\storprop\disk.c:63) DiskClassInstaller(32 00000000401335F0 0000000040136780)
[   66.099638] (\dll\win32\storprop\disk.c:63) DiskClassInstaller(2 00000000401335F0 0000000040136780)
[   66.111516] (\ntoskrnl\io\pnpmgr\devaction.c:2657) NOTE: attempt to start an already started/uninitialized device USBSTOR\Disk&Ven__USB____&Prod__SanDisk_3.2Gen1&Rev_1.00\5&bb7f1351&0901da96cc5f2a6e98145c166ee0bf8579199debc6f1126c17dcbe55724e3388e11a00000000000000000000897c8cadff082920815581076e327e7a&0
[   66.136291] (\dll\win32\storprop\disk.c:63) DiskClassInstaller(30 00000000401335F0 0000000040136780)
[   66.144648] (\dll\win32\storprop\disk.c:63) DiskClassInstaller(12 00000000401335F0 0000000040136780)
[   66.176503] (\win32ss\user\ntuser\desktop.c:1370) err: ptiLastInput is CLEARED!!
[   66.248361] (\ntoskrnl\mm\ARM3\sysldr.c:170) Loading: \SystemRoot\System32\drivers\tcpip.sys at FFFFE458F3600000 with 40 pages
[   66.279169] NDIS6: Restart → driver
[   66.279947] NDIS6: RestartHandler returned 0x00000000
[   66.285221] NDIS6: Restart → driver
[   66.288626] NDIS6: RestartHandler returned 0x00000000
[   66.315803] (\base\services\dhcpcsvc\dhcp\api.c:58) RpcServerListen() failed (Status 6b1)
[   66.332561] fixme:(\dll\win32\rpcrt4\rpc_server.c:1736) (0x1000): stub
[   67.272801] fixme:(\dll\win32\wintrust\register.c:1227) stub
[   67.290013] (\win32ss\user\winsrv\usersrv\init.c:152) GetThreadConsoleDesktop(448) failed with Status 0xc0000008
[   67.408899] NDIS6: LINK_STATE adapter=FFFFF6476E2FB1C0 connect=1 rx=1000000000 tx=1000000000
[   69.011384] Could not load wine-gecko. HTML rendering will be disabled.
[   69.015174] fixme:(\dll\win32\mshtml\main.c:363) stub 1 (null): returning S_OK
[   69.359822] (\base\services\dhcpcsvc\dhcp\adapter.c:170) There is no active configuration!
[   69.365214] DHCPCSVC: Adapter Name: [{26c6fec0-baf4-4850-920c-ee0294a3d33c}] (dynamic)
[   69.376274] TCPIP-UDP: UDPReceive #1 dst=0x67dfa8c0:68 src=0x01dfa8c0:67 len=300
[   69.380788] TCPIP-UDP: matched AddrFile=FFFFF6476F6D0DF0 — delivering
[   69.387385] AFD-RX: PacketSocketRecvComplete #1 FCB=FFFFF6476F6CFCA0 Status=0x00000000 Info=300
[   69.518751] fixme:(\dll\win32\olepro32\olepro32stubs.c:47) stub
[   69.534264] fixme:(\dll\win32\pstorec\pstorec.c:377) 
[   69.710633] fixme:(\dll\win32\shdocvw\shdocvw_main.c:222) (TRUE, (null)): stub!
[   70.407615] TCPIP-UDP: UDPReceive #2 dst=0x67dfa8c0:68 src=0x01dfa8c0:67 len=300
[   70.412130] TCPIP-UDP: matched AddrFile=FFFFF6476F6D0DF0 — delivering
[   70.418727] AFD-RX: PacketSocketRecvComplete #2 FCB=FFFFF6476F6CFCA0 Status=0x00000000 Info=300
[   70.580951] fixme:(\dll\win32\shell32\shell32.cpp:512) TRUE (null): stub
[   70.824627] fixme:(\dll\win32\urlmon\urlmon_main.c:243) (TRUE, (null)): stub
[   70.866375] (\base\services\w32time\register.c:54) RegisterService()
[   70.993774] fixme:(\dll\win32\wininet\internet.c:350) (1 (null)): stub
[   71.152667] (\dll\ntdll\rtl\libsupp.c:1173) ApiSetResolveToHost redirected api-ms-win-core-synch-l1-2-0 to C:\ReactOS\System32\kernel32.dll
[   71.162548] (\dll\ntdll\rtl\libsupp.c:1173) ApiSetResolveToHost redirected api-ms-win-core-localization-l1-2-1 to C:\ReactOS\System32\kernel32.dll
[   71.376510] (\win32ss\user\ntuser\msgqueue.c:2248) err: Thread Cleanup Post Messages FFFFED227689A330
[   71.434561] RPI5VC4: present #3200 moves=0 dirty=1 flip=3 idx=1 scan=449c4000
[   71.439409] RPI5VC4: present #3264 moves=0 dirty=1 flip=3 idx=1 scan=449c4000
[   71.471125] RPI5VC4: present #3328 moves=0 dirty=1 flip=3 idx=2 scan=451ad000
[   71.475948] RPI5VC4: present #3392 moves=0 dirty=1 flip=3 idx=2 scan=451ad000
[   71.498098] RPI5VC4: present #3456 moves=0 dirty=1 flip=3 idx=0 scan=441db000
[   71.502920] RPI5VC4: present #3520 moves=0 dirty=1 flip=3 idx=0 scan=441db000
[   71.537976] RPI5VC4: present #3584 moves=0 dirty=1 flip=3 idx=1 scan=449c4000
[   71.545441] RPI5VC4: present #3648 moves=0 dirty=1 flip=3 idx=2 scan=451ad000
[   71.571441] RPI5VC4: present #3712 moves=0 dirty=1 flip=3 idx=0 scan=441db000
[   71.576229] RPI5VC4: present #3776 moves=0 dirty=1 flip=3 idx=0 scan=441db000
[   71.598672] RPI5VC4: present #3840 moves=0 dirty=1 flip=3 idx=1 scan=449c4000
[   71.603494] RPI5VC4: present #3904 moves=0 dirty=1 flip=3 idx=1 scan=449c4000
[   71.625993] RPI5VC4: present #3968 moves=0 dirty=1 flip=3 idx=2 scan=451ad000
[   71.630809] RPI5VC4: present #4032 moves=0 dirty=1 flip=3 idx=2 scan=451ad000
[   71.652918] RPI5VC4: present #4096 moves=0 dirty=1 flip=3 idx=0 scan=441db000
[   71.657717] RPI5VC4: present #4160 moves=0 dirty=1 flip=3 idx=0 scan=441db000
[   71.680015] RPI5VC4: present #4224 moves=0 dirty=1 flip=3 idx=1 scan=449c4000
[   71.684818] RPI5VC4: present #4288 moves=0 dirty=1 flip=3 idx=1 scan=449c4000
[   71.721319] RPI5VC4: present #4352 moves=0 dirty=1 flip=3 idx=2 scan=451ad000
[   71.726111] RPI5VC4: present #4416 moves=0 dirty=1 flip=3 idx=2 scan=451ad000
[   71.748220] RPI5VC4: present #4480 moves=0 dirty=1 flip=3 idx=0 scan=441db000
[   71.767671] RPI5VC4: present #4544 moves=0 dirty=1 flip=3 idx=1 scan=449c4000
[   71.772472] RPI5VC4: present #4608 moves=0 dirty=1 flip=3 idx=1 scan=449c4000
[   71.794224] RPI5VC4: present #4672 moves=0 dirty=1 flip=3 idx=2 scan=451ad000
[   71.801718] RPI5VC4: present #4736 moves=0 dirty=1 flip=3 idx=0 scan=441db000
[   71.821268] RPI5VC4: present #4800 moves=0 dirty=1 flip=3 idx=1 scan=449c4000
[   71.826083] RPI5VC4: present #4864 moves=0 dirty=1 flip=3 idx=1 scan=449c4000
[   71.848080] RPI5VC4: present #4928 moves=0 dirty=1 flip=3 idx=2 scan=451ad000
[   71.852883] RPI5VC4: present #4992 moves=0 dirty=1 flip=3 idx=2 scan=451ad000
[   71.874892] RPI5VC4: present #5056 moves=0 dirty=1 flip=3 idx=0 scan=441db000
[   71.879702] RPI5VC4: present #5120 moves=0 dirty=1 flip=3 idx=0 scan=441db000
[   71.901775] RPI5VC4: present #5184 moves=0 dirty=1 flip=3 idx=1 scan=449c4000
[   71.906593] RPI5VC4: present #5248 moves=0 dirty=1 flip=3 idx=1 scan=449c4000
[   71.928485] RPI5VC4: present #5312 moves=0 dirty=1 flip=3 idx=2 scan=451ad000
[   71.933313] RPI5VC4: present #5376 moves=0 dirty=1 flip=3 idx=2 scan=451ad000
[   71.955458] RPI5VC4: present #5440 moves=0 dirty=1 flip=3 idx=0 scan=441db000
[   71.960279] RPI5VC4: present #5504 moves=0 dirty=1 flip=3 idx=0 scan=441db000
[   71.982178] RPI5VC4: present #5568 moves=0 dirty=1 flip=3 idx=1 scan=449c4000
[   71.986964] RPI5VC4: present #5632 moves=0 dirty=1 flip=3 idx=1 scan=449c4000
[   72.011769] RPI5VC4: present #5696 moves=0 dirty=1 flip=3 idx=0 scan=441db000
[   72.016550] RPI5VC4: present #5760 moves=0 dirty=1 flip=3 idx=0 scan=441db000
[   72.038642] RPI5VC4: present #5824 moves=0 dirty=1 flip=3 idx=1 scan=449c4000
[   72.043427] RPI5VC4: present #5888 moves=0 dirty=1 flip=3 idx=1 scan=449c4000
[   72.065298] RPI5VC4: present #5952 moves=0 dirty=1 flip=3 idx=2 scan=451ad000
[   72.070082] RPI5VC4: present #6016 moves=0 dirty=1 flip=3 idx=2 scan=451ad000
[   72.104228] RPI5VC4: present #6080 moves=0 dirty=1 flip=3 idx=0 scan=441db000
[   72.109016] RPI5VC4: present #6144 moves=0 dirty=1 flip=3 idx=0 scan=441db000
[   72.130828] RPI5VC4: present #6208 moves=0 dirty=1 flip=3 idx=1 scan=449c4000
[   72.135617] RPI5VC4: present #6272 moves=0 dirty=1 flip=3 idx=1 scan=449c4000
[   72.157461] RPI5VC4: present #6336 moves=0 dirty=1 flip=3 idx=2 scan=451ad000
[   72.162258] RPI5VC4: present #6400 moves=0 dirty=1 flip=3 idx=2 scan=451ad000
[   72.184033] RPI5VC4: present #6464 moves=0 dirty=1 flip=3 idx=0 scan=441db000
[   72.203452] RPI5VC4: present #6528 moves=0 dirty=1 flip=3 idx=1 scan=449c4000
[   72.208259] RPI5VC4: present #6592 moves=0 dirty=1 flip=3 idx=1 scan=449c4000
[   72.230046] RPI5VC4: present #6656 moves=0 dirty=1 flip=3 idx=2 scan=451ad000
[   72.234845] RPI5VC4: present #6720 moves=0 dirty=1 flip=3 idx=2 scan=451ad000
[   72.256605] RPI5VC4: present #6784 moves=0 dirty=1 flip=3 idx=0 scan=441db000
[   72.261411] RPI5VC4: present #6848 moves=0 dirty=1 flip=3 idx=0 scan=441db000
[   72.283288] RPI5VC4: present #6912 moves=0 dirty=1 flip=3 idx=1 scan=449c4000
[   72.288093] RPI5VC4: present #6976 moves=0 dirty=1 flip=3 idx=1 scan=449c4000
[   72.310192] RPI5VC4: present #7040 moves=0 dirty=1 flip=3 idx=2 scan=451ad000
[   72.314990] RPI5VC4: present #7104 moves=0 dirty=1 flip=3 idx=2 scan=451ad000
[   72.335551] (\dll\ntdll\ldr\ldrinit.c:2244) WARN: Accepting different LOAD_CONFIG size!
[   72.432003] fixme:(\dll\win32\shdocvw\winlist.cpp:81) ()
[   72.466079] fixme:(\dll\win32\comctl32\toolbar.c:403) [00000000000200B2] TBSTYLE_REGISTERDROP not implemented
[   72.549910] WARNING:  NtNotifyChangeMultipleKeys at \ntoskrnl\config\ntapi.c:1470 is UNIMPLEMENTED!
[   72.549997] (\win32ss\user\ntuser\desktop.c:1551) err: UMWP calling IDWP
[   72.556081] err:(\dll\win32\mmdevapi\devenum.c:1309) RegNotifyChangeKeyValue failed: 1
[   72.562755] (\win32ss\user\ntuser\desktop.c:1551) err: UMWP calling IDWP
[   72.706137] fixme:(\dll\win32\shell32\shlexec.cpp:2350) flags ignored: 0x00000100
[   72.755571] fixme:(\dll\win32\setupapi\install.c:1494) default path of the installation not changed
[   72.859066] err:(\dll\win32\setupapi\queue.c:1215) Unsupported style(s) 0x104
[   72.980635] fixme:(\dll\win32\advpack\reg.c:197) SYS_MOD_PATH needs more work
[